I/DisplayManagerService(  549): Display device changed: DisplayDeviceInfo{"Built-in Screen": uniqueId="local:0", 768 x 1280, 60.0 fps, supportedRefreshRates [60.0], density 320, 319.79 x 318.745 dpi, appVsyncOff 0, presDeadline 17666667, touch INTERNAL, rotation 0, type BUILT_IN, state ON, FLAG_DEFAULT_DISPLAY, FLAG_ROTATES_WITH_CONTENT, FLAG_SECURE, FLAG_SUPPORTS_PROTECTED_BUFFERS}
E/ANDR-PERF-LOCK(  200): Failed to reset optimization for resource: 4 level: 0
V/KeyguardServiceDelegate(  549): onScreenTurnedOn(showListener = com.android.internal.policy.impl.PhoneWindowManager$2@1af5a7bc)
V/ActivityManager(  549): Display changed displayId=0
V/ActivityManager(  549): Display changed displayId=0
V/KeyguardServiceDelegate(  549): **** SHOWN CALLED ****
D/audio_hw_primary(  193): adev_set_parameters: enter: screen_state=on
E/WifiStateMachine(  549): cancelDelayedScan -> 191
E/native  (  549): do suspend false
I/DisplayPowerController(  549): Unblocked screen on after 149 ms
I/TWILIGHT( 3299): [14:17:42.278, main]: Sunrise / Sunset = Tue Mar 14 05:52:00 GMT+00:00 2017 / Tue Mar 14 18:45:00 GMT+00:00 2017
I/TWILIGHT( 3299): [14:17:42.279, main]: has smart light true  false
I/TWILIGHT( 3299): [14:17:42.279, main]: Finally Update current 0 1478
E/WifiStateMachine(  549): WifiStateMachine CMD_START_SCAN source -2 txSuccessRate=1.50 rxSuccessRate=1.50 targetRoamBSSID=any RSSI=-28
I/Finsky  (21617): [1682] com.google.android.finsky.f.f.run(2157): Replicating app states via AMAS.
I/ActivityManager(  549): Start proc 24770:com.google.android.apps.fitness/u0a75 for broadcast com.google.android.apps.fitness/.api.services.ActivityDetectionAlarmReceiver
I/FitnessApp(24770): Initializers took 1 milliseconds
I/FitnessApp(24770): ActivityDetectionAlarmReceiver
I/FitnessApp(24770): ActivitySummaryAlarmReceiver
I/ActivityManager(  549): Start proc 24790:com.google.process.gapps/u0a23 for content provider com.google.android.gsf/.gservices.GservicesProvider
I/Finsky  (21617): [1682] com.google.android.finsky.f.d.a(319): Completed 0 account content syncs with 0 successful.
I/Finsky  (21617): [1] com.google.android.finsky.services.j.a(149): Installation state replication succeeded.
I/GservicesProvider(24790): Gservices pushing to system: true; secure/global: true
I/GoogleHttpClient(24790): GMS http client unavailable, use old client
I/GoogleHttpClient(24790): GMS http client unavailable, use old client
I/ActivityManager(  549): Killing 24369:com.yirgalab.dzzz/u0a273 (adj 15): empty #17
D/android.widget.GridLayout( 1014): horizontal constraints: x1-x0>=350, x2-x1>=390, x2-x0<=736 are inconsistent; permanently removing: x2-x0<=736. 
I/FitnessApp(24770): Querying Data ActivitySummaryQuery via com.google.android.libraries.gcoreclient.common.api.impl.GcoreGoogleApiClientImpl@36ff9129
I/ActivityManager(  549): START u0 {act=android.intent.action.MAIN cat=[android.intent.category.LAUNCHER] flg=0x10200000 cmp=com.mnotes/.MainActivity (has extras)} from uid 10035 on display 0
V/WindowManager(  549): addAppToken: AppWindowToken{30ab06d9 token=Token{200b8d20 ActivityRecord{37b2b423 u0 com.mnotes/.MainActivity t61}}} to stack=1 task=61 at 0
V/WindowManager(  549): Adding window Window{3329e038 u0 Starting com.mnotes} at 3 of 8 (after Window{124bd02d u0 com.android.launcher/com.android.launcher2.Launcher})
I/art     (24830): Late-enabling -Xcheck:jni
I/ActivityManager(  549): Start proc 24830:com.mnotes/u0a290 for activity com.mnotes/.MainActivity
V/ActivityManager(  549): Display changed displayId=0
W/Fitness ( 1247): Data point out of order: NanoProtoDataPoint{DataPoint{1.72@[1434999896841000000, 1434999896841000000,raw=0,insert=0](d:height:gms:merge_height_local r:height:com.google.android.apps.fitness:user_input)}}
V/fb-UnpackingSoSource(24830): locked dso store /data/data/com.mnotes/lib-main
V/fb-UnpackingSoSource(24830): deps mismatch on deps store: regenerating
V/fb-UnpackingSoSource(24830): so store dirty: regenerating
E/WifiStateMachine(  549): WifiStateMachine CMD_START_SCAN source -2 txSuccessRate=9.69 rxSuccessRate=9.44 targetRoamBSSID=any RSSI=-29
E/WifiStateMachine(  549): WifiStateMachine L2Connected CMD_START_SCAN source -2 189, 193 -> obsolete
D/ApkSoSource(24830): not allowing consideration of lib/armeabi-v7a/libfb.so: deferring to libdir
D/ApkSoSource(24830): not allowing consideration of lib/armeabi-v7a/libfolly_json.so: deferring to libdir
D/ApkSoSource(24830): not allowing consideration of lib/armeabi-v7a/libglog.so: deferring to libdir
D/ApkSoSource(24830): not allowing consideration of lib/armeabi-v7a/libglog_init.so: deferring to libdir
D/ApkSoSource(24830): not allowing consideration of lib/armeabi-v7a/libgnustl_shared.so: deferring to libdir
D/ApkSoSource(24830): not allowing consideration of lib/armeabi-v7a/libicu_common.so: deferring to libdir
D/ApkSoSource(24830): not allowing consideration of lib/armeabi-v7a/libimagepipeline.so: deferring to libdir
D/ApkSoSource(24830): not allowing consideration of lib/armeabi-v7a/libjsc.so: deferring to libdir
D/ApkSoSource(24830): not allowing consideration of lib/armeabi-v7a/libreactnativejni.so: deferring to libdir
D/ApkSoSource(24830): not allowing consideration of lib/armeabi-v7a/libreactnativejnifb.so: deferring to libdir
D/ApkSoSource(24830): not allowing consideration of lib/armeabi-v7a/libyoga.so: deferring to libdir
V/fb-UnpackingSoSource(24830): regenerating DSO store com.facebook.soloader.ApkSoSource
V/fb-UnpackingSoSource(24830): starting syncer worker
V/fb-UnpackingSoSource(24830): releasing dso store lock for /data/data/com.mnotes/lib-main (from syncer thread)
V/fb-UnpackingSoSource(24830): not releasing dso store lock for /data/data/com.mnotes/lib-main (syncer thread started)
D/ReactNative(24830): [CodePush] Loading JS bundle from "assets://index.android.bundle"
W/Fitness ( 1247): Data point out of order: NanoProtoDataPoint{DataPoint{1.72@[1434999896841000000, 1434999896841000000,raw=0,insert=0](d:height:gms:merge_height_local r:height:com.google.android.apps.fitness:user_input)}}
W/Fitness ( 1247): Data point out of order: NanoProtoDataPoint{DataPoint{84.5@[1448739660000000000, 1448739660000000000,raw=0,insert=0](d:weight:gms:merge_weight_local r:weight:com.google.android.apps.fitness:user_input)}}
W/Fitness ( 1247): Data point out of order: NanoProtoDataPoint{DataPoint{1.72@[1434999896841000000, 1434999896841000000,raw=0,insert=0](d:height:gms:merge_height_local r:height:com.google.android.apps.fitness:user_input)}}
W/Fitness ( 1247): Data point out of order: NanoProtoDataPoint{DataPoint{84.5@[1448739660000000000, 1448739660000000000,raw=0,insert=0](d:weight:gms:merge_weight_local r:weight:com.google.android.apps.fitness:user_input)}}
W/Fitness ( 1247): Data point out of order: NanoProtoDataPoint{DataPoint{84.5@[1448739660000000000, 1448739660000000000,raw=0,insert=0](d:weight:gms:merge_weight_local r:weight:com.google.android.apps.fitness:user_input)}}
W/Fitness ( 1247): Data point out of order: NanoProtoDataPoint{DataPoint{1.72@[1434999896841000000, 1434999896841000000,raw=0,insert=0](d:height:gms:merge_height_local r:height:com.google.android.apps.fitness:user_input)}}
W/unknown:React(24830): You seem to be running on device. Run 'adb reverse tcp:8081 tcp:8081' to forward the debug server's port to the device.
W/unknown:React(24830): You seem to be running on device. Run 'adb reverse tcp:8081 tcp:8081' to forward the debug server's port to the device.
W/unknown:React(24830): You seem to be running on device. Run 'adb reverse tcp:8081 tcp:8081' to forward the debug server's port to the device.
W/unknown:React(24830): Packager connection already open, nooping.
W/unknown:React(24830): Inspector connection already open, nooping.
W/Fitness ( 1247): Data point out of order: NanoProtoDataPoint{DataPoint{1.72@[1434999896841000000, 1434999896841000000,raw=0,insert=0](d:height:gms:merge_height_local r:height:com.google.android.apps.fitness:user_input)}}
W/Fitness ( 1247): Data point out of order: NanoProtoDataPoint{DataPoint{84.5@[1448739660000000000, 1448739660000000000,raw=0,insert=0](d:weight:gms:merge_weight_local r:weight:com.google.android.apps.fitness:user_input)}}
W/Fitness ( 1247): Data point out of order: NanoProtoDataPoint{DataPoint{84.5@[1448739660000000000, 1448739660000000000,raw=0,insert=0](d:weight:gms:merge_weight_local r:weight:com.google.android.apps.fitness:user_input)}}
D/OpenGLRenderer(24830): Use EGL_SWAP_BEHAVIOR_PRESERVED: true
W/Fitness ( 1247): Data point out of order: NanoProtoDataPoint{DataPoint{1.72@[1434999896841000000, 1434999896841000000,raw=0,insert=0](d:height:gms:merge_height_local r:height:com.google.android.apps.fitness:user_input)}}
D/Atlas   (24830): Validating map...
V/WindowManager(  549): Adding window Window{382c7e50 u0 com.mnotes/com.mnotes.MainActivity} at 3 of 9 (before Window{3329e038 u0 Starting com.mnotes})
I/Adreno-EGL(24830): <qeglDrvAPI_eglInitialize:379>: QUALCOMM Build: 01/15/15, ab0075f, Id3510ff6dc
I/OpenGLRenderer(24830): Initialized EGL, version 1.4
D/OpenGLRenderer(24830): Enabling debug mode 0
I/FitnessApp(24770): Added 338 steps with other activity type to walking. Bucket{startTime=1489449600000, endTime=1489500930253, activity=3, dataSets=[DataSet{d:step_count.delta:gms:aggregated [RawDataPoint{[338]@[1489462079257361000, 1489499214859239801](0,1)}]}, DataSet{d:activity.summary:gms:aggregated [RawDataPoint{[3, 47889464, 4]@[1489449600000000000, 1489500930253000000](2,3)}]}, DataSet{d:calories.expended:gms:aggregated [RawDataPoint{[905.6873]@[1489449600000000000, 1489500930253000000](4,5)}]}, DataSet{d:distance.delta:gms:aggregated []}], bucketType=type, serverHasMoreData=true}
W/unknown:React(24830): You seem to be running on device. Run 'adb reverse tcp:8081 tcp:8081' to forward the debug server's port to the device.
I/Keyboard.Facilitator(  890): onFinishInput()
I/FitnessApp(24770): ActivitySummaryQuery generated summary ActivitySummary {STILL= [CALORIES_EXPENDED=973.29486], WALKING= [STEP_COUNT=338], otherData= [[STEP_COUNT=338]]}
I/FitnessApp(24770): Processing Results ActivitySummaryQuery: 590ms
I/FitAppActSumService(24770): Clearing goal notification
I/ActivityManager(  549): Displayed com.mnotes/.MainActivity: +514ms (total +1m10s362ms)
I/art     (24830): Thread[1,tid=24830,WaitingForJniOnLoad,Thread*=0xb8d54408,peer=0x744f0000,"main"] recursive attempt to load library "/data/app/com.mnotes-1/lib/arm/libfb.so"
W/unknown:React(24830): You seem to be running on device. Run 'adb reverse tcp:8081 tcp:8081' to forward the debug server's port to the device.
W/InputMethodManagerService(  549): Window already focused, ignoring focus gain of: com.android.internal.view.IInputMethodClient$Stub$Proxy@7cb7026 attribute=null, token = android.os.BinderProxy@25c8ec13
I/FitnessApp(24770): Backfill scan starting from REMOTE session from 2 days ago
W/unknown:ViewManagerPropertyUpdater(24830): Could not find generated setter for class com.facebook.react.views.art.ARTGroupViewManager
W/unknown:ViewManagerPropertyUpdater(24830): Could not find generated setter for class com.facebook.react.views.art.ARTGroupShadowNode
W/unknown:ViewManagerPropertyUpdater(24830): Could not find generated setter for class com.facebook.react.views.art.ARTShapeViewManager
W/unknown:ViewManagerPropertyUpdater(24830): Could not find generated setter for class com.facebook.react.views.art.ARTShapeShadowNode
W/unknown:ViewManagerPropertyUpdater(24830): Could not find generated setter for class com.facebook.react.views.art.ARTTextViewManager
W/unknown:ViewManagerPropertyUpdater(24830): Could not find generated setter for class com.facebook.react.views.art.ARTTextShadowNode
W/unknown:ViewManagerPropertyUpdater(24830): Could not find generated setter for class com.facebook.react.views.art.ARTSurfaceViewManager
W/unknown:ViewManagerPropertyUpdater(24830): Could not find generated setter for class com.facebook.react.views.art.ARTSurfaceViewShadowNode
W/unknown:ViewManagerPropertyUpdater(24830): Could not find generated setter for class com.facebook.react.views.picker.ReactDialogPickerManager
I/FitnessApp(24770): Adjusting range in SessionGeneratorQuery -- found future time. FullDayPeriodRange[Tue Mar 14 00:00:00 GMT+00:00 2017-Tue Mar 14 23:59:59 GMT+00:00 2017]
I/FitnessApp(24770): Querying Data SessionGeneratorQueryWriter via com.google.android.libraries.gcoreclient.common.api.impl.GcoreGoogleApiClientImpl@36ff9129
W/unknown:ViewManagerPropertyUpdater(24830): Could not find generated setter for class com.facebook.react.uimanager.LayoutShadowNode
W/unknown:ViewManagerPropertyUpdater(24830): Could not find generated setter for class com.facebook.react.views.drawer.ReactDrawerLayoutManager
W/unknown:ViewManagerPropertyUpdater(24830): Could not find generated setter for class com.facebook.react.views.picker.ReactDropdownPickerManager
W/unknown:ViewManagerPropertyUpdater(24830): Could not find generated setter for class com.facebook.react.views.scroll.ReactHorizontalScrollViewManager
W/unknown:ViewManagerPropertyUpdater(24830): Could not find generated setter for class com.facebook.react.views.image.ReactImageManager
W/unknown:ViewManagerPropertyUpdater(24830): Could not find generated setter for class com.facebook.react.views.modal.ReactModalHostManager
W/unknown:ViewManagerPropertyUpdater(24830): Could not find generated setter for class com.facebook.react.views.modal.ModalHostShadowNode
W/unknown:ViewManagerPropertyUpdater(24830): Could not find generated setter for class com.facebook.react.views.progressbar.ReactProgressBarViewManager
W/unknown:ViewManagerPropertyUpdater(24830): Could not find generated setter for class com.facebook.react.views.progressbar.ProgressBarShadowNode
W/unknown:ViewManagerPropertyUpdater(24830): Could not find generated setter for class com.facebook.react.views.text.ReactRawTextManager
W/unknown:ViewManagerPropertyUpdater(24830): Could not find generated setter for class com.facebook.react.views.text.ReactTextShadowNode
W/unknown:ViewManagerPropertyUpdater(24830): Could not find generated setter for class com.facebook.react.views.scroll.ReactScrollViewManager
W/unknown:ViewManagerPropertyUpdater(24830): Could not find generated setter for class com.facebook.react.views.slider.ReactSliderManager
W/unknown:ViewManagerPropertyUpdater(24830): Could not find generated setter for class com.facebook.react.views.slider.ReactSliderManager$ReactSliderShadowNode
W/unknown:ViewManagerPropertyUpdater(24830): Could not find generated setter for class com.facebook.react.views.switchview.ReactSwitchManager
W/unknown:ViewManagerPropertyUpdater(24830): Could not find generated setter for class com.facebook.react.views.switchview.ReactSwitchManager$ReactSwitchShadowNode
W/unknown:ViewManagerPropertyUpdater(24830): Could not find generated setter for class com.facebook.react.views.text.frescosupport.FrescoBasedReactTextInlineImageViewManager
W/unknown:ViewManagerPropertyUpdater(24830): Could not find generated setter for class com.facebook.react.views.text.frescosupport.FrescoBasedReactTextInlineImageShadowNode
W/unknown:ViewManagerPropertyUpdater(24830): Could not find generated setter for class com.facebook.react.views.textinput.ReactTextInputManager
W/unknown:ViewManagerPropertyUpdater(24830): Could not find generated setter for class com.facebook.react.views.textinput.ReactTextInputShadowNode
W/unknown:ViewManagerPropertyUpdater(24830): Could not find generated setter for class com.facebook.react.views.text.ReactTextViewManager
W/unknown:ViewManagerPropertyUpdater(24830): Could not find generated setter for class com.facebook.react.views.toolbar.ReactToolbarManager
W/unknown:ViewManagerPropertyUpdater(24830): Could not find generated setter for class com.facebook.react.views.view.ReactViewManager
W/unknown:ViewManagerPropertyUpdater(24830): Could not find generated setter for class com.facebook.react.views.viewpager.ReactViewPagerManager
W/unknown:ViewManagerPropertyUpdater(24830): Could not find generated setter for class com.facebook.react.views.text.ReactVirtualTextViewManager
W/unknown:ViewManagerPropertyUpdater(24830): Could not find generated setter for class com.facebook.react.views.webview.ReactWebViewManager
W/unknown:ViewManagerPropertyUpdater(24830): Could not find generated setter for class com.facebook.react.views.swiperefresh.SwipeRefreshLayoutManager
W/Fitness ( 1247): Data point out of order: NanoProtoDataPoint{DataPoint{1.72@[1434999896841000000, 1434999896841000000,raw=0,insert=0](d:height:gms:merge_height_local r:height:com.google.android.apps.fitness:user_input)}}
W/unknown:React(24830): Packager connection already open, nooping.
W/unknown:React(24830): Inspector connection already open, nooping.
W/Fitness ( 1247): Data point out of order: NanoProtoDataPoint{DataPoint{1.72@[1434999896841000000, 1434999896841000000,raw=0,insert=0](d:height:gms:merge_height_local r:height:com.google.android.apps.fitness:user_input)}}
W/Fitness ( 1247): Data point out of order: NanoProtoDataPoint{DataPoint{84.5@[1448739660000000000, 1448739660000000000,raw=0,insert=0](d:weight:gms:merge_weight_local r:weight:com.google.android.apps.fitness:user_input)}}
W/Fitness ( 1247): Data point out of order: NanoProtoDataPoint{DataPoint{1.72@[1434999896841000000, 1434999896841000000,raw=0,insert=0](d:height:gms:merge_height_local r:height:com.google.android.apps.fitness:user_input)}}
W/Fitness ( 1247): Data point out of order: NanoProtoDataPoint{DataPoint{84.5@[1448739660000000000, 1448739660000000000,raw=0,insert=0](d:weight:gms:merge_weight_local r:weight:com.google.android.apps.fitness:user_input)}}
W/Fitness ( 1247): Data point out of order: NanoProtoDataPoint{DataPoint{84.5@[1448739660000000000, 1448739660000000000,raw=0,insert=0](d:weight:gms:merge_weight_local r:weight:com.google.android.apps.fitness:user_input)}}
W/Fitness ( 1247): Data point out of order: NanoProtoDataPoint{DataPoint{1.72@[1434999896841000000, 1434999896841000000,raw=0,insert=0](d:height:gms:merge_height_local r:height:com.google.android.apps.fitness:user_input)}}
W/Fitness ( 1247): Data point out of order: NanoProtoDataPoint{DataPoint{1.72@[1434999896841000000, 1434999896841000000,raw=0,insert=0](d:height:gms:merge_height_local r:height:com.google.android.apps.fitness:user_input)}}
W/Fitness ( 1247): Data point out of order: NanoProtoDataPoint{DataPoint{84.5@[1448739660000000000, 1448739660000000000,raw=0,insert=0](d:weight:gms:merge_weight_local r:weight:com.google.android.apps.fitness:user_input)}}
W/Fitness ( 1247): Data point out of order: NanoProtoDataPoint{DataPoint{84.5@[1448739660000000000, 1448739660000000000,raw=0,insert=0](d:weight:gms:merge_weight_local r:weight:com.google.android.apps.fitness:user_input)}}
W/Fitness ( 1247): Data point out of order: NanoProtoDataPoint{DataPoint{1.72@[1434999896841000000, 1434999896841000000,raw=0,insert=0](d:height:gms:merge_height_local r:height:com.google.android.apps.fitness:user_input)}}
I/FitnessApp(24770): Activity Summary for SessionGenerator query: ActivitySummary {otherData= [[]]}
I/FitnessApp(24770): Found 0 3rd party sessions
I/FitnessApp(24770): Local session calculation took 31ms
I/FitnessApp(24770): Starting replacement of sessions in db at 1489501067196
I/FitnessApp(24770): SessionWriter: 1 inserted, 1 deleted, 0 unchanged
I/FitnessApp(24770): Finishing replacement of sessions in db at 1489501067255
I/FitnessApp(24770): Processing Results SessionGeneratorQueryWriter: 654ms
I/ActivityManager(  549): Killing 24390:com.yirgalab.dzzz:services/u0a273 (adj 15): empty #17
I/WebViewFactory(24830): Loading com.google.android.webview version 43.0.2357.121 (code 2357121)
I/LibraryLoader(24830): Time to load native libraries: 1 ms (timestamps 1476-1477)
I/LibraryLoader(24830): Expected native library version number "",actual native library version number ""
W/art     (24830): Attempt to remove local handle scope entry from IRT, ignoring
I/ReactNativeJS(24830): Running application "mnotes" with appParams: {"initialProps":{},"rootTag":1}. __DEV__ === true, development-level warning are ON, performance optimizations are OFF
W/unknown:ViewManagerPropertyUpdater(24830): Could not find generated setter for class com.facebook.react.views.text.ReactVirtualTextShadowNode
I/ReactNativeJS(24830): [CodePush] Checking for update.
I/ReactNativeJS(24830): [CodePush] Reporting binary update (1.0)
W/CursorWrapperInner(24770): Cursor finalized without prior close()
W/CursorWrapperInner(24770): Cursor finalized without prior close()
I/ReactNativeJS(24830): [CodePush] Awaiting user action.
V/WindowManager(  549): not Base app: Adding window Window{a950003 u0 com.mnotes/com.mnotes.MainActivity} at 4 of 9
E/WifiStateMachine(  549): WifiStateMachine CMD_START_SCAN source -2 txSuccessRate=2.68 rxSuccessRate=4.14 targetRoamBSSID=any RSSI=-27
E/WifiStateMachine(  549): WifiStateMachine starting scan for "Kevin-Wireless"WPA_PSK with 2437
W/InputMethodManagerService(  549): Window already focused, ignoring focus gain of: com.android.internal.view.IInputMethodClient$Stub$Proxy@2cc41b80 attribute=null, token = android.os.BinderProxy@25c8ec13
I/ReactNativeJS(24830): [CodePush] User cancelled the update.
W/ResourceType(  715): No package identifier when getting value for resource number 0x00000000
W/PackageManager(  715): Failure retrieving resources for com.mnotes: Resource ID #0x0
I/ActivityManager(  549): START u0 {act=com.android.systemui.recents.SHOW_RECENTS flg=0x10804000 cmp=com.android.systemui/.recents.RecentsActivity} from uid 10142 on display 0
I/Keyboard.Facilitator(  890): onFinishInput()
W/ResourceType(  715): No package identifier when getting value for resource number 0x00000000
W/PackageManager(  715): Failure retrieving resources for com.mnotes: Resource ID #0x0
I/ActivityManager(  549): Killing 24426:org.mozilla.firefox/u0a187 (adj 15): empty #17
I/ActivityManager(  549): Killing 24830:com.mnotes/u0a290 (adj 9): remove task
I/WindowState(  549): WIN DEATH: Window{382c7e50 u0 com.mnotes/com.mnotes.MainActivity}
I/ActivityManager(  549): START u0 {act=android.intent.action.MAIN cat=[android.intent.category.HOME] flg=0x10200000 cmp=com.android.launcher/com.android.launcher2.Launcher} from uid 10142 on display 0
D/TaskPersister(  549): removeObsoleteFile: deleting file=61_task.xml
D/TaskPersister(  549): removeObsoleteFile: deleting file=61_task_thumbnail.png
I/Keyboard.Facilitator(  890): onFinishInput()
W/OpenGLRenderer( 1014): Incorrectly called buildLayer on View: ShortcutAndWidgetContainer, destroying layer...
W/OpenGLRenderer( 1014): Incorrectly called buildLayer on View: ShortcutAndWidgetContainer, destroying layer...
D/android.widget.GridLayout( 1014): horizontal constraints: x1-x0>=350, x2-x1>=390, x2-x0<=736 are inconsistent; permanently removing: x2-x0<=736. 
I/Keyboard.Facilitator(  890): onFinishInput()
I/ActivityManager(  549): START u0 {act=android.intent.action.MAIN cat=[android.intent.category.LAUNCHER] flg=0x10200000 cmp=com.mnotes/.MainActivity (has extras)} from uid 10035 on display 0
V/WindowManager(  549): addAppToken: AppWindowToken{1fa66d2d token=Token{3ade0844 ActivityRecord{38cb5557 u0 com.mnotes/.MainActivity t62}}} to stack=1 task=62 at 0
V/WindowManager(  549): Adding window Window{2ba41bdc u0 Starting com.mnotes} at 3 of 8 (after Window{124bd02d u0 com.android.launcher/com.android.launcher2.Launcher})
I/art     (24988): Late-enabling -Xcheck:jni
I/ActivityManager(  549): Start proc 24988:com.mnotes/u0a290 for activity com.mnotes/.MainActivity
V/fb-UnpackingSoSource(24988): locked dso store /data/data/com.mnotes/lib-main
I/fb-UnpackingSoSource(24988): dso store is up-to-date: /data/data/com.mnotes/lib-main
V/fb-UnpackingSoSource(24988): releasing dso store lock for /data/data/com.mnotes/lib-main
D/ReactNative(24988): [CodePush] Loading JS bundle from "assets://index.android.bundle"
W/unknown:React(24988): You seem to be running on device. Run 'adb reverse tcp:8081 tcp:8081' to forward the debug server's port to the device.
W/unknown:React(24988): You seem to be running on device. Run 'adb reverse tcp:8081 tcp:8081' to forward the debug server's port to the device.
I/art     (24988): Thread[1,tid=24988,WaitingForJniOnLoad,Thread*=0xb8d54408,peer=0x744f0000,"main"] recursive attempt to load library "/data/app/com.mnotes-1/lib/arm/libfb.so"
W/unknown:React(24988): You seem to be running on device. Run 'adb reverse tcp:8081 tcp:8081' to forward the debug server's port to the device.
W/unknown:React(24988): Packager connection already open, nooping.
W/unknown:React(24988): Inspector connection already open, nooping.
D/OpenGLRenderer(24988): Use EGL_SWAP_BEHAVIOR_PRESERVED: true
D/Atlas   (24988): Validating map...
V/WindowManager(  549): Adding window Window{12760a74 u0 com.mnotes/com.mnotes.MainActivity} at 3 of 9 (before Window{2ba41bdc u0 Starting com.mnotes})
W/unknown:ViewManagerPropertyUpdater(24988): Could not find generated setter for class com.facebook.react.views.art.ARTGroupViewManager
W/unknown:ViewManagerPropertyUpdater(24988): Could not find generated setter for class com.facebook.react.views.art.ARTGroupShadowNode
W/unknown:ViewManagerPropertyUpdater(24988): Could not find generated setter for class com.facebook.react.views.art.ARTShapeViewManager
W/unknown:ViewManagerPropertyUpdater(24988): Could not find generated setter for class com.facebook.react.views.art.ARTShapeShadowNode
W/unknown:ViewManagerPropertyUpdater(24988): Could not find generated setter for class com.facebook.react.views.art.ARTTextViewManager
W/unknown:ViewManagerPropertyUpdater(24988): Could not find generated setter for class com.facebook.react.views.art.ARTTextShadowNode
W/unknown:ViewManagerPropertyUpdater(24988): Could not find generated setter for class com.facebook.react.views.art.ARTSurfaceViewManager
I/Adreno-EGL(24988): <qeglDrvAPI_eglInitialize:379>: QUALCOMM Build: 01/15/15, ab0075f, Id3510ff6dc
I/OpenGLRenderer(24988): Initialized EGL, version 1.4
W/unknown:ViewManagerPropertyUpdater(24988): Could not find generated setter for class com.facebook.react.views.art.ARTSurfaceViewShadowNode
D/OpenGLRenderer(24988): Enabling debug mode 0
W/unknown:ViewManagerPropertyUpdater(24988): Could not find generated setter for class com.facebook.react.views.picker.ReactDialogPickerManager
W/unknown:ViewManagerPropertyUpdater(24988): Could not find generated setter for class com.facebook.react.uimanager.LayoutShadowNode
W/unknown:ViewManagerPropertyUpdater(24988): Could not find generated setter for class com.facebook.react.views.drawer.ReactDrawerLayoutManager
W/unknown:ViewManagerPropertyUpdater(24988): Could not find generated setter for class com.facebook.react.views.picker.ReactDropdownPickerManager
W/unknown:ViewManagerPropertyUpdater(24988): Could not find generated setter for class com.facebook.react.views.scroll.ReactHorizontalScrollViewManager
I/Keyboard.Facilitator(  890): onFinishInput()
W/unknown:ViewManagerPropertyUpdater(24988): Could not find generated setter for class com.facebook.react.views.image.ReactImageManager
W/unknown:ViewManagerPropertyUpdater(24988): Could not find generated setter for class com.facebook.react.views.modal.ReactModalHostManager
W/unknown:ViewManagerPropertyUpdater(24988): Could not find generated setter for class com.facebook.react.views.modal.ModalHostShadowNode
W/unknown:ViewManagerPropertyUpdater(24988): Could not find generated setter for class com.facebook.react.views.progressbar.ReactProgressBarViewManager
W/unknown:ViewManagerPropertyUpdater(24988): Could not find generated setter for class com.facebook.react.views.progressbar.ProgressBarShadowNode
W/unknown:ViewManagerPropertyUpdater(24988): Could not find generated setter for class com.facebook.react.views.text.ReactRawTextManager
I/ActivityManager(  549): Displayed com.mnotes/.MainActivity: +553ms
W/unknown:ViewManagerPropertyUpdater(24988): Could not find generated setter for class com.facebook.react.views.text.ReactTextShadowNode
W/unknown:ViewManagerPropertyUpdater(24988): Could not find generated setter for class com.facebook.react.views.scroll.ReactScrollViewManager
W/unknown:ViewManagerPropertyUpdater(24988): Could not find generated setter for class com.facebook.react.views.slider.ReactSliderManager
W/unknown:ViewManagerPropertyUpdater(24988): Could not find generated setter for class com.facebook.react.views.slider.ReactSliderManager$ReactSliderShadowNode
W/unknown:ViewManagerPropertyUpdater(24988): Could not find generated setter for class com.facebook.react.views.switchview.ReactSwitchManager
W/unknown:ViewManagerPropertyUpdater(24988): Could not find generated setter for class com.facebook.react.views.switchview.ReactSwitchManager$ReactSwitchShadowNode
W/unknown:ViewManagerPropertyUpdater(24988): Could not find generated setter for class com.facebook.react.views.text.frescosupport.FrescoBasedReactTextInlineImageViewManager
W/unknown:ViewManagerPropertyUpdater(24988): Could not find generated setter for class com.facebook.react.views.text.frescosupport.FrescoBasedReactTextInlineImageShadowNode
W/unknown:ViewManagerPropertyUpdater(24988): Could not find generated setter for class com.facebook.react.views.textinput.ReactTextInputManager
W/unknown:ViewManagerPropertyUpdater(24988): Could not find generated setter for class com.facebook.react.views.textinput.ReactTextInputShadowNode
W/unknown:ViewManagerPropertyUpdater(24988): Could not find generated setter for class com.facebook.react.views.text.ReactTextViewManager
W/unknown:ViewManagerPropertyUpdater(24988): Could not find generated setter for class com.facebook.react.views.toolbar.ReactToolbarManager
W/unknown:ViewManagerPropertyUpdater(24988): Could not find generated setter for class com.facebook.react.views.view.ReactViewManager
W/unknown:ViewManagerPropertyUpdater(24988): Could not find generated setter for class com.facebook.react.views.viewpager.ReactViewPagerManager
W/unknown:ViewManagerPropertyUpdater(24988): Could not find generated setter for class com.facebook.react.views.text.ReactVirtualTextViewManager
W/unknown:ViewManagerPropertyUpdater(24988): Could not find generated setter for class com.facebook.react.views.webview.ReactWebViewManager
W/unknown:ViewManagerPropertyUpdater(24988): Could not find generated setter for class com.facebook.react.views.swiperefresh.SwipeRefreshLayoutManager
W/unknown:React(24988): Packager connection already open, nooping.
W/unknown:React(24988): Inspector connection already open, nooping.
I/WebViewFactory(24988): Loading com.google.android.webview version 43.0.2357.121 (code 2357121)
I/LibraryLoader(24988): Time to load native libraries: 2 ms (timestamps 8158-8160)
I/LibraryLoader(24988): Expected native library version number "",actual native library version number ""
W/art     (24988): Attempt to remove local handle scope entry from IRT, ignoring
I/ReactNativeJS(24988): Running application "mnotes" with appParams: {"initialProps":{},"rootTag":1}. __DEV__ === true, development-level warning are ON, performance optimizations are OFF
W/unknown:ViewManagerPropertyUpdater(24988): Could not find generated setter for class com.facebook.react.views.text.ReactVirtualTextShadowNode
I/ReactNativeJS(24988): [CodePush] Checking for update.
I/PlayCommon(21617): [1688] com.google.android.play.a.g.e(940): Preparing logs for uploading
I/PlayCommon(21617): [1688] com.google.android.play.a.g.e(942): No file ready to send
I/ReactNativeJS(24988): [CodePush] Awaiting user action.
V/WindowManager(  549): not Base app: Adding window Window{b3e0155 u0 com.mnotes/com.mnotes.MainActivity} at 4 of 9
W/InputMethodManagerService(  549): Window already focused, ignoring focus gain of: com.android.internal.view.IInputMethodClient$Stub$Proxy@262a5dd1 attribute=null, token = android.os.BinderProxy@6764247
I/ReactNativeJS(24988): [CodePush] Downloading package.
I/ReactNativeJS(24988): [CodePush] Installing update.
I/ReactNativeJS(24988): [CodePush] Update is installed and will be run on the next app restart.
E/WifiStateMachine(  549): WifiStateMachine CMD_START_SCAN source -2 txSuccessRate=78.33 rxSuccessRate=78.66 targetRoamBSSID=any RSSI=-32
W/ResourceType(  715): No package identifier when getting value for resource number 0x00000000
W/PackageManager(  715): Failure retrieving resources for com.mnotes: Resource ID #0x0
I/ActivityManager(  549): START u0 {act=com.android.systemui.recents.SHOW_RECENTS flg=0x10804000 cmp=com.android.systemui/.recents.RecentsActivity} from uid 10142 on display 0
I/Keyboard.Facilitator(  890): onFinishInput()
W/LocationOracle(21592): Best location was null
I/ActivityManager(  549): Killing 24988:com.mnotes/u0a290 (adj 9): remove task
I/WindowState(  549): WIN DEATH: Window{12760a74 u0 com.mnotes/com.mnotes.MainActivity}
I/ActivityManager(  549): START u0 {act=android.intent.action.MAIN cat=[android.intent.category.HOME] flg=0x10200000 cmp=com.android.launcher/com.android.launcher2.Launcher} from uid 10142 on display 0
D/TaskPersister(  549): removeObsoleteFile: deleting file=62_task.xml
D/TaskPersister(  549): removeObsoleteFile: deleting file=62_task_thumbnail.png
I/Keyboard.Facilitator(  890): onFinishInput()
W/OpenGLRenderer( 1014): Incorrectly called buildLayer on View: ShortcutAndWidgetContainer, destroying layer...
W/OpenGLRenderer( 1014): Incorrectly called buildLayer on View: ShortcutAndWidgetContainer, destroying layer...
W/ActivityManager(  549): Unable to start service Intent { flg=0x24 cmp=com.geeksoft.wps/com.baidu.android.pushservice.PushService (has extras) } U=0: not found
I/TWILIGHT( 3299): [14:18:39.563, main]: Service start foreground
I/TWILIGHT( 3299): [14:18:39.565, main]: Sunrise / Sunset = Tue Mar 14 05:52:00 GMT+00:00 2017 / Tue Mar 14 18:45:00 GMT+00:00 2017
I/TWILIGHT( 3299): [14:18:39.566, main]: has smart light true  false
I/TWILIGHT( 3299): [14:18:39.566, main]: Finally Update current 0 1478
I/art     ( 1247): Explicit concurrent mark sweep GC freed 356723(11MB) AllocSpace objects, 68(1088KB) LOS objects, 40% free, 18MB/31MB, paused 1.678ms total 265.557ms
I/art     (  549): Explicit concurrent mark sweep GC freed 63751(3MB) AllocSpace objects, 5(143KB) LOS objects, 33% free, 26MB/39MB, paused 1.892ms total 189.012ms
I/EventLogChimeraService( 1417): Aggregate from 1489499313077 (log), 1489499313077 (data)
D/android.widget.GridLayout( 1014): horizontal constraints: x1-x0>=350, x2-x1>=390, x2-x0<=736 are inconsistent; permanently removing: x2-x0<=736. 
I/Keyboard.Facilitator(  890): onFinishInput()
I/ActivityManager(  549): START u0 {act=android.intent.action.MAIN cat=[android.intent.category.LAUNCHER] flg=0x10200000 cmp=com.mnotes/.MainActivity (has extras)} from uid 10035 on display 0
V/WindowManager(  549): addAppToken: AppWindowToken{287ad27a token=Token{3a4caea5 ActivityRecord{3c47049c u0 com.mnotes/.MainActivity t63}}} to stack=1 task=63 at 0
V/WindowManager(  549): Adding window Window{c930d5d u0 Starting com.mnotes} at 3 of 8 (after Window{124bd02d u0 com.android.launcher/com.android.launcher2.Launcher})
I/ActivityManager(  549): Start proc 25176:com.mnotes/u0a290 for activity com.mnotes/.MainActivity
I/art     (25176): Late-enabling -Xcheck:jni
V/fb-UnpackingSoSource(25176): locked dso store /data/data/com.mnotes/lib-main
I/fb-UnpackingSoSource(25176): dso store is up-to-date: /data/data/com.mnotes/lib-main
V/fb-UnpackingSoSource(25176): releasing dso store lock for /data/data/com.mnotes/lib-main
D/ReactNative(25176): [CodePush] Loading JS bundle from "/data/data/com.mnotes/files/CodePush/42917cbfd7e618e4e79c6d8e5c9facac94ded1572c4c2edcfc437dae5840187b/CodePush/index.android.bundle"
W/unknown:React(25176): You seem to be running on device. Run 'adb reverse tcp:8081 tcp:8081' to forward the debug server's port to the device.
W/unknown:React(25176): You seem to be running on device. Run 'adb reverse tcp:8081 tcp:8081' to forward the debug server's port to the device.
W/unknown:React(25176): You seem to be running on device. Run 'adb reverse tcp:8081 tcp:8081' to forward the debug server's port to the device.
W/unknown:React(25176): Packager connection already open, nooping.
W/unknown:React(25176): Inspector connection already open, nooping.
D/OpenGLRenderer(25176): Use EGL_SWAP_BEHAVIOR_PRESERVED: true
D/Atlas   (25176): Validating map...
V/WindowManager(  549): Adding window Window{ff8b15 u0 com.mnotes/com.mnotes.MainActivity} at 3 of 9 (before Window{c930d5d u0 Starting com.mnotes})
I/Adreno-EGL(25176): <qeglDrvAPI_eglInitialize:379>: QUALCOMM Build: 01/15/15, ab0075f, Id3510ff6dc
I/OpenGLRenderer(25176): Initialized EGL, version 1.4
D/OpenGLRenderer(25176): Enabling debug mode 0
W/unknown:React(25176): You seem to be running on device. Run 'adb reverse tcp:8081 tcp:8081' to forward the debug server's port to the device.
I/Keyboard.Facilitator(  890): onFinishInput()
I/ActivityManager(  549): Displayed com.mnotes/.MainActivity: +476ms
E/WifiStateMachine(  549): WifiStateMachine CMD_START_SCAN source -2 txSuccessRate=2.30 rxSuccessRate=5.07 targetRoamBSSID=any RSSI=-29
I/art     (25176): Thread[1,tid=25176,WaitingForJniOnLoad,Thread*=0xb8d54408,peer=0x744f0000,"main"] recursive attempt to load library "/data/app/com.mnotes-1/lib/arm/libfb.so"
W/unknown:React(25176): You seem to be running on device. Run 'adb reverse tcp:8081 tcp:8081' to forward the debug server's port to the device.
W/InputMethodManagerService(  549): Window already focused, ignoring focus gain of: com.android.internal.view.IInputMethodClient$Stub$Proxy@ff99b93 attribute=null, token = android.os.BinderProxy@3e22cccc
W/unknown:ViewManagerPropertyUpdater(25176): Could not find generated setter for class com.facebook.react.views.art.ARTGroupViewManager
W/unknown:ViewManagerPropertyUpdater(25176): Could not find generated setter for class com.facebook.react.views.art.ARTGroupShadowNode
W/unknown:ViewManagerPropertyUpdater(25176): Could not find generated setter for class com.facebook.react.views.art.ARTShapeViewManager
W/unknown:ViewManagerPropertyUpdater(25176): Could not find generated setter for class com.facebook.react.views.art.ARTShapeShadowNode
W/unknown:ViewManagerPropertyUpdater(25176): Could not find generated setter for class com.facebook.react.views.art.ARTTextViewManager
W/unknown:ViewManagerPropertyUpdater(25176): Could not find generated setter for class com.facebook.react.views.art.ARTTextShadowNode
W/unknown:ViewManagerPropertyUpdater(25176): Could not find generated setter for class com.facebook.react.views.art.ARTSurfaceViewManager
W/unknown:ViewManagerPropertyUpdater(25176): Could not find generated setter for class com.facebook.react.views.art.ARTSurfaceViewShadowNode
W/unknown:ViewManagerPropertyUpdater(25176): Could not find generated setter for class com.facebook.react.views.picker.ReactDialogPickerManager
W/unknown:ViewManagerPropertyUpdater(25176): Could not find generated setter for class com.facebook.react.uimanager.LayoutShadowNode
W/unknown:ViewManagerPropertyUpdater(25176): Could not find generated setter for class com.facebook.react.views.drawer.ReactDrawerLayoutManager
W/unknown:ViewManagerPropertyUpdater(25176): Could not find generated setter for class com.facebook.react.views.picker.ReactDropdownPickerManager
W/unknown:ViewManagerPropertyUpdater(25176): Could not find generated setter for class com.facebook.react.views.scroll.ReactHorizontalScrollViewManager
W/unknown:ViewManagerPropertyUpdater(25176): Could not find generated setter for class com.facebook.react.views.image.ReactImageManager
W/unknown:ViewManagerPropertyUpdater(25176): Could not find generated setter for class com.facebook.react.views.modal.ReactModalHostManager
W/unknown:ViewManagerPropertyUpdater(25176): Could not find generated setter for class com.facebook.react.views.modal.ModalHostShadowNode
W/unknown:ViewManagerPropertyUpdater(25176): Could not find generated setter for class com.facebook.react.views.progressbar.ReactProgressBarViewManager
W/unknown:ViewManagerPropertyUpdater(25176): Could not find generated setter for class com.facebook.react.views.progressbar.ProgressBarShadowNode
W/unknown:ViewManagerPropertyUpdater(25176): Could not find generated setter for class com.facebook.react.views.text.ReactRawTextManager
W/unknown:ViewManagerPropertyUpdater(25176): Could not find generated setter for class com.facebook.react.views.text.ReactTextShadowNode
W/unknown:ViewManagerPropertyUpdater(25176): Could not find generated setter for class com.facebook.react.views.scroll.ReactScrollViewManager
W/unknown:ViewManagerPropertyUpdater(25176): Could not find generated setter for class com.facebook.react.views.slider.ReactSliderManager
W/unknown:ViewManagerPropertyUpdater(25176): Could not find generated setter for class com.facebook.react.views.slider.ReactSliderManager$ReactSliderShadowNode
W/unknown:ViewManagerPropertyUpdater(25176): Could not find generated setter for class com.facebook.react.views.switchview.ReactSwitchManager
W/unknown:ViewManagerPropertyUpdater(25176): Could not find generated setter for class com.facebook.react.views.switchview.ReactSwitchManager$ReactSwitchShadowNode
W/unknown:ViewManagerPropertyUpdater(25176): Could not find generated setter for class com.facebook.react.views.text.frescosupport.FrescoBasedReactTextInlineImageViewManager
W/unknown:ViewManagerPropertyUpdater(25176): Could not find generated setter for class com.facebook.react.views.text.frescosupport.FrescoBasedReactTextInlineImageShadowNode
W/unknown:ViewManagerPropertyUpdater(25176): Could not find generated setter for class com.facebook.react.views.textinput.ReactTextInputManager
W/unknown:ViewManagerPropertyUpdater(25176): Could not find generated setter for class com.facebook.react.views.textinput.ReactTextInputShadowNode
W/unknown:ViewManagerPropertyUpdater(25176): Could not find generated setter for class com.facebook.react.views.text.ReactTextViewManager
W/unknown:ViewManagerPropertyUpdater(25176): Could not find generated setter for class com.facebook.react.views.toolbar.ReactToolbarManager
W/unknown:ViewManagerPropertyUpdater(25176): Could not find generated setter for class com.facebook.react.views.view.ReactViewManager
W/unknown:ViewManagerPropertyUpdater(25176): Could not find generated setter for class com.facebook.react.views.viewpager.ReactViewPagerManager
W/unknown:ViewManagerPropertyUpdater(25176): Could not find generated setter for class com.facebook.react.views.text.ReactVirtualTextViewManager
W/unknown:ViewManagerPropertyUpdater(25176): Could not find generated setter for class com.facebook.react.views.webview.ReactWebViewManager
W/unknown:ViewManagerPropertyUpdater(25176): Could not find generated setter for class com.facebook.react.views.swiperefresh.SwipeRefreshLayoutManager
W/unknown:React(25176): Packager connection already open, nooping.
W/unknown:React(25176): Inspector connection already open, nooping.
I/WebViewFactory(25176): Loading com.google.android.webview version 43.0.2357.121 (code 2357121)
I/LibraryLoader(25176): Time to load native libraries: 1 ms (timestamps 7640-7641)
I/LibraryLoader(25176): Expected native library version number "",actual native library version number ""
W/art     (25176): Attempt to remove local handle scope entry from IRT, ignoring
I/ReactNativeJS(25176): Running application "mnotes" with appParams: {"initialProps":{},"rootTag":1}. __DEV__ === true, development-level warning are ON, performance optimizations are OFF
W/unknown:ViewManagerPropertyUpdater(25176): Could not find generated setter for class com.facebook.react.views.text.ReactVirtualTextShadowNode
I/ReactNativeJS(25176): [CodePush] Checking for update.
I/ReactNativeJS(25176): [CodePush] Reporting CodePush update success (v16)
I/ReactNativeJS(25176): [CodePush] App is up to date.
E/WifiStateMachine(  549): WifiStateMachine CMD_START_SCAN source -2 txSuccessRate=0.37 rxSuccessRate=3.69 targetRoamBSSID=any RSSI=-28
E/WifiStateMachine(  549): WifiStateMachine starting scan for "Kevin-Wireless"WPA_PSK with 2437
I/ActivityManager(  549): Start proc 25299:com.handlerexploit.tweedle/u0a33 for service com.handlerexploit.tweedle/.services.BackgroundUpdatingService
V/NotificationService(  549): notifications are disabled by AppOps for com.handlerexploit.tweedle
E/NotificationService(  549): Suppressing notification from package com.handlerexploit.tweedle by user request.
E/WifiStateMachine(  549): WifiStateMachine CMD_START_SCAN source -2 txSuccessRate=7.75 rxSuccessRate=8.13 targetRoamBSSID=any RSSI=-29
E/WifiStateMachine(  549): WifiStateMachine starting scan for "Kevin-Wireless"WPA_PSK with 2437
I/art     ( 1417): Explicit concurrent mark sweep GC freed 40593(2MB) AllocSpace objects, 9(144KB) LOS objects, 39% free, 20MB/33MB, paused 1.983ms total 172.440ms
W/SQLiteConnectionPool( 1417): A SQLiteConnection object for database '/data/data/com.google.android.gms/databases/auto_complete_suggestions.db' was leaked!  Please fix your application to end transactions in progress properly and to close the database when it is no longer needed.
W/SQLiteConnectionPool( 1417): A SQLiteConnection object for database '/data/data/com.google.android.gms/databases/help_responses.db' was leaked!  Please fix your application to end transactions in progress properly and to close the database when it is no longer needed.
W/SQLiteConnectionPool( 1417): A SQLiteConnection object for database '/data/data/com.google.android.gms/databases/metrics.db' was leaked!  Please fix your application to end transactions in progress properly and to close the database when it is no longer needed.
I/PowerManagerService(  549): Going to sleep due to screen timeout (uid 1000)...
I/PowerManagerService(  549): Sleeping (uid 1000)...
E/WifiStateMachine(  549): cancelDelayedScan -> 199
E/native  (  549): do suspend true
D/audio_hw_primary(  193): adev_set_parameters: enter: screen_state=off
I/Keyboard.Facilitator(  890): onFinishInput()
I/DisplayManagerService(  549): Display device changed: DisplayDeviceInfo{"Built-in Screen": uniqueId="local:0", 768 x 1280, 60.0 fps, supportedRefreshRates [60.0], density 320, 319.79 x 318.745 dpi, appVsyncOff 0, presDeadline 17666667, touch INTERNAL, rotation 0, type BUILT_IN, state OFF, FLAG_DEFAULT_DISPLAY, FLAG_ROTATES_WITH_CONTENT, FLAG_SECURE, FLAG_SUPPORTS_PROTECTED_BUFFERS}
D/SurfaceFlinger(  172): Set power mode=0, type=0 flinger=0xb85bf550
V/ActivityManager(  549): Display changed displayId=0
W/ProcessCpuTracker(  549): Skipping unknown process pid 25405
W/ProcessCpuTracker(  549): Skipping unknown process pid 25408
W/ProcessCpuTracker(  549): Skipping unknown process pid 25410
W/ProcessCpuTracker(  549): Skipping unknown process pid 25412
W/ProcessCpuTracker(  549): Skipping unknown process pid 25413
W/ProcessCpuTracker(  549): Skipping unknown process pid 25414
W/ProcessCpuTracker(  549): Skipping unknown process pid 25416
E/WifiStateMachine(  549): WifiStateMachine CMD_START_SCAN source -2 txSuccessRate=0.00 rxSuccessRate=0.00 targetRoamBSSID=any RSSI=-31
E/WifiStateMachine(  549): WifiStateMachine L2Connected CMD_START_SCAN source -2 198, 199 -> obsolete
D/SurfaceControl(  549): Excessive delay in setPowerMode(): 175ms
E/ANDR-PERF-LOCK(  200): Failed to apply optimization for resource: 4 level: 0
I/PowerManagerService(  549): Waking up from sleep (uid 1000)...
I/DisplayPowerController(  549): Blocking screen on until initial contents have been drawn.
D/SurfaceFlinger(  172): Set power mode=2, type=0 flinger=0xb85bf550
I/DisplayManagerService(  549): Display device changed: DisplayDeviceInfo{"Built-in Screen": uniqueId="local:0", 768 x 1280, 60.0 fps, supportedRefreshRates [60.0], density 320, 319.79 x 318.745 dpi, appVsyncOff 0, presDeadline 17666667, touch INTERNAL, rotation 0, type BUILT_IN, state ON, FLAG_DEFAULT_DISPLAY, FLAG_ROTATES_WITH_CONTENT, FLAG_SECURE, FLAG_SUPPORTS_PROTECTED_BUFFERS}
V/KeyguardServiceDelegate(  549): onScreenTurnedOn(showListener = com.android.internal.policy.impl.PhoneWindowManager$2@1af5a7bc)
E/ANDR-PERF-LOCK(  200): Failed to reset optimization for resource: 4 level: 0
V/ActivityManager(  549): Display changed displayId=0
V/ActivityManager(  549): Display changed displayId=0
V/KeyguardServiceDelegate(  549): **** SHOWN CALLED ****
E/WifiStateMachine(  549): cancelDelayedScan -> 200
I/DisplayPowerController(  549): Unblocked screen on after 96 ms
D/audio_hw_primary(  193): adev_set_parameters: enter: screen_state=on
E/native  (  549): do suspend false
W/unknown:React(25176): You seem to be running on device. Run 'adb reverse tcp:8081 tcp:8081' to forward the debug server's port to the device.
D/SurfaceControl(  549): Excessive delay in setPowerMode(): 108ms
W/unknown:React(25176): You seem to be running on device. Run 'adb reverse tcp:8081 tcp:8081' to forward the debug server's port to the device.
I/TWILIGHT( 3299): [14:19:48.087, main]: Sunrise / Sunset = Tue Mar 14 05:52:00 GMT+00:00 2017 / Tue Mar 14 18:45:00 GMT+00:00 2017
I/TWILIGHT( 3299): [14:19:48.088, main]: has smart light true  false
I/TWILIGHT( 3299): [14:19:48.088, main]: Finally Update current 0 1478
E/WifiStateMachine(  549): WifiStateMachine CMD_START_SCAN source -2 txSuccessRate=0.00 rxSuccessRate=0.00 targetRoamBSSID=any RSSI=-34
W/ResourceType(  715): No package identifier when getting value for resource number 0x00000000
W/PackageManager(  715): Failure retrieving resources for com.mnotes: Resource ID #0x0
I/ActivityManager(  549): START u0 {act=com.android.systemui.recents.SHOW_RECENTS flg=0x10804000 cmp=com.android.systemui/.recents.RecentsActivity} from uid 10142 on display 0
V/ActivityManager(  549): Display changed displayId=0
I/Keyboard.Facilitator(  890): onFinishInput()
W/InputMethodManagerService(  549): Starting input on non-focused client com.android.internal.view.IInputMethodClient$Stub$Proxy@69a49eb (uid=10290 pid=25176)
I/ActivityManager(  549): Killing 24454:com.android.documentsui/u0a146 (adj 15): empty #17
I/ActivityManager(  549): Killing 25176:com.mnotes/u0a290 (adj 9): remove task
