D/BackupManagerService(  549): awaiting agent for ApplicationInfo{7aac51f com.google.android.calendar}
D/BackupManagerService(  549): agentConnected pkg=com.google.android.calendar agent=android.os.BinderProxy@20bf906c
I/BackupManagerService(  549): got agent android.app.IBackupAgent$Stub$Proxy@2f199635
D/PerformBackupTask(  549): invokeAgentForBackup on com.google.android.calendar
V/BackupServiceBinder(20646): doBackup() invoked
D/BackupHelperDispatcher(20646): handling existing helper 'shared_pref' android.app.backup.SharedPreferencesBackupHelper@272b60a
I/BackupRestoreController(  549): Getting widget state for user: 0
I/PerformBackupTask(  549): no backup data written; not calling transport
D/PerformBackupTask(  549): starting agent for backup of BackupRequest{pkg=android}
D/BackupManagerService(  549): awaiting agent for ApplicationInfo{3ba74aca android}
D/BackupManagerService(  549): agentConnected pkg=android agent=android.app.backup.BackupAgent$BackupServiceBinder@140943b
I/BackupManagerService(  549): got agent android.app.backup.BackupAgent$BackupServiceBinder@140943b
D/PerformBackupTask(  549): invokeAgentForBackup on android
V/BackupServiceBinder(  549): doBackup() invoked
D/BackupHelperDispatcher(  549): handling existing helper 'recents' android.app.backup.RecentsBackupHelper@164b4758
W/file_backup_helper(  549): read_snapshot_file header.magic0=0x0000001c magic1=0x00000090
W/BackupHelperDispatcher_native(  549): Skipping unknown header version: 0x65706170, 1819042167 bytes
D/BackupHelperDispatcher(  549): handling new helper 'wallpaper'
I/BackupRestoreController(  549): Getting widget state for user: 0
I/Backup  ( 1247): [GmsBackupTransport] Starting new backup session
I/Backup  ( 1247): [GmsBackupTransport] starting performBackup for android
I/Backup  ( 1247): [GmsBackupTransport] performBackup done for android
W/Conscrypt( 1247): Could not set socket write timeout: null
W/Conscrypt( 1247): Could not set socket write timeout: null
I/GmsBackupTransport( 1247): Http Response Code : 200
I/Backup  ( 1247): [GmsBackupTransport] Backup finished for android
D/PerformBackupTask(  549): starting agent for backup of BackupRequest{pkg=com.google.android.googlequicksearchbox}
I/ActivityManager(  549): Start proc 21213:com.google.android.googlequicksearchbox/u0a59 for backup com.google.android.googlequicksearchbox/com.google.android.launcher.GelBackupAgentHelper
D/BackupManagerService(  549): awaiting agent for ApplicationInfo{13dd76a5 com.google.android.googlequicksearchbox}
D/BackupManagerService(  549): agentConnected pkg=com.google.android.googlequicksearchbox agent=android.os.BinderProxy@180ffa7a
I/BackupManagerService(  549): got agent android.app.IBackupAgent$Stub$Proxy@117b022b
D/PerformBackupTask(  549): invokeAgentForBackup on com.google.android.googlequicksearchbox
V/BackupServiceBinder(21213): doBackup() invoked
I/BackupRestoreController(  549): Getting widget state for user: 0
I/PerformBackupTask(  549): no backup data written; not calling transport
I/BackupManagerService(  549): Backup pass finished.
I/GAV2    (20970): Thread[GAThread,5,main]: No campaign data found.
I/Keyboard.Facilitator.LanguageModelFlusher(  890): run()
I/Keyboard.Facilitator(  890): flushDynamicLanguageModels()
I/ActivityManager(  549): Killing 18809:com.estrongs.android.pop/u0a86 (adj 15): empty #17
I/libprocessgroup(  549): Killing pid 19393 in uid 10086 as part of process group 18809
I/libprocessgroup(  549): Killing pid 19393 in uid 10086 as part of process group 18809
I/libprocessgroup(  549): Killing pid 19393 in uid 10086 as part of process group 18809
I/libprocessgroup(  549): Killing pid 19393 in uid 10086 as part of process group 18809
I/libprocessgroup(  549): Killing pid 19393 in uid 10086 as part of process group 18809
I/libprocessgroup(  549): Killing pid 19393 in uid 10086 as part of process group 18809
I/libprocessgroup(  549): Killing pid 19393 in uid 10086 as part of process group 18809
I/libprocessgroup(  549): Killing pid 19393 in uid 10086 as part of process group 18809
E/WifiService(  549): Multicaster binderDied
D/WifiService(  549): Client connection lost with reason: 4
I/PowerManagerService(  549): Going to sleep due to screen timeout (uid 1000)...
I/PowerManagerService(  549): Sleeping (uid 1000)...
E/WifiStateMachine(  549): cancelDelayedScan -> 146
D/audio_hw_primary(  193): adev_set_parameters: enter: screen_state=off
E/native  (  549): do suspend true
I/Keyboard.Facilitator(  890): onFinishInput()
I/DisplayManagerService(  549): Display device changed: DisplayDeviceInfo{"Built-in Screen": uniqueId="local:0", 768 x 1280, 60.0 fps, supportedRefreshRates [60.0], density 320, 319.79 x 318.745 dpi, appVsyncOff 0, presDeadline 17666667, touch INTERNAL, rotation 0, type BUILT_IN, state OFF, FLAG_DEFAULT_DISPLAY, FLAG_ROTATES_WITH_CONTENT, FLAG_SECURE, FLAG_SUPPORTS_PROTECTED_BUFFERS}
D/SurfaceFlinger(  172): Set power mode=0, type=0 flinger=0xb85bf550
V/ActivityManager(  549): Display changed displayId=0
D/SurfaceControl(  549): Excessive delay in setPowerMode(): 175ms
E/ANDR-PERF-LOCK(  200): Failed to apply optimization for resource: 4 level: 0
E/WifiStateMachine(  549): WifiStateMachine CMD_START_SCAN source -2 txSuccessRate=0.00 rxSuccessRate=0.00 targetRoamBSSID=any RSSI=-28
E/WifiStateMachine(  549): WifiStateMachine L2Connected CMD_START_SCAN source -2 145, 146 -> obsolete
D/PhoneStatusBar(  715): disable: < expand ICONS* alerts SYSTEM_INFO* back home recent clock search >
D/BluetoothAdapter(  715): 93557601: getState() :  mService = null. Returning STATE_OFF
D/BluetoothAdapter(  715): 93557601: getState() :  mService = null. Returning STATE_OFF
D/BluetoothAdapter(  715): 93557601: getState() :  mService = null. Returning STATE_OFF
D/BluetoothAdapter(  715): 93557601: getState() :  mService = null. Returning STATE_OFF
D/PhoneStatusBar(  715): disable: < expand ICONS alerts SYSTEM_INFO back HOME* RECENT* clock SEARCH* >
I/TWILIGHT( 3299): [13:52:20.990, main]: Service start foreground
I/TWILIGHT( 3299): [13:52:21.007, main]: Sunrise / Sunset = Tue Mar 14 05:52:00 GMT+00:00 2017 / Tue Mar 14 18:45:00 GMT+00:00 2017
I/TWILIGHT( 3299): [13:52:21.009, main]: has smart light true  false
I/TWILIGHT( 3299): [13:52:21.009, main]: Finally Update current 0 1478
E/TWILIGHT( 3299): [13:52:21.032, AsyncTask #5]: No provider
I/Keyboard.Facilitator.LanguageModelFlusher(  890): run()
I/Keyboard.Facilitator(  890): flushDynamicLanguageModels()
I/PowerManagerService(  549): Waking up from sleep (uid 1000)...
V/KeyguardServiceDelegate(  549): onScreenTurnedOn(showListener = com.android.internal.policy.impl.PhoneWindowManager$2@1af5a7bc)
I/DisplayPowerController(  549): Blocking screen on until initial contents have been drawn.
D/SurfaceFlinger(  172): Set power mode=2, type=0 flinger=0xb85bf550
I/DisplayManagerService(  549): Display device changed: DisplayDeviceInfo{"Built-in Screen": uniqueId="local:0", 768 x 1280, 60.0 fps, supportedRefreshRates [60.0], density 320, 319.79 x 318.745 dpi, appVsyncOff 0, presDeadline 17666667, touch INTERNAL, rotation 0, type BUILT_IN, state ON, FLAG_DEFAULT_DISPLAY, FLAG_ROTATES_WITH_CONTENT, FLAG_SECURE, FLAG_SUPPORTS_PROTECTED_BUFFERS}
V/ActivityManager(  549): Display changed displayId=0
E/ANDR-PERF-LOCK(  200): Failed to reset optimization for resource: 4 level: 0
D/audio_hw_primary(  193): adev_set_parameters: enter: screen_state=on
E/WifiStateMachine(  549): cancelDelayedScan -> 147
D/SurfaceControl(  549): Excessive delay in setPowerMode(): 137ms
E/native  (  549): do suspend false
V/KeyguardServiceDelegate(  549): **** SHOWN CALLED ****
I/DisplayPowerController(  549): Unblocked screen on after 226 ms
I/TWILIGHT( 3299): [13:53:00.203, main]: Sunrise / Sunset = Tue Mar 14 05:52:00 GMT+00:00 2017 / Tue Mar 14 18:45:00 GMT+00:00 2017
I/TWILIGHT( 3299): [13:53:00.204, main]: has smart light true  false
I/TWILIGHT( 3299): [13:53:00.204, main]: Finally Update current 0 1478
E/WifiStateMachine(  549): WifiStateMachine CMD_START_SCAN source -2 txSuccessRate=4.00 rxSuccessRate=2.50 targetRoamBSSID=any RSSI=-29
D/PhoneStatusBar(  715): disable: < expand ICONS alerts SYSTEM_INFO back HOME RECENT clock SEARCH >
D/PhoneStatusBar(  715): disable: < expand ICONS alerts SYSTEM_INFO back HOME RECENT clock SEARCH >
D/PhoneStatusBar(  715): disable: < expand ICONS alerts SYSTEM_INFO back HOME RECENT clock SEARCH >
D/BluetoothAdapter(  715): 93557601: getState() :  mService = null. Returning STATE_OFF
D/BluetoothAdapter(  715): 93557601: getState() :  mService = null. Returning STATE_OFF
D/PhoneStatusBar(  715): disable: < expand icons* alerts system_info* back HOME RECENT clock SEARCH >
W/ActivityManager(  549): getTasks: caller 10073 does not hold REAL_GET_TASKS; limiting output
W/InputMethodManagerService(  549): Window already focused, ignoring focus gain of: com.android.internal.view.IInputMethodClient$Stub$Proxy@348b07e2 attribute=android.view.inputmethod.EditorInfo@36656773, token = android.os.BinderProxy@35cb152e
D/PhoneStatusBar(  715): disable: < expand icons alerts system_info back home* recent* clock search* >
I/Keyboard.Facilitator(  890): onFinishInput()
I/ReactNativeJS(20712): [CodePush] Reporting binary update (1.0)
I/CryptAuthSync( 1417): [DeviceStateSyncManager] Device state fast sync is disabled
I/DeviceCache( 1417): Unable to convert the the network interface's MAC Address to string. MAC address cannot be null.
I/DeviceCache( 1417): Unable to convert the the network interface's MAC Address to string. MAC address cannot be null.
I/DeviceCache( 1417): Unable to convert the the network interface's MAC Address to string. MAC address cannot be null.
I/DeviceCache( 1417): Unable to convert the the network interface's MAC Address to string. MAC address cannot be null.
I/DeviceCache( 1417): Unable to convert the the network interface's MAC Address to string. MAC address cannot be null.
I/DeviceCache( 1417): Unable to convert the the network interface's MAC Address to string. MAC address cannot be null.
I/ActivityManager(  549): Start proc 21312:com.google.android.apps.fitness/u0a75 for broadcast com.google.android.apps.fitness/.widget.TodayStatusWidgetProvider
I/FitnessApp(21312): Initializers took 1 milliseconds
I/ActivityManager(  549): Start proc 21329:com.estrongs.android.pop/u0a86 for broadcast com.estrongs.android.pop/.app.StartServiceReceiver
I/ActivityManager(  549): Killing 9859:com.google.android.googlequicksearchbox:search/u0a59 (adj 15): empty #17
D/WifiService(  549): Client connection lost with reason: 4
E/libprocessgroup(  549): failed to kill 1 processes for processgroup 9859
E/ObjectHelper(21329): Can't find method:setCompatibilityInfo
D/am      (21329): Refresh storage info done.21
W/BroadcastQueue(  549): Permission Denial: broadcasting Intent { act=android.intent.action.USER_PRESENT flg=0x24000010 } from com.android.systemui (pid=715, uid=10142) is not exported from uid 10194 due to receiver com.geeksoft.wps/cn.jpush.android.service.PushReceiver
D/WifiService(  549): New client listening to asynchronous messages
W/ResourceType(21329): No package identifier when getting value for resource number 0x00000000
I/ActivityManager(  549): Killing 20626:com.android.providers.calendar/u0a7 (adj 15): empty #17
W/ResourceType(  715): No package identifier when getting value for resource number 0x00000000
W/PackageManager(  715): Failure retrieving resources for com.mnotes: Resource ID #0x0
I/ActivityManager(  549): START u0 {act=com.android.systemui.recents.SHOW_RECENTS flg=0x10804000 cmp=com.android.systemui/.recents.RecentsActivity} from uid 10142 on display 0
I/Keyboard.Facilitator(  890): onFinishInput()
I/ReactNativeJS(20712): [CodePush] Report status failed: {"appVersion":"1.0"}
I/ActivityManager(  549): Killing 20646:com.google.android.calendar/u0a6 (adj 15): empty #17
I/ActivityManager(  549): Killing 20712:com.mnotes/u0a287 (adj 9): remove task
I/WindowState(  549): WIN DEATH: Window{178038cf u0 com.mnotes/com.mnotes.MainActivity}
I/ActivityManager(  549): START u0 {act=android.intent.action.MAIN cat=[android.intent.category.HOME] flg=0x10200000 cmp=com.android.launcher/com.android.launcher2.Launcher} from uid 10142 on display 0
I/Keyboard.Facilitator(  890): onFinishInput()
D/TaskPersister(  549): removeObsoleteFile: deleting file=47_task.xml
D/TaskPersister(  549): removeObsoleteFile: deleting file=47_task_thumbnail.png
I/ActivityManager(  549): START u0 {act=android.intent.action.MAIN cat=[android.intent.category.HOME] flg=0x10200000 cmp=com.android.launcher/com.android.launcher2.Launcher} from uid 1000 on display 0
D/android.widget.GridLayout( 1014): horizontal constraints: x1-x0>=350, x2-x1>=390, x2-x0<=736 are inconsistent; permanently removing: x2-x0<=736. 
I/Keyboard.Facilitator(  890): onFinishInput()
I/ActivityManager(  549): START u0 {act=android.intent.action.DELETE dat=package:com.mnotes flg=0x10800000 cmp=com.android.packageinstaller/.UninstallerActivity (has extras)} from uid 10035 on display 0
V/WindowManager(  549): addAppToken: AppWindowToken{8d30ab7 token=Token{12cfddb6 ActivityRecord{25863151 u0 com.android.packageinstaller/.UninstallerActivity t48}}} to stack=1 task=48 at 0
V/WindowManager(  549): Adding window Window{1cab918d u0 com.android.packageinstaller/com.android.packageinstaller.UninstallerActivity} at 3 of 8 (after Window{124bd02d u0 com.android.launcher/com.android.launcher2.Launcher})
V/WindowManager(  549): Adding window Window{1039b53 u0 com.android.packageinstaller/com.android.packageinstaller.UninstallerActivity} at 3 of 9 (before Window{1cab918d u0 com.android.packageinstaller/com.android.packageinstaller.UninstallerActivity})
I/ActivityManager(  549): Displayed com.android.packageinstaller/.UninstallerActivity: +143ms
I/ActivityManager(  549): START u0 {act=android.intent.action.VIEW cmp=com.android.packageinstaller/.UninstallAppProgress (has extras)} from uid 10047 on display 0
V/WindowManager(  549): addAppToken: AppWindowToken{2f68f1bc token=Token{3fa299af ActivityRecord{1c28ed8e u0 com.android.packageinstaller/.UninstallAppProgress t48}}} to stack=1 task=48 at 1
I/ActivityManager(  549): Force stopping com.mnotes appid=10287 user=-1: uninstall pkg
V/WindowManager(  549): Adding window Window{68921cb u0 com.android.packageinstaller/com.android.packageinstaller.UninstallAppProgress} at 5 of 10 (after Window{1cab918d u0 com.android.packageinstaller/com.android.packageinstaller.UninstallerActivity EXITING})
I/ActivityManager(  549): Force stopping com.mnotes appid=10287 user=0: pkg removed
I/art     ( 1014): Explicit concurrent mark sweep GC freed 27285(1809KB) AllocSpace objects, 23(774KB) LOS objects, 24% free, 18MB/24MB, paused 1.434ms total 71.875ms
I/art     ( 3341): Explicit concurrent mark sweep GC freed 3859(498KB) AllocSpace objects, 3(96KB) LOS objects, 39% free, 9MB/15MB, paused 2.990ms total 106.241ms
I/Keyboard.Facilitator(  890): onFinishInput()
I/Keyboard.Facilitator(  890): resetDictionaries() : en_US
W/GeofencerStateMachine( 1247): Ignoring removeGeofence because network location is disabled.
I/art     (20129): Explicit concurrent mark sweep GC freed 4845(289KB) AllocSpace objects, 2(48KB) LOS objects, 39% free, 7MB/12MB, paused 1.068ms total 49.412ms
I/Keyboard.Facilitator.DecoderInitializer(  890): run()
I/art     ( 1417): Explicit concurrent mark sweep GC freed 13391(1053KB) AllocSpace objects, 0(0B) LOS objects, 40% free, 20MB/33MB, paused 1.678ms total 153.425ms
W/InputMethodInfo(  549): Duplicated subtype definition found: ja, keyboard
I/ActivityManager(  549): Start proc 21432:android.process.acore/u0a0 for broadcast com.android.providers.contacts/.PackageIntentReceiver
I/ActivityManager(  549): Displayed com.android.packageinstaller/.UninstallAppProgress: +634ms
I/InputReader(  549): Reconfiguring input devices.  changes=0x00000010
I/Decoder (  890): createOrResetDecoder
I/art     (  549): Explicit concurrent mark sweep GC freed 50594(3MB) AllocSpace objects, 5(80KB) LOS objects, 33% free, 25MB/38MB, paused 3.784ms total 268.243ms
I/art     (  549): WaitForGcToComplete blocked for 109.476ms for cause Explicit
I/art     (  715): Explicit concurrent mark sweep GC freed 31543(1441KB) AllocSpace objects, 10(2MB) LOS objects, 39% free, 18MB/30MB, paused 1.220ms total 77.308ms
I/Keyboard.Facilitator.MainLanguageModelLoader(  890): run()
I/Keyboard.Facilitator.MainLanguageModelLoader(  890): loadStaticLm() : Loading File = /data/data/com.google.android.inputmethod.latin/files/dicts/en_US/main%00003aen_us (offset=0, length=4430832) with up to date LoudsLmContentVersion = 20160111
I/Keyboard.Facilitator.DynamicLanguageModelLoader(  890): run()
I/Keyboard.Facilitator.DynamicLanguageModelLoader(  890): run() : Loading LM = contacts
I/Keyboard.Facilitator.DynamicLanguageModelLoader(  890): run() : Loaded File = Contacts.dict
I/Keyboard.Facilitator.DynamicLanguageModelLoader(  890): run() : Loading LM = history
I/Keyboard.Facilitator.DynamicLanguageModelLoader(  890): run() : Loaded File = UserHistory.en_US.dict
I/Keyboard.Facilitator.DynamicLanguageModelLoader(  890): run() : Loading LM = user
I/Keyboard.Facilitator.DynamicLanguageModelLoader(  890): run() : Loaded File = Personal.en_US.dict
I/Keyboard.Facilitator.PersonalDictionaryLoader(  890): run() : Loaded (exit)
I/Keyboard.Facilitator.Delight2FileSweeper(  890): run()
I/Keyboard.Facilitator.RecurringTaskScheduler(  890): run()
I/StatsUtilsManager(  890): startPeriodStatsRecorder() : Success
I/PeriodicStatsRecorder(  890): shouldRecordStats() = Too Soon
D/VoicemailCleanupService(21432): Cleaning up data for package: com.mnotes
I/ActivityManager(  549): Start proc 21455:com.android.musicfx/u0a43 for broadcast com.android.musicfx/.Compatibility$Receiver
D/JobSchedulerService(  549): Receieved: android.intent.action.PACKAGE_REMOVED
D/BackupManagerService(  549): Received broadcast Intent { act=android.intent.action.PACKAGE_REMOVED dat=package:com.mnotes flg=0x4000010 (has extras) }
I/ContactLocale(21432): AddressBook Labels [en-US]: [, A, B, C, D, E, F, G, H, I, J, K, L, M, N, O, P, Q, R, S, T, U, V, W, X, Y, Z, , , , , , , , , , , , , , , , , , , , , , , , , , , , , , , , , , , , , , , , , , , , , , , , , , , , , , , , , , , , , , , , , , , , , , , , , , , , , , , , , , , , , , , , , , , , , , , , , , , , , , , , , , , , , , , , , , , , , , , , , , , , , , , , , , , , , , , , , , , , , , , , , , , , , , , , , , , , , , , , , , , , , , , , , , , , , , , , , , , , , , , , , , , , #, ]
I/art     (  549): Explicit concurrent mark sweep GC freed 10456(639KB) AllocSpace objects, 4(1980KB) LOS objects, 33% free, 23MB/34MB, paused 2.899ms total 228.231ms
I/ActivityManager(  549): Start proc 21475:com.android.keychain/1000 for broadcast com.android.keychain/.KeyChainBroadcastReceiver
I/ActivityManager(  549): Start proc 21492:com.android.defcontainer/u0a13 for service com.android.defcontainer/.DefaultContainerService
I/Launcher( 1014): Deferring update until onResume
W/ContextImpl(21475): Calling a method in the system process without a qualified user: android.app.ContextImpl.startService:1692 android.content.ContextWrapper.startService:516 android.content.ContextWrapper.startService:516 com.android.keychain.KeyChainBroadcastReceiver.onReceive:12 android.app.ActivityThread.handleReceiver:2609 
W/ResourcesManager( 1014): Asset path '/system/framework/com.google.android.maps.jar' does not exist or contains no resources.
W/ResourcesManager( 1014): Asset path '/system/framework/com.google.android.media.effects.jar' does not exist or contains no resources.
I/ActivityManager(  549): Start proc 21513:com.google.android.apps.plus/u0a51 for broadcast com.google.android.apps.plus/.service.PackagesMediaMonitor
I/ActivityManager(  549): Killing 7301:com.android.vending/u0a50 (adj 15): empty #17
W/ResourcesManager( 1014): Asset path '/system/framework/com.google.android.maps.jar' does not exist or contains no resources.
I/ActivityManager(  549): Killing 20834:de.danoeh.antennapod/u0a196 (adj 15): empty #17
W/ResourcesManager(21513): Asset path '/system/framework/com.google.android.maps.jar' does not exist or contains no resources.
D/android.widget.GridLayout( 1014): horizontal constraints: x1-x0>=350, x2-x1>=390, x2-x0<=736 are inconsistent; permanently removing: x2-x0<=736. 
I/ActivityManager(  549): Killing 20857:com.wordwebsoftware.android.wordweb/u0a90 (adj 15): empty #17
I/LocationSettingsChecker( 1417): Removing dialog suppression flag for package com.mnotes
D/android.widget.GridLayout( 1014): horizontal constraints: x1-x0>=350, x2-x1>=390, x2-x0<=736 are inconsistent; permanently removing: x2-x0<=736. 
I/Keyboard.Facilitator(  890): onFinishInput()
I/Icing   ( 1417): doRemovePackageData com.mnotes
I/Fitness ( 1247): Clearing all cached OAuth tokens for: com.mnotes
I/Fitness ( 1247): Removing all subscriptions for: com.mnotes
E/NetworkScheduler.SR( 1247): Invalid parameter app
E/NetworkScheduler.SR( 1247): Invalid package name : Perhaps you didn't include a PendingIntent in the extras?
E/ChimeraRcvrProxy( 1417): Can't find Chimera receiver impl class com.google.android.gms.games.GamesBroadcastReceiverStub
E/ChimeraRcvrProxy( 1417): com.google.android.gms.games.chimera.GamesSystemBroadcastReceiverProxy dropping broadcast android.intent.action.PACKAGE_REMOVED
I/Icing   ( 1417): Usage reports 0 indexed 0 rejected 0 imm upload false
I/ActivityManager(  549): Start proc 21549:com.google.android.apps.docs/u0a94 for broadcast com.google.android.apps.docs/.receivers.AppPackageAddRemoveReceiver
I/Icing   ( 1417): Usage reports 0 indexed 0 rejected 0 imm upload false
W/IcingInternalCorpora( 1417): getNumBytesRead when not calculated.
I/art     (  202): Explicit concurrent mark sweep GC freed 709(30KB) AllocSpace objects, 0(0B) LOS objects, 40% free, 7MB/11MB, paused 396us total 24.263ms
I/art     (  202): Explicit concurrent mark sweep GC freed 5(160B) AllocSpace objects, 0(0B) LOS objects, 40% free, 7MB/11MB, paused 335us total 19.563ms
I/art     (  202): Explicit concurrent mark sweep GC freed 5(160B) AllocSpace objects, 0(0B) LOS objects, 40% free, 7MB/11MB, paused 366us total 18.922ms
W/ActivityManager(  549): getRunningAppProcesses: caller 10094 does not hold REAL_GET_TASKS; limiting output
W/ActivityManager(  549): getRunningAppProcesses: caller 10094 does not hold REAL_GET_TASKS; limiting output
W/ActivityManager(  549): getRunningAppProcesses: caller 10094 does not hold REAL_GET_TASKS; limiting output
I/GAv4    (21549): Google Analytics 10.0.84 is starting up. To enable debug logging on a device run:
I/GAv4    (21549):   adb shell setprop log.tag.GAv4 DEBUG
I/GAv4    (21549):   adb logcat -s GAv4
W/GAv4    (21549): AnalyticsReceiver is not registered or is disabled. Register the receiver for reliable dispatching on non-Google Play devices. See http://goo.gl/8Rd3yj for instructions.
W/OpenGLRenderer( 1014): Incorrectly called buildLayer on View: ShortcutAndWidgetContainer, destroying layer...
W/OpenGLRenderer( 1014): Incorrectly called buildLayer on View: ShortcutAndWidgetContainer, destroying layer...
W/OpenGLRenderer( 1014): Incorrectly called buildLayer on View: ShortcutAndWidgetContainer, destroying layer...
W/GAv4    (21549): CampaignTrackingReceiver is not registered, not exported or is disabled. Installation campaign tracking is not possible. See http://goo.gl/8Rd3yj for instructions.
W/GAv4    (21549): AnalyticsService not registered in the app manifest. Hits might not be delivered reliably. See http://goo.gl/8Rd3yj for instructions.
W/ActivityManager(  549): getRunningAppProcesses: caller 10094 does not hold REAL_GET_TASKS; limiting output
W/art     (21549): Suspending all threads took: 11.597ms
I/ActivityManager(  549): Start proc 21592:com.google.android.googlequicksearchbox:search/u0a59 for broadcast com.google.android.googlequicksearchbox/com.google.android.apps.gsa.search.core.icingsync.IcingCorporaChangedReceiver
I/ActivityManager(  549): Killing 20884:com.google.android.dialer/u0a141 (adj 15): empty #17
I/Icing   ( 1417): Indexing 6C2FF1236659CEB05FB452C6790117898F9B7B87 from com.google.android.gms
I/Icing   ( 1417): Not enough disk space for indexing trimmable
I/Icing   ( 1417): Not enough disk space for indexing trimmable
I/Icing   ( 1417): Indexing done 6C2FF1236659CEB05FB452C6790117898F9B7B87
I/ActivityManager(  549): Start proc 21617:com.android.vending/u0a50 for broadcast com.android.vending/com.google.android.finsky.receivers.PackageMonitorReceiver$RegisteredReceiver
I/ActivityManager(  549): Start proc 21641:com.google.android.partnersetup/u0a27 for content provider com.google.android.partnersetup/.RlzAppProvider
I/ActivityManager(  549): START u0 {act=android.intent.action.MAIN cat=[android.intent.category.HOME] flg=0x10200000 cmp=com.android.launcher/com.android.launcher2.Launcher} from uid 1000 on display 0
I/Finsky  (21617): [1] com.google.android.finsky.dailyhygiene.DailyHygiene.a(306): No need to run daily hygiene.
W/Settings(21617): Setting download_manager_max_bytes_over_mobile has moved from android.provider.Settings.Secure to android.provider.Settings.Global.
W/Settings(21617): Setting download_manager_recommended_max_bytes_over_mobile has moved from android.provider.Settings.Secure to android.provider.Settings.Global.
I/Finsky  (21617): [1] com.google.android.finsky.ab.a.a(195): Enabling bucket experiment: factor=1.000, zeroDelta=0ms, forceNetwork=true
I/AppIncrementalLogger(21592): logEvent(): Logged 80 bytes in 296 ms
I/UpdateIcingCorporaServi(21592): Updating corpora: APPS=com.mnotes, CONTACTS=MAYBE
I/Finsky  (21617): [1] com.google.android.finsky.wear.WearSupportService.a(310): Wear auto uninstall disabled for package com.mnotes
W/ResourcesManager(21617): Asset path '/system/framework/com.android.media.remotedisplay.jar' does not exist or contains no resources.
W/ResourcesManager(21617): Asset path '/system/framework/com.android.location.provider.jar' does not exist or contains no resources.
I/ActivityManager(  549): Start proc 21696:com.yirgalab.dzzz/u0a273 for broadcast com.yirgalab.dzzz/.receiver.PackageRemovedReceiver
I/Finsky  (21617): [1] com.google.android.finsky.installer.a.a.a(15010): Installer kick - no action, not running yet
I/Finsky  (21617): [1] com.google.android.finsky.x.a.h.run(180): Loaded library for account: [CpUc9kdr0-jRzqbbAtz1H5MPmhA]
I/ActivityManager(  549): Killing 20922:com.android.sharedstoragebackup/u0a53 (adj 15): empty #17
I/Finsky  (21617): [1] com.google.android.finsky.x.a.h.run(180): Loaded library for account: [3V_6-K0fmWOSddlHq63EjHRC6Ww]
I/Finsky  (21617): [1] com.google.android.finsky.x.a.h.run(186): Finished loading 2 libraries.
I/WearableService( 1247): Wear is not allowed to run on this device. Not starting Wear service.
I/ReportManager(21696): init
I/Finsky  (21617): [1] com.google.android.finsky.f.a.a.a(16889): result=false type=4
I/DrReportProxy(21696): init
I/System.out(21696): id:0
V/GuidHelper(21696): Read Config GUID == 355136052362079
I/ActivityManager(  549): Start proc 21718:com.yirgalab.dzzz:services/u0a273 for service com.yirgalab.dzzz/.report.ReportService
I/BeaconReportProxy(21696): init
D/TaskPersister(  549): removeObsoleteFile: deleting file=44_task_thumbnail.png
I/Icing   ( 1417): Usage reports 0 indexed 0 rejected 0 imm upload true
I/UpdateIcingCorporaServi(21592): UpdateCorporaTask done [took 423 ms] updated apps [took 423 ms] 
I/ActivityManager(  549): Killing 20947:com.google.android.deskclock/u0a14 (adj 15): empty #17
I/Finsky  (21617): [1] com.google.android.finsky.services.ax.a(963): Restore complete with 0 success and 0 failed.
W/ActivityManager(  549): getRunningAppProcesses: caller 10273 does not hold REAL_GET_TASKS; limiting output
E/Finsky  (21617): [1] com.google.android.finsky.wear.bl.a(847): onConnectionFailed: ConnectionResult{statusCode=API_UNAVAILABLE, resolution=null, message=null}
I/Finsky  (21617): [1] com.google.android.finsky.wear.aj.run(20402): Dropping command=send_installed_apps due to Gms not connected
W/ActivityManager(  549): getRunningAppProcesses: caller 10273 does not hold REAL_GET_TASKS; limiting output
I/Finsky  (21617): [1] com.google.android.finsky.wear.aj.run(20402): Dropping command=send_installed_apps due to Gms not connected
D/PackageRemovedReceiver(21696): package removed: package:com.mnotes
I/ActivityManager(  549): Killing 20992:com.google.android.gm.exchange/u0a114 (adj 15): empty #17
W/beacon  (21696): get app channel fail!
W/ActivityManager(  549): getRunningAppProcesses: caller 10273 does not hold REAL_GET_TASKS; limiting output
I/ReportManager(21718): init
I/DrReportProxy(21718): init
W/ActivityManager(  549): getRunningAppProcesses: caller 10273 does not hold REAL_GET_TASKS; limiting output
I/System.out(21718): id:0
V/GuidHelper(21718): Read Config GUID == 355136052362079
D/whitelist(21696): save whitelist: [com.yirgalab.dzzz, com.android.providers.downloads.ui, com.android.settings, com.android.providers.downloads]
W/ActivityManager(  549): getRunningAppProcesses: caller 10273 does not hold REAL_GET_TASKS; limiting output
I/BeaconReportProxy(21718): init
W/ActivityManager(  549): getRunningAppProcesses: caller 10273 does not hold REAL_GET_TASKS; limiting output
W/ActivityManager(  549): getRunningAppProcesses: caller 10273 does not hold REAL_GET_TASKS; limiting output
W/ActivityManager(  549): getRunningAppProcesses: caller 10273 does not hold REAL_GET_TASKS; limiting output
I/ActivityManager(  549): Start proc 21750:org.mozilla.firefox/u0a187 for broadcast org.mozilla.firefox/org.mozilla.gecko.webapp.UninstallListener
I/ActivityManager(  549): Killing 20970:com.google.android.gm/u0a22 (adj 15): empty #17
W/ActivityManager(  549): getRunningAppProcesses: caller 10273 does not hold REAL_GET_TASKS; limiting output
I/ActivityManager(  549): Killing 21149:com.google.android.apps.genie.geniewidget/u0a21 (adj 15): empty #17
W/ActivityManager(  549): getRunningAppProcesses: caller 10273 does not hold REAL_GET_TASKS; limiting output
W/ResourcesManager(21696): Asset path '/system/framework/com.google.android.dialer.support.jar' does not exist or contains no resources.
V/ReportService(21718): onCreate
V/ReportService(21718): onBind
V/ReportService(21718): ReportThread.Run Wait
W/ActivityManager(  549): getRunningAppProcesses: caller 10273 does not hold REAL_GET_TASKS; limiting output
I/DrReportProxy(21696): onServiceConnected
I/ActivityManager(  549): Killing 21178:com.google.android.marvin.talkback/u0a69 (adj 15): empty #17
W/beacon  (21718): get app channel fail!
W/ActivityManager(  549): getRunningAppProcesses: caller 10273 does not hold REAL_GET_TASKS; limiting output
I/DrReportProxy(21718): onServiceConnected
W/ActivityManager(  549): getTasks: caller 10086 does not hold REAL_GET_TASKS; limiting output
W/ActivityManager(  549): getRunningAppProcesses: caller 10273 does not hold REAL_GET_TASKS; limiting output
W/ActivityManager(  549): getRunningAppProcesses: caller 10273 does not hold REAL_GET_TASKS; limiting output
I/ActivityManager(  549): START u0 {flg=0x10800000 cmp=com.estrongs.android.pop/.app.UninstallMonitorActivity (has extras)} from uid 10086 on display 0
W/ActivityManager(  549): Activity start request from 10086 stopped
I/ActivityManager(  549): Killing 21213:com.google.android.googlequicksearchbox/u0a59 (adj 15): empty #17
W/ResourcesManager(21696): Asset path '/system/framework/com.google.android.media.effects.jar' does not exist or contains no resources.
I/ActivityManager(  549): Start proc 21775:com.android.documentsui/u0a146 for broadcast com.android.documentsui/.PackageReceiver
D/DozeApplication(21696): load list finish()
I/Icing   ( 1417): Indexing 4F21FDF3F0CAAD5E99C9D2FA10B36C34FF9F5A37 from com.google.android.googlequicksearchbox
I/Icing   ( 1417): Not enough disk space for indexing trimmable
W/ActivityManager(  549): getRunningAppProcesses: caller 10273 does not hold REAL_GET_TASKS; limiting output
I/Icing   ( 1417): Not enough disk space for indexing trimmable
W/ActivityManager(  549): getRunningAppProcesses: caller 10273 does not hold REAL_GET_TASKS; limiting output
I/ActivityManager(  549): Start proc 21795:com.android.externalstorage/u0a129 for content provider com.android.externalstorage/.ExternalStorageProvider
W/ActivityManager(  549): getRunningAppProcesses: caller 10273 does not hold REAL_GET_TASKS; limiting output
W/ActivityManager(  549): getRunningAppProcesses: caller 10273 does not hold REAL_GET_TASKS; limiting output
W/ActivityManager(  549): getRunningAppProcesses: caller 10273 does not hold REAL_GET_TASKS; limiting output
W/ActivityManager(  549): getRunningAppProcesses: caller 10273 does not hold REAL_GET_TASKS; limiting output
W/ActivityManager(  549): getRunningAppProcesses: caller 10273 does not hold REAL_GET_TASKS; limiting output
I/Icing   ( 1417): Indexing done 4F21FDF3F0CAAD5E99C9D2FA10B36C34FF9F5A37
I/ActivityManager(  549): Killing 21312:com.google.android.apps.fitness/u0a75 (adj 15): empty #17
W/ActivityManager(  549): getRunningAppProcesses: caller 10273 does not hold REAL_GET_TASKS; limiting output
W/ActivityManager(  549): getRunningAppProcesses: caller 10273 does not hold REAL_GET_TASKS; limiting output
I/art     (  549): Explicit concurrent mark sweep GC freed 19391(909KB) AllocSpace objects, 1(16KB) LOS objects, 33% free, 23MB/35MB, paused 1.648ms total 116.252ms
I/ActivityManager(  549): Killing 21455:com.android.musicfx/u0a43 (adj 15): empty #17
D/ExternalStorage(21795): After updating volumes, found 1 active roots
E/SQLiteLog(21549): (284) automatic index on sqlite_sq_B8F54000(entryId)
I/ActivityManager(  549): Start proc 21816:com.basetis.blinkingread.blinkingread/u0a79 for content provider com.basetis.blinkingread.blinkingread/com.ianhanniballake.localstorage.LocalStorageProvider
I/ActivityManager(  549): Killing 21492:com.android.defcontainer/u0a13 (adj 15): empty #17
W/Flag    (21549): Duration spec must be at least 2 characters long: 
W/Flag    (21549): Duration spec must be at least 2 characters long: 
D/Documents(21775): Update found 9 roots in 726ms
D/Documents(21775): Update found 9 roots in 329ms
W/ResourcesManager(21549): Asset path '/system/framework/com.android.media.remotedisplay.jar' does not exist or contains no resources.
W/ResourcesManager(21549): Asset path '/system/framework/com.android.location.provider.jar' does not exist or contains no resources.
W/linker  (21549): libgmscore.so: unused DT entry: type 0x7ffffffd arg 0x79f
W/linker  (21549): libconscrypt_gmscore_jni.so: unused DT entry: type 0x1d arg 0xe0
W/linker  (21549): libconscrypt_gmscore_jni.so: unused DT entry: type 0x7ffffffd arg 0x1c9
V/JNIHelp (21549): Registering com/google/android/gms/org/conscrypt/NativeCrypto's 235 native methods...
I/art     (21549): Rejecting re-init on previously-failed class java.lang.Class<com.google.android.gms.org.conscrypt.OpenSSLExtendedSessionImpl>
I/art     (21549): Rejecting re-init on previously-failed class java.lang.Class<com.google.android.gms.org.conscrypt.OpenSSLExtendedSessionImpl>
I/ProviderInstaller(21549): Installed default security provider GmsCore_OpenSSL
W/System.err(21718): java.io.IOException: fcntl failed: EAGAIN (Try again)
W/System.err(21718): 	at java.nio.FileChannelImpl.basicLock(FileChannelImpl.java:123)
W/System.err(21718): 	at java.nio.FileChannelImpl.tryLock(FileChannelImpl.java:181)
W/System.err(21718): 	at java.nio.channels.FileChannel.tryLock(FileChannel.java:584)
W/System.err(21718): 	at com.tencent.a.a.h.a(Unknown Source)
W/System.err(21718): 	at com.tencent.a.f.t.b(Unknown Source)
W/System.err(21718): 	at com.tencent.a.a.b.f.run(Unknown Source)
W/System.err(21718): 	at java.util.concurrent.Executors$RunnableAdapter.call(Executors.java:422)
W/System.err(21718): 	at java.util.concurrent.FutureTask.run(FutureTask.java:237)
W/System.err(21718): 	at java.util.concurrent.ScheduledThreadPoolExecutor$ScheduledFutureTask.access$201(ScheduledThreadPoolExecutor.java:152)
W/System.err(21718): 	at java.util.concurrent.ScheduledThreadPoolExecutor$ScheduledFutureTask.run(ScheduledThreadPoolExecutor.java:265)
W/System.err(21718): 	at java.util.concurrent.ThreadPoolExecutor.runWorker(ThreadPoolExecutor.java:1112)
W/System.err(21718): 	at java.util.concurrent.ThreadPoolExecutor$Worker.run(ThreadPoolExecutor.java:587)
W/System.err(21718): 	at java.lang.Thread.run(Thread.java:818)
W/System.err(21718): Caused by: android.system.ErrnoException: fcntl failed: EAGAIN (Try again)
W/System.err(21718): 	at libcore.io.Posix.fcntlFlock(Native Method)
W/System.err(21718): 	at libcore.io.ForwardingOs.fcntlFlock(ForwardingOs.java:70)
W/System.err(21718): 	at java.nio.FileChannelImpl.basicLock(FileChannelImpl.java:121)
W/System.err(21718): 	... 12 more
V/WindowManager(  549): addAppToken: AppWindowToken{2baac039 token=Token{1c7ad000 ActivityRecord{5dbb683 u0 com.estrongs.android.pop/.app.UninstallMonitorActivity t49}}} to stack=1 task=49 at 0
D/OpenGLRenderer(21329): Use EGL_SWAP_BEHAVIOR_PRESERVED: true
D/Atlas   (21329): Validating map...
V/WindowManager(  549): Adding window Window{316e26f5 u0 com.estrongs.android.pop/com.estrongs.android.pop.app.UninstallMonitorActivity} at 3 of 8 (after Window{124bd02d u0 com.android.launcher/com.android.launcher2.Launcher})
I/Adreno-EGL(21329): <qeglDrvAPI_eglInitialize:379>: QUALCOMM Build: 01/15/15, ab0075f, Id3510ff6dc
I/OpenGLRenderer(21329): Initialized EGL, version 1.4
D/BluetoothManagerService(  549): Message: 20
D/BluetoothManagerService(  549): Added callback: android.bluetooth.IBluetoothManagerCallback$Stub$Proxy@2e8372fb:true
D/BluetoothManagerService(  549): checkIfCallerIsForegroundUser: valid=true callingUser=0 parentUser=-10000 foregroundUser=0
D/OpenGLRenderer(21329): Enabling debug mode 0
W/InputMethodManagerService(  549): Window already focused, ignoring focus gain of: com.android.internal.view.IInputMethodClient$Stub$Proxy@4229f18 attribute=android.view.inputmethod.EditorInfo@33c73d71, token = android.os.BinderProxy@12ff1744
I/Keyboard.Facilitator(  890): onFinishInput()
I/WindowManager(  549): Screenshot max retries 4 of Token{1c7ad000 ActivityRecord{5dbb683 u0 com.estrongs.android.pop/.app.UninstallMonitorActivity t49 f}} appWin=Window{316e26f5 u0 com.estrongs.android.pop/com.estrongs.android.pop.app.UninstallMonitorActivity} drawState=1
W/InputMethodManagerService(  549): Focus gain on non-focused client com.android.internal.view.IInputMethodClient$Stub$Proxy@36f3c756 (uid=10086 pid=21329)
E/WifiStateMachine(  549): WifiStateMachine CMD_START_SCAN source -2 txSuccessRate=37.27 rxSuccessRate=16.17 targetRoamBSSID=any RSSI=-45
E/WifiStateMachine(  549): WifiStateMachine starting scan for "Kevin-Wireless"WPA_PSK with 2437
I/Finsky  (21617): [1682] com.google.android.finsky.f.f.run(2157): Replicating app states via AMAS.
I/Finsky  (21617): [1682] com.google.android.finsky.f.d.a(319): Completed 0 account content syncs with 0 successful.
I/Finsky  (21617): [1] com.google.android.finsky.services.j.a(149): Installation state replication succeeded.
E/WifiStateMachine(  549): WifiStateMachine CMD_START_SCAN source -2 txSuccessRate=2.99 rxSuccessRate=1.50 targetRoamBSSID=any RSSI=-32
W/ActivityManager(  549): getRunningAppProcesses: caller 10273 does not hold REAL_GET_TASKS; limiting output
E/WifiStateMachine(  549): WifiStateMachine CMD_START_SCAN source -2 txSuccessRate=0.11 rxSuccessRate=1.75 targetRoamBSSID=any RSSI=-31
E/WifiStateMachine(  549): WifiStateMachine starting scan for "Kevin-Wireless"WPA_PSK with 2437
I/ActivityManager(  549): Start proc 21918:com.handlerexploit.tweedle/u0a33 for service com.handlerexploit.tweedle/.services.BackgroundUpdatingService
I/ActivityManager(  549): Killing 21475:com.android.keychain/1000 (adj 15): empty #17
W/art     (21918): Suspending all threads took: 29.574ms
I/PowerManagerService(  549): Going to sleep due to screen timeout (uid 1000)...
I/PowerManagerService(  549): Sleeping (uid 1000)...
D/audio_hw_primary(  193): adev_set_parameters: enter: screen_state=off
E/WifiStateMachine(  549): cancelDelayedScan -> 153
E/native  (  549): do suspend true
I/Keyboard.Facilitator(  890): onFinishInput()
W/ActivityManager(  549): getRunningAppProcesses: caller 10273 does not hold REAL_GET_TASKS; limiting output
W/ActivityManager(  549): getRunningAppProcesses: caller 10273 does not hold REAL_GET_TASKS; limiting output
I/DisplayManagerService(  549): Display device changed: DisplayDeviceInfo{"Built-in Screen": uniqueId="local:0", 768 x 1280, 60.0 fps, supportedRefreshRates [60.0], density 320, 319.79 x 318.745 dpi, appVsyncOff 0, presDeadline 17666667, touch INTERNAL, rotation 0, type BUILT_IN, state OFF, FLAG_DEFAULT_DISPLAY, FLAG_ROTATES_WITH_CONTENT, FLAG_SECURE, FLAG_SUPPORTS_PROTECTED_BUFFERS}
V/ActivityManager(  549): Display changed displayId=0
D/SurfaceFlinger(  172): Set power mode=0, type=0 flinger=0xb85bf550
D/SurfaceControl(  549): Excessive delay in setPowerMode(): 178ms
E/ANDR-PERF-LOCK(  200): Failed to apply optimization for resource: 4 level: 0
E/WifiStateMachine(  549): WifiStateMachine CMD_START_SCAN source -2 txSuccessRate=0.00 rxSuccessRate=0.00 targetRoamBSSID=any RSSI=-31
E/WifiStateMachine(  549): WifiStateMachine L2Connected CMD_START_SCAN source -2 152, 153 -> obsolete
I/chromium( 1417): [INFO:CONSOLE(0)] "Application Cache Checking event", source: https://googleads.g.doubleclick.net/mads/static/mad/sdk/native/sdk-core-v40-loader.html (0)
I/chromium( 1417): [INFO:CONSOLE(0)] "Application Cache NoUpdate event", source: https://googleads.g.doubleclick.net/mads/static/mad/sdk/native/sdk-core-v40-loader.html (0)
W/ActivityManager(  549): Unable to start service Intent { flg=0x24 cmp=com.geeksoft.wps/com.baidu.android.pushservice.PushService (has extras) } U=0: not found
D/PhoneStatusBar(  715): disable: < expand ICONS* alerts SYSTEM_INFO* back home recent clock search >
D/BluetoothAdapter(  715): 93557601: getState() :  mService = null. Returning STATE_OFF
D/BluetoothAdapter(  715): 93557601: getState() :  mService = null. Returning STATE_OFF
D/BluetoothAdapter(  715): 93557601: getState() :  mService = null. Returning STATE_OFF
D/BluetoothAdapter(  715): 93557601: getState() :  mService = null. Returning STATE_OFF
D/PhoneStatusBar(  715): disable: < expand ICONS alerts SYSTEM_INFO back HOME* RECENT* clock SEARCH* >
W/ActivityManager(  549): getRunningAppProcesses: caller 10273 does not hold REAL_GET_TASKS; limiting output
D/AndroidRuntime(22004): >>>>>> START com.android.internal.os.RuntimeInit uid 2000 <<<<<<
D/AndroidRuntime(22004): CheckJNI is OFF
D/AndroidRuntime(22004): Calling main entry com.android.commands.pm.Pm
I/ActivityManager(  549): Start proc 22020:com.android.defcontainer/u0a13 for service com.android.defcontainer/.DefaultContainerService
I/art     (  202): Explicit concurrent mark sweep GC freed 707(30KB) AllocSpace objects, 0(0B) LOS objects, 39% free, 7MB/11MB, paused 366us total 23.836ms
I/art     (  202): Explicit concurrent mark sweep GC freed 7(240B) AllocSpace objects, 0(0B) LOS objects, 40% free, 7MB/11MB, paused 335us total 22.371ms
I/art     (  202): Explicit concurrent mark sweep GC freed 5(160B) AllocSpace objects, 0(0B) LOS objects, 40% free, 7MB/11MB, paused 305us total 28.017ms
D/DefContainer(22020): Copying /data/local/tmp/app-release-unsigned.apk to base.apk
D/PackageManager(  549): Renaming /data/app/vmdl1592997947.tmp to /data/app/com.mnotes-1
I/PackageManager(  549): Running dexopt on: /data/app/com.mnotes-1/base.apk pkg=com.mnotes isa=arm vmSafeMode=false
I/dex2oat (22045): /system/bin/dex2oat --zip-fd=6 --zip-location=/data/app/com.mnotes-1/base.apk --oat-fd=7 --oat-location=/data/dalvik-cache/arm/data@app@com.mnotes-1@base.apk@classes.dex --instruction-set=arm --instruction-set-features=div --runtime-arg -Xms64m --runtime-arg -Xmx512m --swap-fd=8
I/dex2oat (22045): Decided to run without swap.
W/dex2oat (22045): Before Android 4.1, method int android.support.v7.internal.widget.ListViewCompat.lookForSelectablePosition(int, boolean) would have incorrectly overridden the package-private method in android.widget.ListView
I/dex2oat (22045): dex2oat took 7.841s (threads: 4) arena alloc=76KB java alloc=6MB native alloc=11MB free=1971KB
I/Keyboard.Facilitator.LanguageModelFlusher(  890): run()
I/Keyboard.Facilitator(  890): flushDynamicLanguageModels()
W/ActivityManager(  549): getRunningAppProcesses: caller 10273 does not hold REAL_GET_TASKS; limiting output
V/BackupManagerService(  549): restoreAtInstall pkg=com.mnotes token=d restoreSet=0
V/BackupManagerService(  549): Finishing install immediately
W/ActivityManager(  549): getRunningAppProcesses: caller 10273 does not hold REAL_GET_TASKS; limiting output
I/ActivityManager(  549): Killing 21513:com.google.android.apps.plus/u0a51 (adj 15): empty #17
I/InputReader(  549): Reconfiguring input devices.  changes=0x00000010
D/Documents(21775): Update found 9 roots in 9ms
W/Settings(  549): Setting install_non_market_apps has moved from android.provider.Settings.Global to android.provider.Settings.Secure, returning read-only value.
I/ActivityManager(  549): Start proc 22075:com.android.musicfx/u0a43 for broadcast com.android.musicfx/.Compatibility$Receiver
I/art     ( 1247): Explicit concurrent mark sweep GC freed 53886(3MB) AllocSpace objects, 35(1077KB) LOS objects, 40% free, 18MB/30MB, paused 1.648ms total 158.583ms
W/InputMethodInfo(  549): Duplicated subtype definition found: ja, keyboard
I/ActivityManager(  549): Start proc 22094:com.google.android.apps.plus/u0a51 for broadcast com.google.android.apps.plus/.service.PackagesMediaMonitor
I/ActivityManager(  549): Killing 21549:com.google.android.apps.docs/u0a94 (adj 15): empty #17
D/BackupManagerService(  549): Received broadcast Intent { act=android.intent.action.PACKAGE_ADDED dat=package:com.mnotes flg=0x4000010 (has extras) }
W/BackupManagerService(  549): Removing schedule queue dupe of com.mnotes
I/art     (  549): Explicit concurrent mark sweep GC freed 97852(5MB) AllocSpace objects, 25(780KB) LOS objects, 33% free, 24MB/36MB, paused 4.242ms total 222.035ms
I/art     (22004): System.exit called, status: 0
I/AndroidRuntime(22004): VM exiting with result code 0.
W/ResourcesManager(22094): Asset path '/system/framework/com.google.android.maps.jar' does not exist or contains no resources.
I/Launcher( 1014): Deferring update until onResume
I/Launcher( 1014): Deferring update until onResume
E/ChimeraRcvrProxy( 1417): Can't find Chimera receiver impl class com.google.android.gms.games.GamesBroadcastReceiverStub
E/ChimeraRcvrProxy( 1417): com.google.android.gms.games.chimera.GamesSystemBroadcastReceiverProxy dropping broadcast android.intent.action.PACKAGE_ADDED
I/ActivityManager(  549): Start proc 22132:com.google.android.apps.docs/u0a94 for broadcast com.google.android.apps.docs/.receivers.AppPackageAddRemoveReceiver
W/IcingInternalCorpora( 1417): getNumBytesRead when not calculated.
I/Icing   ( 1417): Usage reports 0 indexed 0 rejected 0 imm upload false
I/Icing   ( 1417): Usage reports 0 indexed 0 rejected 0 imm upload false
W/ActivityManager(  549): getRunningAppProcesses: caller 10094 does not hold REAL_GET_TASKS; limiting output
W/ActivityManager(  549): getRunningAppProcesses: caller 10094 does not hold REAL_GET_TASKS; limiting output
W/ActivityManager(  549): getRunningAppProcesses: caller 10094 does not hold REAL_GET_TASKS; limiting output
I/GAv4    (22132): Google Analytics 10.0.84 is starting up. To enable debug logging on a device run:
I/GAv4    (22132):   adb shell setprop log.tag.GAv4 DEBUG
I/GAv4    (22132):   adb logcat -s GAv4
W/GAv4    (22132): AnalyticsReceiver is not registered or is disabled. Register the receiver for reliable dispatching on non-Google Play devices. See http://goo.gl/8Rd3yj for instructions.
W/GAv4    (22132): CampaignTrackingReceiver is not registered, not exported or is disabled. Installation campaign tracking is not possible. See http://goo.gl/8Rd3yj for instructions.
W/GAv4    (22132): AnalyticsService not registered in the app manifest. Hits might not be delivered reliably. See http://goo.gl/8Rd3yj for instructions.
W/ActivityManager(  549): getRunningAppProcesses: caller 10094 does not hold REAL_GET_TASKS; limiting output
I/Finsky  (21617): [1] com.google.android.finsky.wear.WearSupportService.a(307): Wear auto install disabled for package com.mnotes
I/Finsky  (21617): [1] com.google.android.finsky.utils.as.run(3288): Package state data is missing for com.mnotes
W/ActivityManager(  549): getTasks: caller 10086 does not hold REAL_GET_TASKS; limiting output
I/ActivityManager(  549): START u0 {flg=0x10800000 cmp=com.estrongs.android.pop/.app.InstallMonitorActivity (has extras)} from uid 10086 on display 0
V/WindowManager(  549): addAppToken: AppWindowToken{1a1de435 token=Token{2b0c566c ActivityRecord{27b6e31f u0 com.estrongs.android.pop/.app.InstallMonitorActivity t50}}} to stack=1 task=50 at 0
I/WearableService( 1247): Wear is not allowed to run on this device. Not starting Wear service.
V/ActivityManager(  549): Display changed displayId=0
E/Finsky  (21617): [1] com.google.android.finsky.wear.bl.a(847): onConnectionFailed: ConnectionResult{statusCode=API_UNAVAILABLE, resolution=null, message=null}
I/Finsky  (21617): [1] com.google.android.finsky.wear.aj.run(20402): Dropping command=send_installed_apps due to Gms not connected
I/AppIncrementalLogger(21592): logEvent(): Logged 99 bytes in 84 ms
I/UpdateIcingCorporaServi(21592): Updating corpora: APPS=com.mnotes, CONTACTS=MAYBE
I/Icing   ( 1417): Usage reports 0 indexed 0 rejected 0 imm upload true
I/UpdateIcingCorporaServi(21592): UpdateCorporaTask done [took 119 ms] updated apps [took 119 ms] 
I/Icing   ( 1417): Indexing 6C2FF1236659CEB05FB452C6790117898F9B7B87 from com.google.android.gms
I/Icing   ( 1417): Not enough disk space for indexing trimmable
I/Icing   ( 1417): Not enough disk space for indexing trimmable
I/Icing   ( 1417): Indexing done 6C2FF1236659CEB05FB452C6790117898F9B7B87
