V/fb-UnpackingSoSource(23912): starting syncer worker
V/fb-UnpackingSoSource(23912): releasing dso store lock for /data/data/com.mnotes/lib-main (from syncer thread)
V/fb-UnpackingSoSource(23912): not releasing dso store lock for /data/data/com.mnotes/lib-main (syncer thread started)
D/ReactNative(23912): [CodePush] Loading JS bundle from "assets://index.android.bundle"
W/unknown:React(23912): You seem to be running on device. Run 'adb reverse tcp:8081 tcp:8081' to forward the debug server's port to the device.
W/unknown:React(23912): You seem to be running on device. Run 'adb reverse tcp:8081 tcp:8081' to forward the debug server's port to the device.
W/unknown:React(23912): You seem to be running on device. Run 'adb reverse tcp:8081 tcp:8081' to forward the debug server's port to the device.
W/unknown:React(23912): Packager connection already open, nooping.
W/unknown:React(23912): Inspector connection already open, nooping.
D/OpenGLRenderer(23912): Use EGL_SWAP_BEHAVIOR_PRESERVED: true
D/Atlas   (23912): Validating map...
V/WindowManager(  549): Adding window Window{1867ba38 u0 com.mnotes/com.mnotes.MainActivity} at 4 of 10 (before Window{156d00c6 u0 Starting com.mnotes})
I/Adreno-EGL(23912): <qeglDrvAPI_eglInitialize:379>: QUALCOMM Build: 01/15/15, ab0075f, Id3510ff6dc
I/OpenGLRenderer(23912): Initialized EGL, version 1.4
D/OpenGLRenderer(23912): Enabling debug mode 0
W/unknown:React(23912): You seem to be running on device. Run 'adb reverse tcp:8081 tcp:8081' to forward the debug server's port to the device.
I/Keyboard.Facilitator(  890): onFinishInput()
I/ActivityManager(  549): Displayed com.mnotes/.MainActivity: +534ms (total +53s478ms)
I/ActivityManager(  549): Killing 23375:org.mozilla.firefox/u0a187 (adj 15): empty #17
W/Fitness ( 1247): No default data source set for com.google.android.apps.fitness.activity.baseline
E/Fitness ( 1247): No default data source found for DataType{com.google.android.apps.fitness.activity.baseline{duration(i)}}, creating a fake one
W/Fitness ( 1247): No default data source set for com.google.android.apps.fitness.distance.baseline
E/Fitness ( 1247): No default data source found for DataType{com.google.android.apps.fitness.distance.baseline{distance(f)}}, creating a fake one
W/Fitness ( 1247): No default data source set for com.google.android.apps.fitness.step_count.baseline
E/Fitness ( 1247): No default data source found for DataType{com.google.android.apps.fitness.step_count.baseline{steps(i)}}, creating a fake one
W/Fitness ( 1247): No default data source set for com.google.android.apps.fitness.calories.baseline
E/Fitness ( 1247): No default data source found for DataType{com.google.android.apps.fitness.calories.baseline{calories(f)}}, creating a fake one
W/Fitness ( 1247): No default data source set for com.google.android.apps.fitness.time_zone
E/Fitness ( 1247): No default data source found for DataType{com.google.android.apps.fitness.time_zone{id(i)}}, creating a fake one
I/art     (23912): Thread[1,tid=23912,WaitingForJniOnLoad,Thread*=0xb8d54408,peer=0x744f0000,"main"] recursive attempt to load library "/data/app/com.mnotes-1/lib/arm/libfb.so"
W/unknown:React(23912): You seem to be running on device. Run 'adb reverse tcp:8081 tcp:8081' to forward the debug server's port to the device.
W/InputMethodManagerService(  549): Window already focused, ignoring focus gain of: com.android.internal.view.IInputMethodClient$Stub$Proxy@380e2667 attribute=null, token = android.os.BinderProxy@e20954c
W/unknown:ViewManagerPropertyUpdater(23912): Could not find generated setter for class com.facebook.react.views.art.ARTGroupViewManager
W/unknown:ViewManagerPropertyUpdater(23912): Could not find generated setter for class com.facebook.react.views.art.ARTGroupShadowNode
W/unknown:ViewManagerPropertyUpdater(23912): Could not find generated setter for class com.facebook.react.views.art.ARTShapeViewManager
W/unknown:ViewManagerPropertyUpdater(23912): Could not find generated setter for class com.facebook.react.views.art.ARTShapeShadowNode
W/unknown:ViewManagerPropertyUpdater(23912): Could not find generated setter for class com.facebook.react.views.art.ARTTextViewManager
W/unknown:ViewManagerPropertyUpdater(23912): Could not find generated setter for class com.facebook.react.views.art.ARTTextShadowNode
W/unknown:ViewManagerPropertyUpdater(23912): Could not find generated setter for class com.facebook.react.views.art.ARTSurfaceViewManager
W/unknown:ViewManagerPropertyUpdater(23912): Could not find generated setter for class com.facebook.react.views.art.ARTSurfaceViewShadowNode
W/unknown:ViewManagerPropertyUpdater(23912): Could not find generated setter for class com.facebook.react.views.picker.ReactDialogPickerManager
W/unknown:ViewManagerPropertyUpdater(23912): Could not find generated setter for class com.facebook.react.uimanager.LayoutShadowNode
W/unknown:ViewManagerPropertyUpdater(23912): Could not find generated setter for class com.facebook.react.views.drawer.ReactDrawerLayoutManager
W/unknown:ViewManagerPropertyUpdater(23912): Could not find generated setter for class com.facebook.react.views.picker.ReactDropdownPickerManager
W/unknown:ViewManagerPropertyUpdater(23912): Could not find generated setter for class com.facebook.react.views.scroll.ReactHorizontalScrollViewManager
W/unknown:ViewManagerPropertyUpdater(23912): Could not find generated setter for class com.facebook.react.views.image.ReactImageManager
W/unknown:ViewManagerPropertyUpdater(23912): Could not find generated setter for class com.facebook.react.views.modal.ReactModalHostManager
W/unknown:ViewManagerPropertyUpdater(23912): Could not find generated setter for class com.facebook.react.views.modal.ModalHostShadowNode
W/unknown:ViewManagerPropertyUpdater(23912): Could not find generated setter for class com.facebook.react.views.progressbar.ReactProgressBarViewManager
W/unknown:ViewManagerPropertyUpdater(23912): Could not find generated setter for class com.facebook.react.views.progressbar.ProgressBarShadowNode
W/unknown:ViewManagerPropertyUpdater(23912): Could not find generated setter for class com.facebook.react.views.text.ReactRawTextManager
W/unknown:ViewManagerPropertyUpdater(23912): Could not find generated setter for class com.facebook.react.views.text.ReactTextShadowNode
W/unknown:ViewManagerPropertyUpdater(23912): Could not find generated setter for class com.facebook.react.views.scroll.ReactScrollViewManager
W/unknown:ViewManagerPropertyUpdater(23912): Could not find generated setter for class com.facebook.react.views.slider.ReactSliderManager
W/unknown:ViewManagerPropertyUpdater(23912): Could not find generated setter for class com.facebook.react.views.slider.ReactSliderManager$ReactSliderShadowNode
W/unknown:ViewManagerPropertyUpdater(23912): Could not find generated setter for class com.facebook.react.views.switchview.ReactSwitchManager
W/unknown:ViewManagerPropertyUpdater(23912): Could not find generated setter for class com.facebook.react.views.switchview.ReactSwitchManager$ReactSwitchShadowNode
W/unknown:ViewManagerPropertyUpdater(23912): Could not find generated setter for class com.facebook.react.views.text.frescosupport.FrescoBasedReactTextInlineImageViewManager
W/unknown:ViewManagerPropertyUpdater(23912): Could not find generated setter for class com.facebook.react.views.text.frescosupport.FrescoBasedReactTextInlineImageShadowNode
W/unknown:ViewManagerPropertyUpdater(23912): Could not find generated setter for class com.facebook.react.views.textinput.ReactTextInputManager
W/unknown:ViewManagerPropertyUpdater(23912): Could not find generated setter for class com.facebook.react.views.textinput.ReactTextInputShadowNode
W/unknown:ViewManagerPropertyUpdater(23912): Could not find generated setter for class com.facebook.react.views.text.ReactTextViewManager
W/unknown:ViewManagerPropertyUpdater(23912): Could not find generated setter for class com.facebook.react.views.toolbar.ReactToolbarManager
W/unknown:ViewManagerPropertyUpdater(23912): Could not find generated setter for class com.facebook.react.views.view.ReactViewManager
W/unknown:ViewManagerPropertyUpdater(23912): Could not find generated setter for class com.facebook.react.views.viewpager.ReactViewPagerManager
W/unknown:ViewManagerPropertyUpdater(23912): Could not find generated setter for class com.facebook.react.views.text.ReactVirtualTextViewManager
W/unknown:ViewManagerPropertyUpdater(23912): Could not find generated setter for class com.facebook.react.views.webview.ReactWebViewManager
W/unknown:ViewManagerPropertyUpdater(23912): Could not find generated setter for class com.facebook.react.views.swiperefresh.SwipeRefreshLayoutManager
W/unknown:React(23912): Packager connection already open, nooping.
W/unknown:React(23912): Inspector connection already open, nooping.
I/WebViewFactory(23912): Loading com.google.android.webview version 43.0.2357.121 (code 2357121)
I/LibraryLoader(23912): Time to load native libraries: 1 ms (timestamps 9183-9184)
I/LibraryLoader(23912): Expected native library version number "",actual native library version number ""
W/art     (23912): Attempt to remove local handle scope entry from IRT, ignoring
I/ReactNativeJS(23912): Running application "mnotes" with appParams: {"initialProps":{},"rootTag":1}. __DEV__ === true, development-level warning are ON, performance optimizations are OFF
W/unknown:ViewManagerPropertyUpdater(23912): Could not find generated setter for class com.facebook.react.views.text.ReactVirtualTextShadowNode
I/ReactNativeJS(23912): [CodePush] Checking for update.
I/ReactNativeJS(23912): [CodePush] Reporting binary update (1.0)
W/ResourceType(  715): No package identifier when getting value for resource number 0x00000000
W/PackageManager(  715): Failure retrieving resources for com.mnotes: Resource ID #0x0
I/ActivityManager(  549): START u0 {act=com.android.systemui.recents.SHOW_RECENTS flg=0x10804000 cmp=com.android.systemui/.recents.RecentsActivity} from uid 10142 on display 0
I/Keyboard.Facilitator(  890): onFinishInput()
I/ReactNativeJS(23912): [CodePush] Awaiting user action.
V/WindowManager(  549): not Base app: Adding window Window{1eff64f1 u0 com.mnotes/com.mnotes.MainActivity} at 2 of 9
W/ResourceType(  715): No package identifier when getting value for resource number 0x00000000
W/PackageManager(  715): Failure retrieving resources for com.mnotes: Resource ID #0x0
I/ActivityManager(  549): Killing 23405:com.android.documentsui/u0a146 (adj 15): empty #17
I/ActivityManager(  549): Killing 23912:com.mnotes/u0a289 (adj 9): remove task
I/WindowState(  549): WIN DEATH: Window{1867ba38 u0 com.mnotes/com.mnotes.MainActivity}
I/WindowState(  549): WIN DEATH: Window{1eff64f1 u0 com.mnotes/com.mnotes.MainActivity}
I/ActivityManager(  549): START u0 {act=android.intent.action.MAIN cat=[android.intent.category.HOME] flg=0x10200000 cmp=com.android.launcher/com.android.launcher2.Launcher} from uid 10142 on display 0
D/TaskPersister(  549): removeObsoleteFile: deleting file=57_task.xml
D/TaskPersister(  549): removeObsoleteFile: deleting file=57_task_thumbnail.png
I/Keyboard.Facilitator(  890): onFinishInput()
W/OpenGLRenderer( 1014): Incorrectly called buildLayer on View: ShortcutAndWidgetContainer, destroying layer...
W/OpenGLRenderer( 1014): Incorrectly called buildLayer on View: ShortcutAndWidgetContainer, destroying layer...
E/WifiStateMachine(  549): WifiStateMachine CMD_START_SCAN source -2 txSuccessRate=2.48 rxSuccessRate=3.61 targetRoamBSSID=any RSSI=-31
W/IcingInternalCorpora( 1417): getNumBytesRead when not calculated.
I/ActivityManager(  549): Start proc 24058:com.handlerexploit.tweedle/u0a33 for service com.handlerexploit.tweedle/.services.BackgroundUpdatingService
E/WifiStateMachine(  549): WifiStateMachine CMD_START_SCAN source -2 txSuccessRate=5.25 rxSuccessRate=5.35 targetRoamBSSID=any RSSI=-31
E/WifiStateMachine(  549): WifiStateMachine starting scan for "Kevin-Wireless"WPA_PSK with 2437
E/WifiStateMachine(  549): WifiStateMachine CMD_START_SCAN source -2 txSuccessRate=0.02 rxSuccessRate=0.93 targetRoamBSSID=any RSSI=-32
E/WifiStateMachine(  549): WifiStateMachine starting scan for "Kevin-Wireless"WPA_PSK with 2437
I/[@@    ] SyncAdapterProxy(23725): Delagator disabled, using the (deprecated) GData sync adapter
I/GoogleHttpClient(23725): GMS http client unavailable, use old client
I/art     ( 1247): Explicit concurrent mark sweep GC freed 191241(10MB) AllocSpace objects, 51(816KB) LOS objects, 39% free, 19MB/32MB, paused 1.739ms total 136.670ms
E/SQLiteLog(21432): (284) automatic index on sqlite_sq_B94A2248(STAT_DATA_ID)
E/SQLiteLog(21432): (284) automatic index on sqlite_sq_B94A4300(STAT_DATA_ID)
I/[@@    ] SyncAdapterProxy(23725): Delagator disabled, using the (deprecated) GData sync adapter
E/SQLiteLog(21432): (284) automatic index on sqlite_sq_B963E010(STAT_DATA_ID)
E/SQLiteLog(21432): (284) automatic index on sqlite_sq_B9498140(STAT_DATA_ID)
I/Keyboard.Facilitator.LanguageModelFlusher(  890): run()
I/Keyboard.Facilitator(  890): flushDynamicLanguageModels()
E/WifiStateMachine(  549): WifiStateMachine CMD_START_SCAN source -2 txSuccessRate=0.00 rxSuccessRate=1.33 targetRoamBSSID=any RSSI=-31
I/ActivityManager(  549): Start proc 24148:com.google.android.deskclock/u0a14 for broadcast com.google.android.deskclock/com.android.alarmclock.DigitalAppWidgetProvider
I/art     (  549): Explicit concurrent mark sweep GC freed 63565(2MB) AllocSpace objects, 7(112KB) LOS objects, 33% free, 25MB/37MB, paused 5.951ms total 131.298ms
I/GAv4    (24148): Google Analytics 7.8.95 is starting up. To enable debug logging on a device run:
I/GAv4    (24148):   adb shell setprop log.tag.GAv4 DEBUG
I/GAv4    (24148):   adb logcat -s GAv4
W/GAv4    (24148): AnalyticsReceiver is not registered or is disabled. Register the receiver for reliable dispatching on non-Google Play devices. See http://goo.gl/8Rd3yj for instructions.
W/ActivityManager(  549): getRunningAppProcesses: caller 10014 does not hold REAL_GET_TASKS; limiting output
W/GAv4    (24148): CampaignTrackingReceiver is not registered, not exported or is disabled. Installation campaign tracking is not possible. See http://goo.gl/8Rd3yj for instructions.
W/GAv4    (24148): AnalyticsService not registered in the app manifest. Hits might not be delivered reliably. See http://goo.gl/8Rd3yj for instructions.
I/ActivityManager(  549): Killing 23424:com.android.externalstorage/u0a129 (adj 15): empty #17
W/ProcessCpuTracker(  549): Skipping unknown process pid 24165
W/ProcessCpuTracker(  549): Skipping unknown process pid 24167
E/WifiStateMachine(  549): WifiStateMachine CMD_START_SCAN source -2 txSuccessRate=0.00 rxSuccessRate=3.07 targetRoamBSSID=any RSSI=-30
E/WifiStateMachine(  549): WifiStateMachine starting scan for "Kevin-Wireless"WPA_PSK with 2437
W/ActivityManager(  549): Unable to start service Intent { flg=0x24 cmp=com.geeksoft.wps/com.baidu.android.pushservice.PushService (has extras) } U=0: not found
E/WifiStateMachine(  549): WifiStateMachine CMD_START_SCAN source -2 txSuccessRate=0.25 rxSuccessRate=3.75 targetRoamBSSID=any RSSI=-31
E/WifiStateMachine(  549): WifiStateMachine starting scan for "Kevin-Wireless"WPA_PSK with 2437
I/PowerManagerService(  549): Going to sleep due to screen timeout (uid 1000)...
I/PowerManagerService(  549): Sleeping (uid 1000)...
E/WifiStateMachine(  549): cancelDelayedScan -> 183
E/native  (  549): do suspend true
D/audio_hw_primary(  193): adev_set_parameters: enter: screen_state=off
I/Keyboard.Facilitator(  890): onFinishInput()
I/DisplayManagerService(  549): Display device changed: DisplayDeviceInfo{"Built-in Screen": uniqueId="local:0", 768 x 1280, 60.0 fps, supportedRefreshRates [60.0], density 320, 319.79 x 318.745 dpi, appVsyncOff 0, presDeadline 17666667, touch INTERNAL, rotation 0, type BUILT_IN, state OFF, FLAG_DEFAULT_DISPLAY, FLAG_ROTATES_WITH_CONTENT, FLAG_SECURE, FLAG_SUPPORTS_PROTECTED_BUFFERS}
D/SurfaceFlinger(  172): Set power mode=0, type=0 flinger=0xb85bf550
V/ActivityManager(  549): Display changed displayId=0
D/SurfaceControl(  549): Excessive delay in setPowerMode(): 187ms
E/ANDR-PERF-LOCK(  200): Failed to apply optimization for resource: 4 level: 0
E/WifiStateMachine(  549): WifiStateMachine CMD_START_SCAN source -2 txSuccessRate=0.00 rxSuccessRate=0.00 targetRoamBSSID=any RSSI=-31
E/WifiStateMachine(  549): WifiStateMachine L2Connected CMD_START_SCAN source -2 182, 183 -> obsolete
D/PhoneStatusBar(  715): disable: < expand ICONS* alerts SYSTEM_INFO* back home recent clock search >
D/BluetoothAdapter(  715): 93557601: getState() :  mService = null. Returning STATE_OFF
D/BluetoothAdapter(  715): 93557601: getState() :  mService = null. Returning STATE_OFF
D/BluetoothAdapter(  715): 93557601: getState() :  mService = null. Returning STATE_OFF
D/BluetoothAdapter(  715): 93557601: getState() :  mService = null. Returning STATE_OFF
D/PhoneStatusBar(  715): disable: < expand ICONS alerts SYSTEM_INFO back HOME* RECENT* clock SEARCH* >
I/PowerManagerService(  549): Waking up from sleep (uid 1000)...
V/KeyguardServiceDelegate(  549): onScreenTurnedOn(showListener = com.android.internal.policy.impl.PhoneWindowManager$2@1af5a7bc)
I/DisplayPowerController(  549): Blocking screen on until initial contents have been drawn.
D/SurfaceFlinger(  172): Set power mode=2, type=0 flinger=0xb85bf550
I/DisplayManagerService(  549): Display device changed: DisplayDeviceInfo{"Built-in Screen": uniqueId="local:0", 768 x 1280, 60.0 fps, supportedRefreshRates [60.0], density 320, 319.79 x 318.745 dpi, appVsyncOff 0, presDeadline 17666667, touch INTERNAL, rotation 0, type BUILT_IN, state ON, FLAG_DEFAULT_DISPLAY, FLAG_ROTATES_WITH_CONTENT, FLAG_SECURE, FLAG_SUPPORTS_PROTECTED_BUFFERS}
V/ActivityManager(  549): Display changed displayId=0
E/WifiStateMachine(  549): cancelDelayedScan -> 184
E/ANDR-PERF-LOCK(  200): Failed to reset optimization for resource: 4 level: 0
D/audio_hw_primary(  193): adev_set_parameters: enter: screen_state=on
E/native  (  549): do suspend false
V/KeyguardServiceDelegate(  549): **** SHOWN CALLED ****
D/SurfaceControl(  549): Excessive delay in setPowerMode(): 125ms
I/DisplayPowerController(  549): Unblocked screen on after 155 ms
I/TWILIGHT( 3299): [14:16:25.598, main]: Sunrise / Sunset = Tue Mar 14 05:52:00 GMT+00:00 2017 / Tue Mar 14 18:45:00 GMT+00:00 2017
I/TWILIGHT( 3299): [14:16:25.598, main]: has smart light true  false
I/TWILIGHT( 3299): [14:16:25.598, main]: Finally Update current 0 1478
E/WifiStateMachine(  549): WifiStateMachine CMD_START_SCAN source -2 txSuccessRate=0.00 rxSuccessRate=0.00 targetRoamBSSID=any RSSI=-32
D/PhoneStatusBar(  715): disable: < expand ICONS alerts SYSTEM_INFO back HOME RECENT clock SEARCH >
D/PhoneStatusBar(  715): disable: < expand ICONS alerts SYSTEM_INFO back HOME RECENT clock SEARCH >
D/PhoneStatusBar(  715): disable: < expand ICONS alerts SYSTEM_INFO back HOME RECENT clock SEARCH >
D/BluetoothAdapter(  715): 93557601: getState() :  mService = null. Returning STATE_OFF
D/BluetoothAdapter(  715): 93557601: getState() :  mService = null. Returning STATE_OFF
D/PhoneStatusBar(  715): disable: < expand icons* alerts system_info* back HOME RECENT clock SEARCH >
W/InputMethodManagerService(  549): Window already focused, ignoring focus gain of: com.android.internal.view.IInputMethodClient$Stub$Proxy@f0be221 attribute=android.view.inputmethod.EditorInfo@d7b8646, token = android.os.BinderProxy@12ff1744
I/CryptAuthSync( 1417): [DeviceStateSyncManager] Device state fast sync is disabled
D/PhoneStatusBar(  715): disable: < expand icons alerts system_info back home* recent* clock search* >
I/Keyboard.Facilitator(  890): onFinishInput()
W/ActivityManager(  549): getTasks: caller 10073 does not hold REAL_GET_TASKS; limiting output
I/DeviceCache( 1417): Unable to convert the the network interface's MAC Address to string. MAC address cannot be null.
I/DeviceCache( 1417): Unable to convert the the network interface's MAC Address to string. MAC address cannot be null.
I/DeviceCache( 1417): Unable to convert the the network interface's MAC Address to string. MAC address cannot be null.
I/DeviceCache( 1417): Unable to convert the the network interface's MAC Address to string. MAC address cannot be null.
I/DeviceCache( 1417): Unable to convert the the network interface's MAC Address to string. MAC address cannot be null.
I/DeviceCache( 1417): Unable to convert the the network interface's MAC Address to string. MAC address cannot be null.
I/ActivityManager(  549): Start proc 24282:com.google.android.apps.fitness/u0a75 for broadcast com.google.android.apps.fitness/.widget.TodayStatusWidgetProvider
I/FitnessApp(24282): Initializers took 1 milliseconds
I/ActivityManager(  549): Killing 23457:com.basetis.blinkingread.blinkingread/u0a79 (adj 15): empty #17
W/BroadcastQueue(  549): Permission Denial: broadcasting Intent { act=android.intent.action.USER_PRESENT flg=0x24000010 } from com.android.systemui (pid=715, uid=10142) is not exported from uid 10194 due to receiver com.geeksoft.wps/cn.jpush.android.service.PushReceiver
D/android.widget.GridLayout( 1014): horizontal constraints: x1-x0>=350, x2-x1>=390, x2-x0<=736 are inconsistent; permanently removing: x2-x0<=736. 
I/Keyboard.Facilitator(  890): onFinishInput()
I/ActivityManager(  549): START u0 {act=android.intent.action.DELETE dat=package:com.mnotes flg=0x10800000 cmp=com.android.packageinstaller/.UninstallerActivity (has extras)} from uid 10035 on display 0
V/WindowManager(  549): addAppToken: AppWindowToken{1d580cf6 token=Token{35e09591 ActivityRecord{b27c3b8 u0 com.android.packageinstaller/.UninstallerActivity t58}}} to stack=1 task=58 at 0
V/WindowManager(  549): Adding window Window{34716364 u0 com.android.packageinstaller/com.android.packageinstaller.UninstallerActivity} at 3 of 8 (after Window{124bd02d u0 com.android.launcher/com.android.launcher2.Launcher})
V/WindowManager(  549): Adding window Window{39700282 u0 com.android.packageinstaller/com.android.packageinstaller.UninstallerActivity} at 3 of 9 (before Window{34716364 u0 com.android.packageinstaller/com.android.packageinstaller.UninstallerActivity})
I/ActivityManager(  549): Displayed com.android.packageinstaller/.UninstallerActivity: +144ms
I/ActivityManager(  549): START u0 {act=android.intent.action.VIEW cmp=com.android.packageinstaller/.UninstallAppProgress (has extras)} from uid 10047 on display 0
V/WindowManager(  549): addAppToken: AppWindowToken{27d1bfef token=Token{231fc4ce ActivityRecord{3e8765c9 u0 com.android.packageinstaller/.UninstallAppProgress t58}}} to stack=1 task=58 at 1
I/ActivityManager(  549): Force stopping com.mnotes appid=10289 user=-1: uninstall pkg
V/WindowManager(  549): Adding window Window{ef75fda u0 com.android.packageinstaller/com.android.packageinstaller.UninstallAppProgress} at 5 of 10 (after Window{34716364 u0 com.android.packageinstaller/com.android.packageinstaller.UninstallerActivity EXITING})
I/ActivityManager(  549): Force stopping com.mnotes appid=10289 user=0: pkg removed
I/art     (21329): Explicit concurrent mark sweep GC freed 161(7KB) AllocSpace objects, 0(0B) LOS objects, 24% free, 8MB/11MB, paused 457us total 68.304ms
I/art     ( 3341): Explicit concurrent mark sweep GC freed 2979(372KB) AllocSpace objects, 0(0B) LOS objects, 39% free, 9MB/15MB, paused 1.983ms total 71.051ms
I/Keyboard.Facilitator(  890): onFinishInput()
I/art     ( 1014): Explicit concurrent mark sweep GC freed 26905(1797KB) AllocSpace objects, 23(774KB) LOS objects, 24% free, 18MB/24MB, paused 549us total 109.659ms
I/Keyboard.Facilitator(  890): resetDictionaries() : en_US
I/ActivityManager(  549): Displayed com.android.packageinstaller/.UninstallAppProgress: +524ms
W/GeofencerStateMachine( 1247): Ignoring removeGeofence because network location is disabled.
I/art     ( 1417): Explicit concurrent mark sweep GC freed 42342(2MB) AllocSpace objects, 6(96KB) LOS objects, 39% free, 20MB/33MB, paused 2.472ms total 142.347ms
I/InputReader(  549): Reconfiguring input devices.  changes=0x00000010
I/Keyboard.Facilitator.DecoderInitializer(  890): run()
I/art     (23237): Explicit concurrent mark sweep GC freed 4802(288KB) AllocSpace objects, 2(48KB) LOS objects, 39% free, 7MB/12MB, paused 732us total 61.468ms
W/SQLiteConnectionPool( 1417): A SQLiteConnection object for database '/data/data/com.google.android.gms/databases/auto_complete_suggestions.db' was leaked!  Please fix your application to end transactions in progress properly and to close the database when it is no longer needed.
W/SQLiteConnectionPool( 1417): A SQLiteConnection object for database '/data/data/com.google.android.gms/databases/help_responses.db' was leaked!  Please fix your application to end transactions in progress properly and to close the database when it is no longer needed.
D/VoicemailCleanupService(21432): Cleaning up data for package: com.mnotes
W/SQLiteConnectionPool( 1417): A SQLiteConnection object for database '/data/data/com.google.android.gms/databases/metrics.db' was leaked!  Please fix your application to end transactions in progress properly and to close the database when it is no longer needed.
W/InputMethodInfo(  549): Duplicated subtype definition found: ja, keyboard
I/art     (21592): Explicit concurrent mark sweep GC freed 368(14KB) AllocSpace objects, 0(0B) LOS objects, 25% free, 10MB/14MB, paused 671us total 196.093ms
I/ActivityManager(  549): Start proc 24340:com.android.keychain/1000 for broadcast com.android.keychain/.KeyChainBroadcastReceiver
I/art     (  549): Explicit concurrent mark sweep GC freed 61590(3MB) AllocSpace objects, 7(1004KB) LOS objects, 33% free, 24MB/36MB, paused 2.289ms total 213.032ms
I/art     (  549): WaitForGcToComplete blocked for 110.911ms for cause Explicit
I/Decoder (  890): createOrResetDecoder
I/art     (  715): Explicit concurrent mark sweep GC freed 37037(1831KB) AllocSpace objects, 11(3MB) LOS objects, 39% free, 18MB/30MB, paused 3.509ms total 66.351ms
W/ContextImpl(24340): Calling a method in the system process without a qualified user: android.app.ContextImpl.startService:1692 android.content.ContextWrapper.startService:516 android.content.ContextWrapper.startService:516 com.android.keychain.KeyChainBroadcastReceiver.onReceive:12 android.app.ActivityThread.handleReceiver:2609 
I/LocationSettingsChecker( 1417): Removing dialog suppression flag for package com.mnotes
I/Keyboard.Facilitator.MainLanguageModelLoader(  890): run()
E/NetworkScheduler.SR( 1247): Invalid parameter app
E/NetworkScheduler.SR( 1247): Invalid package name : Perhaps you didn't include a PendingIntent in the extras?
I/Icing   ( 1417): doRemovePackageData com.mnotes
I/Keyboard.Facilitator.MainLanguageModelLoader(  890): loadStaticLm() : Loading File = /data/data/com.google.android.inputmethod.latin/files/dicts/en_US/main%00003aen_us (offset=0, length=4430832) with up to date LoudsLmContentVersion = 20160111
I/Keyboard.Facilitator.DynamicLanguageModelLoader(  890): run()
I/Keyboard.Facilitator.DynamicLanguageModelLoader(  890): run() : Loading LM = contacts
I/Keyboard.Facilitator.DynamicLanguageModelLoader(  890): run() : Loaded File = Contacts.dict
I/Keyboard.Facilitator.DynamicLanguageModelLoader(  890): run() : Loading LM = history
I/Keyboard.Facilitator.DynamicLanguageModelLoader(  890): run() : Loaded File = UserHistory.en_US.dict
I/Keyboard.Facilitator.DynamicLanguageModelLoader(  890): run() : Loading LM = user
I/Keyboard.Facilitator.DynamicLanguageModelLoader(  890): run() : Loaded File = Personal.en_US.dict
I/Keyboard.Facilitator.PersonalDictionaryLoader(  890): run() : Loaded (exit)
I/Keyboard.Facilitator.Delight2FileSweeper(  890): run()
I/Keyboard.Facilitator.RecurringTaskScheduler(  890): run()
I/StatsUtilsManager(  890): startPeriodStatsRecorder() : Success
I/PeriodicStatsRecorder(  890): shouldRecordStats() = Too Soon
E/ChimeraRcvrProxy( 1417): Can't find Chimera receiver impl class com.google.android.gms.games.GamesBroadcastReceiverStub
E/ChimeraRcvrProxy( 1417): com.google.android.gms.games.chimera.GamesSystemBroadcastReceiverProxy dropping broadcast android.intent.action.PACKAGE_REMOVED
I/Finsky  (21617): [1] com.google.android.finsky.wear.WearSupportService.a(310): Wear auto uninstall disabled for package com.mnotes
D/JobSchedulerService(  549): Receieved: android.intent.action.PACKAGE_REMOVED
D/BackupManagerService(  549): Received broadcast Intent { act=android.intent.action.PACKAGE_REMOVED dat=package:com.mnotes flg=0x4000010 (has extras) }
I/ActivityManager(  549): Start proc 24369:com.yirgalab.dzzz/u0a273 for broadcast com.yirgalab.dzzz/.receiver.PackageRemovedReceiver
I/Fitness ( 1247): Clearing all cached OAuth tokens for: com.mnotes
I/Fitness ( 1247): Removing all subscriptions for: com.mnotes
I/WearableService( 1247): Wear is not allowed to run on this device. Not starting Wear service.
I/AppIncrementalLogger(21592): logEvent(): Logged 80 bytes in 91 ms
E/Finsky  (21617): [1] com.google.android.finsky.wear.bl.a(847): onConnectionFailed: ConnectionResult{statusCode=API_UNAVAILABLE, resolution=null, message=null}
I/UpdateIcingCorporaServi(21592): Updating corpora: APPS=com.mnotes, CONTACTS=MAYBE
I/Finsky  (21617): [1] com.google.android.finsky.wear.aj.run(20402): Dropping command=send_installed_apps due to Gms not connected
W/IcingInternalCorpora( 1417): getNumBytesRead when not calculated.
I/art     (  549): Explicit concurrent mark sweep GC freed 10673(523KB) AllocSpace objects, 0(0B) LOS objects, 33% free, 24MB/36MB, paused 7.080ms total 404.455ms
I/Icing   ( 1417): Usage reports 0 indexed 0 rejected 0 imm upload false
I/ReportManager(24369): init
I/DrReportProxy(24369): init
I/Launcher( 1014): Deferring update until onResume
I/System.out(24369): id:0
I/Icing   ( 1417): Usage reports 0 indexed 0 rejected 0 imm upload false
V/GuidHelper(24369): Read Config GUID == 355136052362079
W/ResourcesManager( 1014): Asset path '/system/framework/com.google.android.maps.jar' does not exist or contains no resources.
W/ResourcesManager( 1014): Asset path '/system/framework/com.google.android.media.effects.jar' does not exist or contains no resources.
I/ActivityManager(  549): Start proc 24390:com.yirgalab.dzzz:services/u0a273 for service com.yirgalab.dzzz/.report.ReportService
I/BeaconReportProxy(24369): init
W/ResourcesManager( 1014): Asset path '/system/framework/com.google.android.maps.jar' does not exist or contains no resources.
I/Icing   ( 1417): Usage reports 0 indexed 0 rejected 0 imm upload true
I/UpdateIcingCorporaServi(21592): UpdateCorporaTask done [took 215 ms] updated apps [took 215 ms] 
W/ActivityManager(  549): getRunningAppProcesses: caller 10273 does not hold REAL_GET_TASKS; limiting output
I/ReportManager(24390): init
I/DrReportProxy(24390): init
W/ActivityManager(  549): getRunningAppProcesses: caller 10273 does not hold REAL_GET_TASKS; limiting output
I/System.out(24390): id:0
V/GuidHelper(24390): Read Config GUID == 355136052362079
I/BeaconReportProxy(24390): init
D/PackageRemovedReceiver(24369): package removed: package:com.mnotes
W/ActivityManager(  549): getRunningAppProcesses: caller 10273 does not hold REAL_GET_TASKS; limiting output
W/ActivityManager(  549): getRunningAppProcesses: caller 10273 does not hold REAL_GET_TASKS; limiting output
W/ActivityManager(  549): getRunningAppProcesses: caller 10273 does not hold REAL_GET_TASKS; limiting output
W/ActivityManager(  549): getRunningAppProcesses: caller 10273 does not hold REAL_GET_TASKS; limiting output
V/ReportService(24390): onCreate
V/ReportService(24390): onBind
I/DrReportProxy(24390): onServiceConnected
V/ReportService(24390): ReportThread.Run Wait
D/whitelist(24369): save whitelist: [com.yirgalab.dzzz, com.android.providers.downloads.ui, com.android.settings, com.android.providers.downloads]
I/DrReportProxy(24369): onServiceConnected
W/ActivityManager(  549): getRunningAppProcesses: caller 10273 does not hold REAL_GET_TASKS; limiting output
D/android.widget.GridLayout( 1014): horizontal constraints: x1-x0>=350, x2-x1>=390, x2-x0<=736 are inconsistent; permanently removing: x2-x0<=736. 
I/ActivityManager(  549): Start proc 24426:org.mozilla.firefox/u0a187 for broadcast org.mozilla.firefox/org.mozilla.gecko.webapp.UninstallListener
I/ActivityManager(  549): Killing 23821:com.myairtelapp/u0a12 (adj 15): empty #17
W/ActivityManager(  549): getRunningAppProcesses: caller 10273 does not hold REAL_GET_TASKS; limiting output
I/Keyboard.Facilitator(  890): onFinishInput()
I/ActivityManager(  549): Killing 23645:com.google.android.partnersetup/u0a27 (adj 15): empty #18
W/ResourcesManager(24369): Asset path '/system/framework/com.google.android.dialer.support.jar' does not exist or contains no resources.
D/android.widget.GridLayout( 1014): horizontal constraints: x1-x0>=350, x2-x1>=390, x2-x0<=736 are inconsistent; permanently removing: x2-x0<=736. 
W/beacon  (24390): get app channel fail!
W/ActivityManager(  549): getRunningAppProcesses: caller 10273 does not hold REAL_GET_TASKS; limiting output
W/ActivityManager(  549): getRunningAppProcesses: caller 10273 does not hold REAL_GET_TASKS; limiting output
W/ActivityManager(  549): getRunningAppProcesses: caller 10273 does not hold REAL_GET_TASKS; limiting output
W/beacon  (24369): get app channel fail!
W/ActivityManager(  549): getRunningAppProcesses: caller 10273 does not hold REAL_GET_TASKS; limiting output
W/ActivityManager(  549): getRunningAppProcesses: caller 10273 does not hold REAL_GET_TASKS; limiting output
W/ActivityManager(  549): getRunningAppProcesses: caller 10273 does not hold REAL_GET_TASKS; limiting output
W/ActivityManager(  549): getTasks: caller 10086 does not hold REAL_GET_TASKS; limiting output
I/ActivityManager(  549): START u0 {flg=0x10800000 cmp=com.estrongs.android.pop/.app.UninstallMonitorActivity (has extras)} from uid 10086 on display 0
V/WindowManager(  549): addAppToken: AppWindowToken{1597fbf1 token=Token{24dd4798 ActivityRecord{35556d7b u0 com.estrongs.android.pop/.app.UninstallMonitorActivity t59}}} to stack=1 task=59 at 0
W/ActivityManager(  549): getRunningAppProcesses: caller 10273 does not hold REAL_GET_TASKS; limiting output
V/WindowManager(  549): Adding window Window{2d436657 u0 com.estrongs.android.pop/com.estrongs.android.pop.app.UninstallMonitorActivity} at 4 of 10 (after Window{ef75fda u0 com.android.packageinstaller/com.android.packageinstaller.UninstallAppProgress EXITING})
I/ActivityManager(  549): Start proc 24454:com.android.documentsui/u0a146 for broadcast com.android.documentsui/.PackageReceiver
W/InputMethodManagerService(  549): Window already focused, ignoring focus gain of: com.android.internal.view.IInputMethodClient$Stub$Proxy@d2b4544 attribute=null, token = android.os.BinderProxy@12ff1744
I/ActivityManager(  549): Killing 23869:com.android.settings/1000 (adj 15): empty #17
I/Icing   ( 1417): Indexing 6C2FF1236659CEB05FB452C6790117898F9B7B87 from com.google.android.gms
W/ResourcesManager(24369): Asset path '/system/framework/com.google.android.media.effects.jar' does not exist or contains no resources.
D/DozeApplication(24369): load list finish()
I/ActivityManager(  549): Killing 24058:com.handlerexploit.tweedle/u0a33 (adj 15): empty #17
W/ActivityManager(  549): getRunningAppProcesses: caller 10273 does not hold REAL_GET_TASKS; limiting output
I/ActivityManager(  549): Start proc 24478:com.android.externalstorage/u0a129 for content provider com.android.externalstorage/.ExternalStorageProvider
I/Icing   ( 1417): Not enough disk space for indexing trimmable
I/Icing   ( 1417): Not enough disk space for indexing trimmable
I/Icing   ( 1417): Indexing done 6C2FF1236659CEB05FB452C6790117898F9B7B87
I/ActivityManager(  549): Killing 23725:com.google.process.gapps/u0a23 (adj 15): empty #17
I/Icing   ( 1417): Indexing 4F21FDF3F0CAAD5E99C9D2FA10B36C34FF9F5A37 from com.google.android.googlequicksearchbox
I/Icing   ( 1417): Not enough disk space for indexing trimmable
W/OpenGLRenderer( 1014): Incorrectly called buildLayer on View: ShortcutAndWidgetContainer, destroying layer...
W/OpenGLRenderer( 1014): Incorrectly called buildLayer on View: ShortcutAndWidgetContainer, destroying layer...
W/OpenGLRenderer( 1014): Incorrectly called buildLayer on View: ShortcutAndWidgetContainer, destroying layer...
D/ExternalStorage(24478): After updating volumes, found 1 active roots
I/Icing   ( 1417): Not enough disk space for indexing trimmable
I/Icing   ( 1417): Indexing done 4F21FDF3F0CAAD5E99C9D2FA10B36C34FF9F5A37
I/ActivityManager(  549): Start proc 24507:com.basetis.blinkingread.blinkingread/u0a79 for content provider com.basetis.blinkingread.blinkingread/com.ianhanniballake.localstorage.LocalStorageProvider
I/art     (  202): Explicit concurrent mark sweep GC freed 709(30KB) AllocSpace objects, 0(0B) LOS objects, 40% free, 7MB/11MB, paused 366us total 19.624ms
I/ActivityManager(  549): Killing 24148:com.google.android.deskclock/u0a14 (adj 15): empty #17
I/art     (  202): Explicit concurrent mark sweep GC freed 5(160B) AllocSpace objects, 0(0B) LOS objects, 40% free, 7MB/11MB, paused 305us total 18.495ms
I/art     (  202): Explicit concurrent mark sweep GC freed 5(160B) AllocSpace objects, 0(0B) LOS objects, 40% free, 7MB/11MB, paused 305us total 18.159ms
D/Documents(24454): Update found 9 roots in 894ms
D/Documents(24454): Update found 9 roots in 336ms
D/TaskPersister(  549): removeObsoleteFile: deleting file=54_task_thumbnail.png
W/ActivityManager(  549): getRunningAppProcesses: caller 10273 does not hold REAL_GET_TASKS; limiting output
W/ActivityManager(  549): getRunningAppProcesses: caller 10273 does not hold REAL_GET_TASKS; limiting output
W/ActivityManager(  549): getRunningAppProcesses: caller 10273 does not hold REAL_GET_TASKS; limiting output
W/ActivityManager(  549): getRunningAppProcesses: caller 10273 does not hold REAL_GET_TASKS; limiting output
W/ActivityManager(  549): getRunningAppProcesses: caller 10273 does not hold REAL_GET_TASKS; limiting output
W/ActivityManager(  549): getRunningAppProcesses: caller 10273 does not hold REAL_GET_TASKS; limiting output
W/ActivityManager(  549): getRunningAppProcesses: caller 10273 does not hold REAL_GET_TASKS; limiting output
W/System.err(24390): java.io.IOException: fcntl failed: EAGAIN (Try again)
W/System.err(24390): 	at java.nio.FileChannelImpl.basicLock(FileChannelImpl.java:123)
W/System.err(24390): 	at java.nio.FileChannelImpl.tryLock(FileChannelImpl.java:181)
W/System.err(24390): 	at java.nio.channels.FileChannel.tryLock(FileChannel.java:584)
W/System.err(24390): 	at com.tencent.a.a.h.a(Unknown Source)
W/System.err(24390): 	at com.tencent.a.f.t.b(Unknown Source)
W/System.err(24390): 	at com.tencent.a.a.b.f.run(Unknown Source)
W/System.err(24390): 	at java.util.concurrent.Executors$RunnableAdapter.call(Executors.java:422)
W/System.err(24390): 	at java.util.concurrent.FutureTask.run(FutureTask.java:237)
W/System.err(24390): 	at java.util.concurrent.ScheduledThreadPoolExecutor$ScheduledFutureTask.access$201(ScheduledThreadPoolExecutor.java:152)
W/System.err(24390): 	at java.util.concurrent.ScheduledThreadPoolExecutor$ScheduledFutureTask.run(ScheduledThreadPoolExecutor.java:265)
W/System.err(24390): 	at java.util.concurrent.ThreadPoolExecutor.runWorker(ThreadPoolExecutor.java:1112)
W/System.err(24390): 	at java.util.concurrent.ThreadPoolExecutor$Worker.run(ThreadPoolExecutor.java:587)
W/System.err(24390): 	at java.lang.Thread.run(Thread.java:818)
W/System.err(24390): Caused by: android.system.ErrnoException: fcntl failed: EAGAIN (Try again)
W/System.err(24390): 	at libcore.io.Posix.fcntlFlock(Native Method)
W/System.err(24390): 	at libcore.io.ForwardingOs.fcntlFlock(ForwardingOs.java:70)
W/System.err(24390): 	at java.nio.FileChannelImpl.basicLock(FileChannelImpl.java:121)
W/System.err(24390): 	... 12 more
E/WifiStateMachine(  549): WifiStateMachine CMD_START_SCAN source -2 txSuccessRate=10.75 rxSuccessRate=9.25 targetRoamBSSID=any RSSI=-29
E/WifiStateMachine(  549): WifiStateMachine starting scan for "Kevin-Wireless"WPA_PSK with 2437
I/Finsky  (21617): [1682] com.google.android.finsky.f.f.run(2157): Replicating app states via AMAS.
I/Finsky  (21617): [1682] com.google.android.finsky.f.d.a(319): Completed 0 account content syncs with 0 successful.
I/Finsky  (21617): [1] com.google.android.finsky.services.j.a(149): Installation state replication succeeded.
E/WifiStateMachine(  549): WifiStateMachine CMD_START_SCAN source -2 txSuccessRate=0.76 rxSuccessRate=1.42 targetRoamBSSID=any RSSI=-30
W/ActivityManager(  549): getRunningAppProcesses: caller 10273 does not hold REAL_GET_TASKS; limiting output
D/AndroidRuntime(24564): >>>>>> START com.android.internal.os.RuntimeInit uid 2000 <<<<<<
D/AndroidRuntime(24564): CheckJNI is OFF
D/AndroidRuntime(24564): Calling main entry com.android.commands.am.Am
D/AndroidRuntime(24564): Shutting down VM
D/AndroidRuntime(24583): >>>>>> START com.android.internal.os.RuntimeInit uid 2000 <<<<<<
D/AndroidRuntime(24583): CheckJNI is OFF
D/AndroidRuntime(24583): Calling main entry com.android.commands.pm.Pm
I/art     (24583): System.exit called, status: 0
I/AndroidRuntime(24583): VM exiting with result code 0.
W/sh      (24601): type=1400 audit(0.0:27): avc: denied { ioctl } for path="socket:[161962]" dev="sockfs" ino=161962 scontext=u:r:shell:s0 tcontext=u:r:adbd:s0 tclass=unix_stream_socket
W/sh      (24601): type=1400 audit(0.0:28): avc: denied { ioctl } for path="socket:[161962]" dev="sockfs" ino=161962 scontext=u:r:shell:s0 tcontext=u:r:adbd:s0 tclass=unix_stream_socket
W/sh      (24601): type=1400 audit(0.0:29): avc: denied { ioctl } for path="socket:[161962]" dev="sockfs" ino=161962 scontext=u:r:shell:s0 tcontext=u:r:adbd:s0 tclass=unix_stream_socket
W/sh      (24601): type=1400 audit(0.0:30): avc: denied { ioctl } for path="socket:[161962]" dev="sockfs" ino=161962 scontext=u:r:shell:s0 tcontext=u:r:adbd:s0 tclass=unix_stream_socket
D/AndroidRuntime(24601): >>>>>> START com.android.internal.os.RuntimeInit uid 2000 <<<<<<
D/AndroidRuntime(24601): CheckJNI is OFF
D/AndroidRuntime(24601): Calling main entry com.android.commands.pm.Pm
I/installd(  194): free_cache(8533995) avail 937504768
I/art     (24601): System.exit called, status: 0
I/AndroidRuntime(24601): VM exiting with result code 0.
D/AndroidRuntime(24619): >>>>>> START com.android.internal.os.RuntimeInit uid 2000 <<<<<<
D/AndroidRuntime(24619): CheckJNI is OFF
D/AndroidRuntime(24619): Calling main entry com.android.commands.pm.Pm
D/PackageManager(  549): /data/app/vmdl176946718.tmp already staged; skipping copy
D/PackageManager(  549): Renaming /data/app/vmdl176946718.tmp to /data/app/com.mnotes-1
I/PackageManager(  549): Running dexopt on: /data/app/com.mnotes-1/base.apk pkg=com.mnotes isa=arm vmSafeMode=false
I/dex2oat (24633): /system/bin/dex2oat --zip-fd=6 --zip-location=/data/app/com.mnotes-1/base.apk --oat-fd=7 --oat-location=/data/dalvik-cache/arm/data@app@com.mnotes-1@base.apk@classes.dex --instruction-set=arm --instruction-set-features=div --runtime-arg -Xms64m --runtime-arg -Xmx512m --swap-fd=8
I/dex2oat (24633): Decided to run without swap.
W/dex2oat (24633): Before Android 4.1, method int android.support.v7.internal.widget.ListViewCompat.lookForSelectablePosition(int, boolean) would have incorrectly overridden the package-private method in android.widget.ListView
E/WifiStateMachine(  549): WifiStateMachine CMD_START_SCAN source -2 txSuccessRate=0.60 rxSuccessRate=3.05 targetRoamBSSID=any RSSI=-31
E/WifiStateMachine(  549): WifiStateMachine starting scan for "Kevin-Wireless"WPA_PSK with 2437
I/dex2oat (24633): dex2oat took 8.484s (threads: 4) arena alloc=76KB java alloc=6MB native alloc=11MB free=1972KB
V/BackupManagerService(  549): restoreAtInstall pkg=com.mnotes token=f restoreSet=0
V/BackupManagerService(  549): Finishing install immediately
W/Settings(  549): Setting install_non_market_apps has moved from android.provider.Settings.Global to android.provider.Settings.Secure, returning read-only value.
I/InputReader(  549): Reconfiguring input devices.  changes=0x00000010
I/ProcessStatsService(  549): Prepared write state in 19ms
D/Documents(24454): Update found 9 roots in 68ms
I/ActivityManager(  549): Start proc 24661:com.google.android.partnersetup/u0a27 for broadcast com.google.android.partnersetup/.RlzPingBroadcastReceiver
W/InputMethodInfo(  549): Duplicated subtype definition found: ja, keyboard
D/BackupManagerService(  549): Received broadcast Intent { act=android.intent.action.PACKAGE_ADDED dat=package:com.mnotes flg=0x4000010 (has extras) }
W/BackupManagerService(  549): Removing schedule queue dupe of com.mnotes
I/art     (  549): Explicit concurrent mark sweep GC freed 123563(6MB) AllocSpace objects, 42(1889KB) LOS objects, 33% free, 24MB/36MB, paused 2.350ms total 264.092ms
I/art     (24619): System.exit called, status: 0
I/AndroidRuntime(24619): VM exiting with result code 0.
E/ChimeraRcvrProxy( 1417): Can't find Chimera receiver impl class com.google.android.gms.games.GamesBroadcastReceiverStub
E/ChimeraRcvrProxy( 1417): com.google.android.gms.games.chimera.GamesSystemBroadcastReceiverProxy dropping broadcast android.intent.action.PACKAGE_ADDED
I/Finsky  (21617): [1] com.google.android.finsky.wear.WearSupportService.a(307): Wear auto install disabled for package com.mnotes
I/Finsky  (21617): [1] com.google.android.finsky.utils.as.run(3288): Package state data is missing for com.mnotes
W/ActivityManager(  549): getTasks: caller 10086 does not hold REAL_GET_TASKS; limiting output
I/ActivityManager(  549): START u0 {flg=0x10800000 cmp=com.estrongs.android.pop/.app.InstallMonitorActivity (has extras)} from uid 10086 on display 0
I/WearableService( 1247): Wear is not allowed to run on this device. Not starting Wear service.
I/AppIncrementalLogger(21592): logEvent(): Logged 99 bytes in 69 ms
V/WindowManager(  549): addAppToken: AppWindowToken{342e8060 token=Token{8086c63 ActivityRecord{d44a92 u0 com.estrongs.android.pop/.app.InstallMonitorActivity t60}}} to stack=1 task=60 at 0
I/UpdateIcingCorporaServi(21592): Updating corpora: APPS=com.mnotes, CONTACTS=MAYBE
W/IcingInternalCorpora( 1417): getNumBytesRead when not calculated.
I/Launcher( 1014): Deferring update until onResume
E/Finsky  (21617): [1] com.google.android.finsky.wear.bl.a(847): onConnectionFailed: ConnectionResult{statusCode=API_UNAVAILABLE, resolution=null, message=null}
I/Finsky  (21617): [1] com.google.android.finsky.wear.aj.run(20402): Dropping command=send_installed_apps due to Gms not connected
W/InputMethodManagerService(  549): Window already focused, ignoring focus gain of: com.android.internal.view.IInputMethodClient$Stub$Proxy@d2a1919 attribute=null, token = android.os.BinderProxy@12ff1744
I/Icing   ( 1417): Usage reports 0 indexed 0 rejected 0 imm upload false
I/Icing   ( 1417): Usage reports 0 indexed 0 rejected 0 imm upload false
I/Icing   ( 1417): Usage reports 0 indexed 0 rejected 0 imm upload true
I/UpdateIcingCorporaServi(21592): UpdateCorporaTask done [took 168 ms] updated apps [took 168 ms] 
D/android.widget.GridLayout( 1014): horizontal constraints: x1-x0>=350, x2-x1>=390, x2-x0<=736 are inconsistent; permanently removing: x2-x0<=736. 
D/android.widget.GridLayout( 1014): horizontal constraints: x1-x0>=350, x2-x1>=390, x2-x0<=736 are inconsistent; permanently removing: x2-x0<=736. 
I/Icing   ( 1417): Indexing 6C2FF1236659CEB05FB452C6790117898F9B7B87 from com.google.android.gms
I/Icing   ( 1417): Not enough disk space for indexing trimmable
I/Icing   ( 1417): Not enough disk space for indexing trimmable
I/Icing   ( 1417): Indexing done 6C2FF1236659CEB05FB452C6790117898F9B7B87
I/Icing   ( 1417): Indexing 4F21FDF3F0CAAD5E99C9D2FA10B36C34FF9F5A37 from com.google.android.googlequicksearchbox
I/Icing   ( 1417): Not enough disk space for indexing trimmable
I/Icing   ( 1417): Not enough disk space for indexing trimmable
I/Icing   ( 1417): Indexing done 4F21FDF3F0CAAD5E99C9D2FA10B36C34FF9F5A37
I/ActivityManager(  549): Killing 24282:com.google.android.apps.fitness/u0a75 (adj 15): empty #17
I/Keyboard.Facilitator.LanguageModelFlusher(  890): run()
I/Keyboard.Facilitator(  890): flushDynamicLanguageModels()
I/PowerManagerService(  549): Going to sleep due to screen timeout (uid 1000)...
I/PowerManagerService(  549): Sleeping (uid 1000)...
E/WifiStateMachine(  549): cancelDelayedScan -> 190
E/native  (  549): do suspend true
W/ActivityManager(  549): getRunningAppProcesses: caller 10273 does not hold REAL_GET_TASKS; limiting output
I/Keyboard.Facilitator(  890): onFinishInput()
W/ActivityManager(  549): getRunningAppProcesses: caller 10273 does not hold REAL_GET_TASKS; limiting output
D/audio_hw_primary(  193): adev_set_parameters: enter: screen_state=off
I/DisplayManagerService(  549): Display device changed: DisplayDeviceInfo{"Built-in Screen": uniqueId="local:0", 768 x 1280, 60.0 fps, supportedRefreshRates [60.0], density 320, 319.79 x 318.745 dpi, appVsyncOff 0, presDeadline 17666667, touch INTERNAL, rotation 0, type BUILT_IN, state OFF, FLAG_DEFAULT_DISPLAY, FLAG_ROTATES_WITH_CONTENT, FLAG_SECURE, FLAG_SUPPORTS_PROTECTED_BUFFERS}
V/ActivityManager(  549): Display changed displayId=0
D/SurfaceFlinger(  172): Set power mode=0, type=0 flinger=0xb85bf550
D/SurfaceControl(  549): Excessive delay in setPowerMode(): 230ms
E/ANDR-PERF-LOCK(  200): Failed to apply optimization for resource: 4 level: 0
I/ActivityManager(  549): Killing 24340:com.android.keychain/1000 (adj 15): empty #17
I/PowerManagerService(  549): Waking up from sleep (uid 1000)...
I/DisplayPowerController(  549): Blocking screen on until initial contents have been drawn.
D/SurfaceFlinger(  172): Set power mode=2, type=0 flinger=0xb85bf550
