I/Icing   ( 1417): Indexing 4F21FDF3F0CAAD5E99C9D2FA10B36C34FF9F5A37 from com.google.android.googlequicksearchbox
I/Icing   ( 1417): Not enough disk space for indexing trimmable
I/Icing   ( 1417): Not enough disk space for indexing trimmable
I/Icing   ( 1417): Indexing done 4F21FDF3F0CAAD5E99C9D2FA10B36C34FF9F5A37
E/SQLiteLog(22132): (284) automatic index on sqlite_sq_B8F57730(entryId)
W/Flag    (22132): Duration spec must be at least 2 characters long: 
W/Flag    (22132): Duration spec must be at least 2 characters long: 
W/ResourcesManager(22132): Asset path '/system/framework/com.android.media.remotedisplay.jar' does not exist or contains no resources.
W/ResourcesManager(22132): Asset path '/system/framework/com.android.location.provider.jar' does not exist or contains no resources.
W/linker  (22132): libgmscore.so: unused DT entry: type 0x7ffffffd arg 0x79f
W/linker  (22132): libconscrypt_gmscore_jni.so: unused DT entry: type 0x1d arg 0xe0
W/linker  (22132): libconscrypt_gmscore_jni.so: unused DT entry: type 0x7ffffffd arg 0x1c9
V/JNIHelp (22132): Registering com/google/android/gms/org/conscrypt/NativeCrypto's 235 native methods...
I/art     (22132): Rejecting re-init on previously-failed class java.lang.Class<com.google.android.gms.org.conscrypt.OpenSSLExtendedSessionImpl>
I/art     (22132): Rejecting re-init on previously-failed class java.lang.Class<com.google.android.gms.org.conscrypt.OpenSSLExtendedSessionImpl>
I/ProviderInstaller(22132): Installed default security provider GmsCore_OpenSSL
W/ProcessCpuTracker(  549): Skipping unknown process pid 22206
W/ProcessCpuTracker(  549): Skipping unknown process pid 22208
W/ProcessCpuTracker(  549): Skipping unknown process pid 22211
I/ActivityManager(  549): Killing 20129:com.android.packageinstaller/u0a47 (adj 15): empty #17
I/ActivityManager(  549): Killing 21696:com.yirgalab.dzzz/u0a273 (adj 15): empty #17
I/Finsky  (21617): [1682] com.google.android.finsky.f.f.run(2157): Replicating app states via AMAS.
I/Finsky  (21617): [1682] com.google.android.finsky.f.d.a(319): Completed 0 account content syncs with 0 successful.
I/Finsky  (21617): [1] com.google.android.finsky.services.j.a(149): Installation state replication succeeded.
I/PowerManagerService(  549): Waking up from sleep (uid 1000)...
V/KeyguardServiceDelegate(  549): onScreenTurnedOn(showListener = com.android.internal.policy.impl.PhoneWindowManager$2@1af5a7bc)
I/DisplayPowerController(  549): Blocking screen on until initial contents have been drawn.
D/SurfaceFlinger(  172): Set power mode=2, type=0 flinger=0xb85bf550
I/DisplayManagerService(  549): Display device changed: DisplayDeviceInfo{"Built-in Screen": uniqueId="local:0", 768 x 1280, 60.0 fps, supportedRefreshRates [60.0], density 320, 319.79 x 318.745 dpi, appVsyncOff 0, presDeadline 17666667, touch INTERNAL, rotation 0, type BUILT_IN, state ON, FLAG_DEFAULT_DISPLAY, FLAG_ROTATES_WITH_CONTENT, FLAG_SECURE, FLAG_SUPPORTS_PROTECTED_BUFFERS}
E/ANDR-PERF-LOCK(  200): Failed to reset optimization for resource: 4 level: 0
V/ActivityManager(  549): Display changed displayId=0
V/KeyguardServiceDelegate(  549): **** SHOWN CALLED ****
D/audio_hw_primary(  193): adev_set_parameters: enter: screen_state=on
E/WifiStateMachine(  549): cancelDelayedScan -> 154
E/native  (  549): do suspend false
D/SurfaceControl(  549): Excessive delay in setPowerMode(): 108ms
I/DisplayPowerController(  549): Unblocked screen on after 134 ms
I/TWILIGHT( 3299): [13:55:52.316, main]: Sunrise / Sunset = Tue Mar 14 05:52:00 GMT+00:00 2017 / Tue Mar 14 18:45:00 GMT+00:00 2017
I/TWILIGHT( 3299): [13:55:52.317, main]: has smart light true  false
I/TWILIGHT( 3299): [13:55:52.317, main]: Finally Update current 0 1478
E/WifiStateMachine(  549): WifiStateMachine CMD_START_SCAN source -2 txSuccessRate=24.50 rxSuccessRate=18.00 targetRoamBSSID=any RSSI=-32
E/WifiStateMachine(  549): WifiStateMachine starting scan for "Kevin-Wireless"WPA_PSK with 2437
D/PhoneStatusBar(  715): disable: < expand ICONS alerts SYSTEM_INFO back HOME RECENT clock SEARCH >
D/PhoneStatusBar(  715): disable: < expand ICONS alerts SYSTEM_INFO back HOME RECENT clock SEARCH >
D/PhoneStatusBar(  715): disable: < expand ICONS alerts SYSTEM_INFO back HOME RECENT clock SEARCH >
D/BluetoothAdapter(  715): 93557601: getState() :  mService = null. Returning STATE_OFF
D/BluetoothAdapter(  715): 93557601: getState() :  mService = null. Returning STATE_OFF
D/PhoneStatusBar(  715): disable: < expand icons* alerts system_info* back HOME RECENT clock SEARCH >
V/ActivityManager(  549): Display changed displayId=0
W/ActivityManager(  549): getTasks: caller 10073 does not hold REAL_GET_TASKS; limiting output
D/PhoneStatusBar(  715): disable: < expand icons alerts system_info back home* recent* clock search* >
I/CryptAuthSync( 1417): [DeviceStateSyncManager] Device state fast sync is disabled
I/DeviceCache( 1417): Unable to convert the the network interface's MAC Address to string. MAC address cannot be null.
I/DeviceCache( 1417): Unable to convert the the network interface's MAC Address to string. MAC address cannot be null.
I/DeviceCache( 1417): Unable to convert the the network interface's MAC Address to string. MAC address cannot be null.
I/DeviceCache( 1417): Unable to convert the the network interface's MAC Address to string. MAC address cannot be null.
I/DeviceCache( 1417): Unable to convert the the network interface's MAC Address to string. MAC address cannot be null.
I/DeviceCache( 1417): Unable to convert the the network interface's MAC Address to string. MAC address cannot be null.
I/ActivityManager(  549): Start proc 22253:com.google.android.apps.fitness/u0a75 for broadcast com.google.android.apps.fitness/.widget.TodayStatusWidgetProvider
W/InputMethodManagerService(  549): Window already focused, ignoring focus gain of: com.android.internal.view.IInputMethodClient$Stub$Proxy@3dcfb4a0 attribute=android.view.inputmethod.EditorInfo@2e38d859, token = android.os.BinderProxy@12ff1744
I/Keyboard.Facilitator(  890): onFinishInput()
I/FitnessApp(22253): Initializers took 1 milliseconds
I/ActivityManager(  549): Killing 21718:com.yirgalab.dzzz:services/u0a273 (adj 15): empty #17
W/BroadcastQueue(  549): Permission Denial: broadcasting Intent { act=android.intent.action.USER_PRESENT flg=0x24000010 } from com.android.systemui (pid=715, uid=10142) is not exported from uid 10194 due to receiver com.geeksoft.wps/cn.jpush.android.service.PushReceiver
I/art     ( 1417): Explicit concurrent mark sweep GC freed 49068(3MB) AllocSpace objects, 10(160KB) LOS objects, 40% free, 20MB/34MB, paused 1.464ms total 128.979ms
W/SQLiteConnectionPool( 1417): A SQLiteConnection object for database '/data/data/com.google.android.gms/databases/auto_complete_suggestions.db' was leaked!  Please fix your application to end transactions in progress properly and to close the database when it is no longer needed.
W/SQLiteConnectionPool( 1417): A SQLiteConnection object for database '/data/data/com.google.android.gms/databases/help_responses.db' was leaked!  Please fix your application to end transactions in progress properly and to close the database when it is no longer needed.
W/SQLiteConnectionPool( 1417): A SQLiteConnection object for database '/data/data/com.google.android.gms/databases/metrics.db' was leaked!  Please fix your application to end transactions in progress properly and to close the database when it is no longer needed.
I/art     ( 1247): Explicit concurrent mark sweep GC freed 18235(1175KB) AllocSpace objects, 25(400KB) LOS objects, 40% free, 18MB/30MB, paused 1.220ms total 93.056ms
D/android.widget.GridLayout( 1014): horizontal constraints: x1-x0>=350, x2-x1>=390, x2-x0<=736 are inconsistent; permanently removing: x2-x0<=736. 
I/Keyboard.Facilitator(  890): onFinishInput()
I/ActivityManager(  549): START u0 {act=android.intent.action.MAIN cat=[android.intent.category.LAUNCHER] flg=0x10200000 cmp=com.mnotes/.MainActivity (has extras)} from uid 10035 on display 0
V/WindowManager(  549): addAppToken: AppWindowToken{3d72ecf7 token=Token{1ad4e0f6 ActivityRecord{2bc3991 u0 com.mnotes/.MainActivity t51}}} to stack=1 task=51 at 0
V/WindowManager(  549): Adding window Window{10e318ce u0 Starting com.mnotes} at 3 of 8 (after Window{124bd02d u0 com.android.launcher/com.android.launcher2.Launcher})
I/ActivityManager(  549): Start proc 22307:com.mnotes/u0a288 for activity com.mnotes/.MainActivity
V/fb-UnpackingSoSource(22307): locked dso store /data/data/com.mnotes/lib-main
V/fb-UnpackingSoSource(22307): deps mismatch on deps store: regenerating
V/fb-UnpackingSoSource(22307): so store dirty: regenerating
D/ApkSoSource(22307): not allowing consideration of lib/armeabi-v7a/libfb.so: deferring to libdir
D/ApkSoSource(22307): not allowing consideration of lib/armeabi-v7a/libfolly_json.so: deferring to libdir
D/ApkSoSource(22307): not allowing consideration of lib/armeabi-v7a/libglog.so: deferring to libdir
D/ApkSoSource(22307): not allowing consideration of lib/armeabi-v7a/libglog_init.so: deferring to libdir
D/ApkSoSource(22307): not allowing consideration of lib/armeabi-v7a/libgnustl_shared.so: deferring to libdir
D/ApkSoSource(22307): not allowing consideration of lib/armeabi-v7a/libicu_common.so: deferring to libdir
D/ApkSoSource(22307): not allowing consideration of lib/armeabi-v7a/libimagepipeline.so: deferring to libdir
D/ApkSoSource(22307): not allowing consideration of lib/armeabi-v7a/libjsc.so: deferring to libdir
D/ApkSoSource(22307): not allowing consideration of lib/armeabi-v7a/libreactnativejni.so: deferring to libdir
D/ApkSoSource(22307): not allowing consideration of lib/armeabi-v7a/libreactnativejnifb.so: deferring to libdir
D/ApkSoSource(22307): not allowing consideration of lib/armeabi-v7a/libyoga.so: deferring to libdir
V/fb-UnpackingSoSource(22307): regenerating DSO store com.facebook.soloader.ApkSoSource
V/fb-UnpackingSoSource(22307): starting syncer worker
V/fb-UnpackingSoSource(22307): releasing dso store lock for /data/data/com.mnotes/lib-main (from syncer thread)
V/fb-UnpackingSoSource(22307): not releasing dso store lock for /data/data/com.mnotes/lib-main (syncer thread started)
D/ReactNative(22307): [CodePush] Loading JS bundle from "assets://index.android.bundle"
I/art     (22307): Thread[1,tid=22307,WaitingForJniOnLoad,Thread*=0xb8d54408,peer=0x744f0000,"main"] recursive attempt to load library "/data/app/com.mnotes-1/lib/arm/libfb.so"
D/OpenGLRenderer(22307): Use EGL_SWAP_BEHAVIOR_PRESERVED: true
D/Atlas   (22307): Validating map...
V/WindowManager(  549): Adding window Window{264f700b u0 com.mnotes/com.mnotes.MainActivity} at 3 of 9 (before Window{10e318ce u0 Starting com.mnotes})
W/unknown:ViewManagerPropertyUpdater(22307): Could not find generated setter for class com.facebook.react.views.art.ARTGroupViewManager
W/unknown:ViewManagerPropertyUpdater(22307): Could not find generated setter for class com.facebook.react.views.art.ARTGroupShadowNode
W/unknown:ViewManagerPropertyUpdater(22307): Could not find generated setter for class com.facebook.react.views.art.ARTShapeViewManager
W/unknown:ViewManagerPropertyUpdater(22307): Could not find generated setter for class com.facebook.react.views.art.ARTShapeShadowNode
W/unknown:ViewManagerPropertyUpdater(22307): Could not find generated setter for class com.facebook.react.views.art.ARTTextViewManager
W/unknown:ViewManagerPropertyUpdater(22307): Could not find generated setter for class com.facebook.react.views.art.ARTTextShadowNode
I/Adreno-EGL(22307): <qeglDrvAPI_eglInitialize:379>: QUALCOMM Build: 01/15/15, ab0075f, Id3510ff6dc
I/OpenGLRenderer(22307): Initialized EGL, version 1.4
W/unknown:ViewManagerPropertyUpdater(22307): Could not find generated setter for class com.facebook.react.views.art.ARTSurfaceViewManager
W/unknown:ViewManagerPropertyUpdater(22307): Could not find generated setter for class com.facebook.react.views.art.ARTSurfaceViewShadowNode
D/OpenGLRenderer(22307): Enabling debug mode 0
W/unknown:ViewManagerPropertyUpdater(22307): Could not find generated setter for class com.facebook.react.views.picker.ReactDialogPickerManager
W/unknown:ViewManagerPropertyUpdater(22307): Could not find generated setter for class com.facebook.react.uimanager.LayoutShadowNode
W/unknown:ViewManagerPropertyUpdater(22307): Could not find generated setter for class com.facebook.react.views.drawer.ReactDrawerLayoutManager
W/unknown:ViewManagerPropertyUpdater(22307): Could not find generated setter for class com.facebook.react.views.picker.ReactDropdownPickerManager
W/unknown:ViewManagerPropertyUpdater(22307): Could not find generated setter for class com.facebook.react.views.scroll.ReactHorizontalScrollViewManager
I/Keyboard.Facilitator(  890): onFinishInput()
W/unknown:ViewManagerPropertyUpdater(22307): Could not find generated setter for class com.facebook.react.views.image.ReactImageManager
W/unknown:ViewManagerPropertyUpdater(22307): Could not find generated setter for class com.facebook.react.views.modal.ReactModalHostManager
W/unknown:ViewManagerPropertyUpdater(22307): Could not find generated setter for class com.facebook.react.views.modal.ModalHostShadowNode
W/unknown:ViewManagerPropertyUpdater(22307): Could not find generated setter for class com.facebook.react.views.progressbar.ReactProgressBarViewManager
W/unknown:ViewManagerPropertyUpdater(22307): Could not find generated setter for class com.facebook.react.views.progressbar.ProgressBarShadowNode
W/unknown:ViewManagerPropertyUpdater(22307): Could not find generated setter for class com.facebook.react.views.text.ReactRawTextManager
I/ActivityManager(  549): Displayed com.mnotes/.MainActivity: +688ms (total +2m40s463ms)
W/unknown:ViewManagerPropertyUpdater(22307): Could not find generated setter for class com.facebook.react.views.text.ReactTextShadowNode
W/unknown:ViewManagerPropertyUpdater(22307): Could not find generated setter for class com.facebook.react.views.scroll.ReactScrollViewManager
W/unknown:ViewManagerPropertyUpdater(22307): Could not find generated setter for class com.facebook.react.views.slider.ReactSliderManager
W/unknown:ViewManagerPropertyUpdater(22307): Could not find generated setter for class com.facebook.react.views.slider.ReactSliderManager$ReactSliderShadowNode
W/unknown:ViewManagerPropertyUpdater(22307): Could not find generated setter for class com.facebook.react.views.switchview.ReactSwitchManager
W/unknown:ViewManagerPropertyUpdater(22307): Could not find generated setter for class com.facebook.react.views.switchview.ReactSwitchManager$ReactSwitchShadowNode
W/unknown:ViewManagerPropertyUpdater(22307): Could not find generated setter for class com.facebook.react.views.text.frescosupport.FrescoBasedReactTextInlineImageViewManager
W/unknown:ViewManagerPropertyUpdater(22307): Could not find generated setter for class com.facebook.react.views.text.frescosupport.FrescoBasedReactTextInlineImageShadowNode
W/unknown:ViewManagerPropertyUpdater(22307): Could not find generated setter for class com.facebook.react.views.textinput.ReactTextInputManager
W/unknown:ViewManagerPropertyUpdater(22307): Could not find generated setter for class com.facebook.react.views.textinput.ReactTextInputShadowNode
W/unknown:ViewManagerPropertyUpdater(22307): Could not find generated setter for class com.facebook.react.views.text.ReactTextViewManager
W/unknown:ViewManagerPropertyUpdater(22307): Could not find generated setter for class com.facebook.react.views.toolbar.ReactToolbarManager
W/unknown:ViewManagerPropertyUpdater(22307): Could not find generated setter for class com.facebook.react.views.view.ReactViewManager
W/unknown:ViewManagerPropertyUpdater(22307): Could not find generated setter for class com.facebook.react.views.viewpager.ReactViewPagerManager
W/unknown:ViewManagerPropertyUpdater(22307): Could not find generated setter for class com.facebook.react.views.text.ReactVirtualTextViewManager
W/unknown:ViewManagerPropertyUpdater(22307): Could not find generated setter for class com.facebook.react.views.webview.ReactWebViewManager
W/unknown:ViewManagerPropertyUpdater(22307): Could not find generated setter for class com.facebook.react.views.swiperefresh.SwipeRefreshLayoutManager
I/ReactNativeJS(22307): Running application "mnotes" with appParams: {"initialProps":{},"rootTag":1}. __DEV__ === false, development-level warning are OFF, performance optimizations are ON
W/unknown:ViewManagerPropertyUpdater(22307): Could not find generated setter for class com.facebook.react.views.text.ReactVirtualTextShadowNode
I/ReactNativeJS(22307): [CodePush] Checking for update.
I/ReactNativeJS(22307): [CodePush] Reporting binary update (1.0)
I/WebViewFactory(22307): Loading com.google.android.webview version 43.0.2357.121 (code 2357121)
I/LibraryLoader(22307): Time to load native libraries: 2 ms (timestamps 5319-5321)
I/LibraryLoader(22307): Expected native library version number "",actual native library version number ""
W/art     (22307): Attempt to remove local handle scope entry from IRT, ignoring
I/ReactNativeJS(22307): [CodePush] Report status failed: {"appVersion":"1.0"}
I/ReactNativeJS(22307): [CodePush] An unknown error occurred.
I/ReactNativeJS(22307): [CodePush] 400: An update check must include a valid deployment key - please check that your app has been configured correctly. To view available deployment keys, run 'code-push deployment ls <appName> -k'.
W/ResourceType(  715): No package identifier when getting value for resource number 0x00000000
W/PackageManager(  715): Failure retrieving resources for com.mnotes: Resource ID #0x0
I/ActivityManager(  549): START u0 {act=com.android.systemui.recents.SHOW_RECENTS flg=0x10804000 cmp=com.android.systemui/.recents.RecentsActivity} from uid 10142 on display 0
I/Keyboard.Facilitator(  890): onFinishInput()
W/InputMethodManagerService(  549): Starting input on non-focused client com.android.internal.view.IInputMethodClient$Stub$Proxy@23ad3218 (uid=10288 pid=22307)
W/ResourceType(  715): No package identifier when getting value for resource number 0x00000000
W/PackageManager(  715): Failure retrieving resources for com.mnotes: Resource ID #0x0
I/ActivityManager(  549): Killing 21750:org.mozilla.firefox/u0a187 (adj 15): empty #17
I/ActivityManager(  549): Killing 22307:com.mnotes/u0a288 (adj 9): remove task
I/WindowState(  549): WIN DEATH: Window{264f700b u0 com.mnotes/com.mnotes.MainActivity}
I/ActivityManager(  549): START u0 {act=android.intent.action.MAIN cat=[android.intent.category.HOME] flg=0x10200000 cmp=com.android.launcher/com.android.launcher2.Launcher} from uid 10142 on display 0
D/TaskPersister(  549): removeObsoleteFile: deleting file=51_task.xml
D/TaskPersister(  549): removeObsoleteFile: deleting file=51_task_thumbnail.png
I/Keyboard.Facilitator(  890): onFinishInput()
W/OpenGLRenderer( 1014): Incorrectly called buildLayer on View: ShortcutAndWidgetContainer, destroying layer...
W/OpenGLRenderer( 1014): Incorrectly called buildLayer on View: ShortcutAndWidgetContainer, destroying layer...
E/WifiStateMachine(  549): WifiStateMachine CMD_START_SCAN source -2 txSuccessRate=4.38 rxSuccessRate=4.76 targetRoamBSSID=any RSSI=-41
E/WifiStateMachine(  549): WifiStateMachine CMD_START_SCAN source -2 txSuccessRate=0.04 rxSuccessRate=0.88 targetRoamBSSID=any RSSI=-27
E/WifiStateMachine(  549): WifiStateMachine starting scan for "Kevin-Wireless"WPA_PSK with 2437
E/WifiStateMachine(  549): WifiStateMachine CMD_START_SCAN source -2 txSuccessRate=0.02 rxSuccessRate=4.24 targetRoamBSSID=any RSSI=-26
I/PowerManagerService(  549): Going to sleep due to screen timeout (uid 1000)...
I/PowerManagerService(  549): Sleeping (uid 1000)...
E/WifiStateMachine(  549): cancelDelayedScan -> 160
E/native  (  549): do suspend true
D/audio_hw_primary(  193): adev_set_parameters: enter: screen_state=off
I/Keyboard.Facilitator(  890): onFinishInput()
I/DisplayManagerService(  549): Display device changed: DisplayDeviceInfo{"Built-in Screen": uniqueId="local:0", 768 x 1280, 60.0 fps, supportedRefreshRates [60.0], density 320, 319.79 x 318.745 dpi, appVsyncOff 0, presDeadline 17666667, touch INTERNAL, rotation 0, type BUILT_IN, state OFF, FLAG_DEFAULT_DISPLAY, FLAG_ROTATES_WITH_CONTENT, FLAG_SECURE, FLAG_SUPPORTS_PROTECTED_BUFFERS}
V/ActivityManager(  549): Display changed displayId=0
D/SurfaceFlinger(  172): Set power mode=0, type=0 flinger=0xb85bf550
I/art     (  549): Explicit concurrent mark sweep GC freed 70515(3MB) AllocSpace objects, 2(32KB) LOS objects, 33% free, 24MB/37MB, paused 1.861ms total 225.850ms
D/SurfaceControl(  549): Excessive delay in setPowerMode(): 172ms
E/ANDR-PERF-LOCK(  200): Failed to apply optimization for resource: 4 level: 0
E/WifiStateMachine(  549): WifiStateMachine CMD_START_SCAN source -2 txSuccessRate=0.00 rxSuccessRate=0.00 targetRoamBSSID=any RSSI=-27
E/WifiStateMachine(  549): WifiStateMachine L2Connected CMD_START_SCAN source -2 159, 160 -> obsolete
W/ActivityManager(  549): Unable to start service Intent { flg=0x24 cmp=com.geeksoft.wps/com.baidu.android.pushservice.PushService (has extras) } U=0: not found
I/TWILIGHT( 3299): [13:57:21.685, main]: Service start foreground
I/TWILIGHT( 3299): [13:57:21.709, main]: Sunrise / Sunset = Tue Mar 14 05:52:00 GMT+00:00 2017 / Tue Mar 14 18:45:00 GMT+00:00 2017
I/TWILIGHT( 3299): [13:57:21.710, main]: has smart light true  false
I/TWILIGHT( 3299): [13:57:21.711, main]: Finally Update current 0 1478
D/PhoneStatusBar(  715): disable: < expand ICONS* alerts SYSTEM_INFO* back home recent clock search >
D/BluetoothAdapter(  715): 93557601: getState() :  mService = null. Returning STATE_OFF
D/BluetoothAdapter(  715): 93557601: getState() :  mService = null. Returning STATE_OFF
D/BluetoothAdapter(  715): 93557601: getState() :  mService = null. Returning STATE_OFF
D/BluetoothAdapter(  715): 93557601: getState() :  mService = null. Returning STATE_OFF
D/PhoneStatusBar(  715): disable: < expand ICONS alerts SYSTEM_INFO back HOME* RECENT* clock SEARCH* >
I/PowerManagerService(  549): Waking up from sleep (uid 1000)...
V/KeyguardServiceDelegate(  549): onScreenTurnedOn(showListener = com.android.internal.policy.impl.PhoneWindowManager$2@1af5a7bc)
I/DisplayPowerController(  549): Blocking screen on until initial contents have been drawn.
D/SurfaceFlinger(  172): Set power mode=2, type=0 flinger=0xb85bf550
I/DisplayManagerService(  549): Display device changed: DisplayDeviceInfo{"Built-in Screen": uniqueId="local:0", 768 x 1280, 60.0 fps, supportedRefreshRates [60.0], density 320, 319.79 x 318.745 dpi, appVsyncOff 0, presDeadline 17666667, touch INTERNAL, rotation 0, type BUILT_IN, state ON, FLAG_DEFAULT_DISPLAY, FLAG_ROTATES_WITH_CONTENT, FLAG_SECURE, FLAG_SUPPORTS_PROTECTED_BUFFERS}
V/ActivityManager(  549): Display changed displayId=0
E/ANDR-PERF-LOCK(  200): Failed to reset optimization for resource: 4 level: 0
E/WifiStateMachine(  549): cancelDelayedScan -> 161
D/audio_hw_primary(  193): adev_set_parameters: enter: screen_state=on
E/native  (  549): do suspend false
V/KeyguardServiceDelegate(  549): **** SHOWN CALLED ****
I/DisplayPowerController(  549): Unblocked screen on after 129 ms
I/TWILIGHT( 3299): [13:57:42.106, main]: Sunrise / Sunset = Tue Mar 14 05:52:00 GMT+00:00 2017 / Tue Mar 14 18:45:00 GMT+00:00 2017
I/TWILIGHT( 3299): [13:57:42.107, main]: has smart light true  false
I/TWILIGHT( 3299): [13:57:42.107, main]: Finally Update current 0 1478
E/WifiStateMachine(  549): WifiStateMachine CMD_START_SCAN source -2 txSuccessRate=0.00 rxSuccessRate=0.00 targetRoamBSSID=any RSSI=-29
D/PhoneStatusBar(  715): disable: < expand ICONS alerts SYSTEM_INFO back HOME RECENT clock SEARCH >
D/PhoneStatusBar(  715): disable: < expand ICONS alerts SYSTEM_INFO back HOME RECENT clock SEARCH >
D/PhoneStatusBar(  715): disable: < expand ICONS alerts SYSTEM_INFO back HOME RECENT clock SEARCH >
D/BluetoothAdapter(  715): 93557601: getState() :  mService = null. Returning STATE_OFF
D/BluetoothAdapter(  715): 93557601: getState() :  mService = null. Returning STATE_OFF
D/PhoneStatusBar(  715): disable: < expand icons* alerts system_info* back HOME RECENT clock SEARCH >
W/ActivityManager(  549): getTasks: caller 10073 does not hold REAL_GET_TASKS; limiting output
W/InputMethodManagerService(  549): Window already focused, ignoring focus gain of: com.android.internal.view.IInputMethodClient$Stub$Proxy@33806da7 attribute=android.view.inputmethod.EditorInfo@541c254, token = android.os.BinderProxy@12ff1744
D/PhoneStatusBar(  715): disable: < expand icons alerts system_info back home* recent* clock search* >
I/Keyboard.Facilitator(  890): onFinishInput()
I/CryptAuthSync( 1417): [DeviceStateSyncManager] Device state fast sync is disabled
I/DeviceCache( 1417): Unable to convert the the network interface's MAC Address to string. MAC address cannot be null.
I/DeviceCache( 1417): Unable to convert the the network interface's MAC Address to string. MAC address cannot be null.
I/DeviceCache( 1417): Unable to convert the the network interface's MAC Address to string. MAC address cannot be null.
I/DeviceCache( 1417): Unable to convert the the network interface's MAC Address to string. MAC address cannot be null.
I/DeviceCache( 1417): Unable to convert the the network interface's MAC Address to string. MAC address cannot be null.
I/DeviceCache( 1417): Unable to convert the the network interface's MAC Address to string. MAC address cannot be null.
W/BroadcastQueue(  549): Permission Denial: broadcasting Intent { act=android.intent.action.USER_PRESENT flg=0x24000010 } from com.android.systemui (pid=715, uid=10142) is not exported from uid 10194 due to receiver com.geeksoft.wps/cn.jpush.android.service.PushReceiver
I/ActivityManager(  549): START u0 {act=com.android.systemui.recents.SHOW_RECENTS flg=0x10804000 cmp=com.android.systemui/.recents.RecentsActivity} from uid 10142 on display 0
I/Keyboard.Facilitator(  890): onFinishInput()
I/ActivityManager(  549): START u0 {act=android.intent.action.MAIN cat=[android.intent.category.HOME] flg=0x10200000 cmp=com.android.launcher/com.android.launcher2.Launcher} from uid 10142 on display 0
I/Keyboard.Facilitator(  890): onFinishInput()
W/OpenGLRenderer( 1014): Incorrectly called buildLayer on View: ShortcutAndWidgetContainer, destroying layer...
W/OpenGLRenderer( 1014): Incorrectly called buildLayer on View: ShortcutAndWidgetContainer, destroying layer...
E/WifiStateMachine(  549): WifiStateMachine CMD_START_SCAN source -2 txSuccessRate=0.00 rxSuccessRate=1.36 targetRoamBSSID=any RSSI=-28
E/WifiStateMachine(  549): WifiStateMachine starting scan for "Kevin-Wireless"WPA_PSK with 2437
I/PlayCommon(21617): [1663] com.google.android.play.a.g.e(940): Preparing logs for uploading
I/PlayCommon(21617): [1663] com.google.android.play.a.g.a(1043): Connecting to server: https://play.googleapis.com/play/log?format=raw&proto_v2=true
I/PlayCommon(21617): [1663] com.google.android.play.a.g.a(1121): Successfully uploaded logs.
I/PlayCommon(21617): [1688] com.google.android.play.a.g.e(940): Preparing logs for uploading
I/PlayCommon(21617): [1688] com.google.android.play.a.g.e(942): No file ready to send
E/WifiStateMachine(  549): WifiStateMachine CMD_START_SCAN source -2 txSuccessRate=1.88 rxSuccessRate=5.20 targetRoamBSSID=any RSSI=-25
D/android.widget.GridLayout( 1014): horizontal constraints: x1-x0>=350, x2-x1>=390, x2-x0<=736 are inconsistent; permanently removing: x2-x0<=736. 
I/Keyboard.Facilitator(  890): onFinishInput()
I/ActivityManager(  549): START u0 {act=android.intent.action.MAIN cat=[android.intent.category.LAUNCHER] flg=0x10200000 cmp=com.mnotes/.MainActivity (has extras)} from uid 10035 on display 0
V/WindowManager(  549): addAppToken: AppWindowToken{39dc4511 token=Token{3b0e8138 ActivityRecord{b47099b u0 com.mnotes/.MainActivity t52}}} to stack=1 task=52 at 0
V/WindowManager(  549): Adding window Window{21e43f50 u0 Starting com.mnotes} at 3 of 8 (after Window{124bd02d u0 com.android.launcher/com.android.launcher2.Launcher})
I/ActivityManager(  549): Start proc 22591:com.mnotes/u0a288 for activity com.mnotes/.MainActivity
V/fb-UnpackingSoSource(22591): locked dso store /data/data/com.mnotes/lib-main
I/fb-UnpackingSoSource(22591): dso store is up-to-date: /data/data/com.mnotes/lib-main
V/fb-UnpackingSoSource(22591): releasing dso store lock for /data/data/com.mnotes/lib-main
D/ReactNative(22591): [CodePush] Loading JS bundle from "assets://index.android.bundle"
I/art     (22591): Thread[1,tid=22591,WaitingForJniOnLoad,Thread*=0xb8d54408,peer=0x744f0000,"main"] recursive attempt to load library "/data/app/com.mnotes-1/lib/arm/libfb.so"
D/OpenGLRenderer(22591): Use EGL_SWAP_BEHAVIOR_PRESERVED: true
D/Atlas   (22591): Validating map...
V/WindowManager(  549): Adding window Window{142c2d05 u0 com.mnotes/com.mnotes.MainActivity} at 3 of 9 (before Window{21e43f50 u0 Starting com.mnotes})
W/unknown:ViewManagerPropertyUpdater(22591): Could not find generated setter for class com.facebook.react.views.art.ARTGroupViewManager
W/unknown:ViewManagerPropertyUpdater(22591): Could not find generated setter for class com.facebook.react.views.art.ARTGroupShadowNode
I/Adreno-EGL(22591): <qeglDrvAPI_eglInitialize:379>: QUALCOMM Build: 01/15/15, ab0075f, Id3510ff6dc
I/OpenGLRenderer(22591): Initialized EGL, version 1.4
W/unknown:ViewManagerPropertyUpdater(22591): Could not find generated setter for class com.facebook.react.views.art.ARTShapeViewManager
W/unknown:ViewManagerPropertyUpdater(22591): Could not find generated setter for class com.facebook.react.views.art.ARTShapeShadowNode
W/unknown:ViewManagerPropertyUpdater(22591): Could not find generated setter for class com.facebook.react.views.art.ARTTextViewManager
W/unknown:ViewManagerPropertyUpdater(22591): Could not find generated setter for class com.facebook.react.views.art.ARTTextShadowNode
W/unknown:ViewManagerPropertyUpdater(22591): Could not find generated setter for class com.facebook.react.views.art.ARTSurfaceViewManager
W/unknown:ViewManagerPropertyUpdater(22591): Could not find generated setter for class com.facebook.react.views.art.ARTSurfaceViewShadowNode
D/OpenGLRenderer(22591): Enabling debug mode 0
W/unknown:ViewManagerPropertyUpdater(22591): Could not find generated setter for class com.facebook.react.views.picker.ReactDialogPickerManager
W/unknown:ViewManagerPropertyUpdater(22591): Could not find generated setter for class com.facebook.react.uimanager.LayoutShadowNode
W/unknown:ViewManagerPropertyUpdater(22591): Could not find generated setter for class com.facebook.react.views.drawer.ReactDrawerLayoutManager
I/Keyboard.Facilitator(  890): onFinishInput()
W/unknown:ViewManagerPropertyUpdater(22591): Could not find generated setter for class com.facebook.react.views.picker.ReactDropdownPickerManager
W/unknown:ViewManagerPropertyUpdater(22591): Could not find generated setter for class com.facebook.react.views.scroll.ReactHorizontalScrollViewManager
W/unknown:ViewManagerPropertyUpdater(22591): Could not find generated setter for class com.facebook.react.views.image.ReactImageManager
W/unknown:ViewManagerPropertyUpdater(22591): Could not find generated setter for class com.facebook.react.views.modal.ReactModalHostManager
I/ActivityManager(  549): Displayed com.mnotes/.MainActivity: +408ms
W/unknown:ViewManagerPropertyUpdater(22591): Could not find generated setter for class com.facebook.react.views.modal.ModalHostShadowNode
W/unknown:ViewManagerPropertyUpdater(22591): Could not find generated setter for class com.facebook.react.views.progressbar.ReactProgressBarViewManager
W/unknown:ViewManagerPropertyUpdater(22591): Could not find generated setter for class com.facebook.react.views.progressbar.ProgressBarShadowNode
W/unknown:ViewManagerPropertyUpdater(22591): Could not find generated setter for class com.facebook.react.views.text.ReactRawTextManager
W/unknown:ViewManagerPropertyUpdater(22591): Could not find generated setter for class com.facebook.react.views.text.ReactTextShadowNode
W/unknown:ViewManagerPropertyUpdater(22591): Could not find generated setter for class com.facebook.react.views.scroll.ReactScrollViewManager
W/unknown:ViewManagerPropertyUpdater(22591): Could not find generated setter for class com.facebook.react.views.slider.ReactSliderManager
W/unknown:ViewManagerPropertyUpdater(22591): Could not find generated setter for class com.facebook.react.views.slider.ReactSliderManager$ReactSliderShadowNode
W/unknown:ViewManagerPropertyUpdater(22591): Could not find generated setter for class com.facebook.react.views.switchview.ReactSwitchManager
W/unknown:ViewManagerPropertyUpdater(22591): Could not find generated setter for class com.facebook.react.views.switchview.ReactSwitchManager$ReactSwitchShadowNode
W/unknown:ViewManagerPropertyUpdater(22591): Could not find generated setter for class com.facebook.react.views.text.frescosupport.FrescoBasedReactTextInlineImageViewManager
W/unknown:ViewManagerPropertyUpdater(22591): Could not find generated setter for class com.facebook.react.views.text.frescosupport.FrescoBasedReactTextInlineImageShadowNode
W/unknown:ViewManagerPropertyUpdater(22591): Could not find generated setter for class com.facebook.react.views.textinput.ReactTextInputManager
W/unknown:ViewManagerPropertyUpdater(22591): Could not find generated setter for class com.facebook.react.views.textinput.ReactTextInputShadowNode
W/unknown:ViewManagerPropertyUpdater(22591): Could not find generated setter for class com.facebook.react.views.text.ReactTextViewManager
W/unknown:ViewManagerPropertyUpdater(22591): Could not find generated setter for class com.facebook.react.views.toolbar.ReactToolbarManager
W/unknown:ViewManagerPropertyUpdater(22591): Could not find generated setter for class com.facebook.react.views.view.ReactViewManager
W/unknown:ViewManagerPropertyUpdater(22591): Could not find generated setter for class com.facebook.react.views.viewpager.ReactViewPagerManager
W/unknown:ViewManagerPropertyUpdater(22591): Could not find generated setter for class com.facebook.react.views.text.ReactVirtualTextViewManager
W/unknown:ViewManagerPropertyUpdater(22591): Could not find generated setter for class com.facebook.react.views.webview.ReactWebViewManager
W/unknown:ViewManagerPropertyUpdater(22591): Could not find generated setter for class com.facebook.react.views.swiperefresh.SwipeRefreshLayoutManager
I/ReactNativeJS(22591): Running application "mnotes" with appParams: {"initialProps":{},"rootTag":1}. __DEV__ === false, development-level warning are OFF, performance optimizations are ON
W/unknown:ViewManagerPropertyUpdater(22591): Could not find generated setter for class com.facebook.react.views.text.ReactVirtualTextShadowNode
I/ReactNativeJS(22591): [CodePush] Checking for update.
I/ReactNativeJS(22591): [CodePush] Reporting binary update (1.0)
I/WebViewFactory(22591): Loading com.google.android.webview version 43.0.2357.121 (code 2357121)
I/LibraryLoader(22591): Time to load native libraries: 2 ms (timestamps 104-106)
I/LibraryLoader(22591): Expected native library version number "",actual native library version number ""
W/art     (22591): Attempt to remove local handle scope entry from IRT, ignoring
I/ReactNativeJS(22591): [CodePush] An unknown error occurred.
I/ReactNativeJS(22591): [CodePush] 400: An update check must include a valid deployment key - please check that your app has been configured correctly. To view available deployment keys, run 'code-push deployment ls <appName> -k'.
I/ReactNativeJS(22591): [CodePush] Report status failed: {"appVersion":"1.0"}
E/WifiStateMachine(  549): WifiStateMachine CMD_START_SCAN source -2 txSuccessRate=5.03 rxSuccessRate=5.83 targetRoamBSSID=any RSSI=-35
E/WifiStateMachine(  549): WifiStateMachine starting scan for "Kevin-Wireless"WPA_PSK with 2437
W/ResourceType(  715): No package identifier when getting value for resource number 0x00000000
W/PackageManager(  715): Failure retrieving resources for com.mnotes: Resource ID #0x0
I/ActivityManager(  549): START u0 {act=com.android.systemui.recents.SHOW_RECENTS flg=0x10804000 cmp=com.android.systemui/.recents.RecentsActivity} from uid 10142 on display 0
I/Keyboard.Facilitator(  890): onFinishInput()
I/ActivityManager(  549): Killing 22591:com.mnotes/u0a288 (adj 9): remove task
I/WindowState(  549): WIN DEATH: Window{142c2d05 u0 com.mnotes/com.mnotes.MainActivity}
I/ActivityManager(  549): START u0 {act=android.intent.action.MAIN cat=[android.intent.category.HOME] flg=0x10200000 cmp=com.android.launcher/com.android.launcher2.Launcher} from uid 10142 on display 0
D/TaskPersister(  549): removeObsoleteFile: deleting file=52_task.xml
D/TaskPersister(  549): removeObsoleteFile: deleting file=52_task_thumbnail.png
I/Keyboard.Facilitator(  890): onFinishInput()
W/OpenGLRenderer( 1014): Incorrectly called buildLayer on View: ShortcutAndWidgetContainer, destroying layer...
W/OpenGLRenderer( 1014): Incorrectly called buildLayer on View: ShortcutAndWidgetContainer, destroying layer...
D/android.widget.GridLayout( 1014): horizontal constraints: x1-x0>=350, x2-x1>=390, x2-x0<=736 are inconsistent; permanently removing: x2-x0<=736. 
I/Keyboard.Facilitator(  890): onFinishInput()
I/ActivityManager(  549): START u0 {act=android.intent.action.MAIN cat=[android.intent.category.LAUNCHER] flg=0x10200000 cmp=com.mnotes/.MainActivity (has extras)} from uid 10035 on display 0
V/WindowManager(  549): addAppToken: AppWindowToken{259d9ff1 token=Token{28a2fb98 ActivityRecord{291717b u0 com.mnotes/.MainActivity t53}}} to stack=1 task=53 at 0
V/WindowManager(  549): Adding window Window{1d81a5b0 u0 Starting com.mnotes} at 3 of 8 (after Window{124bd02d u0 com.android.launcher/com.android.launcher2.Launcher})
I/ActivityManager(  549): Start proc 22685:com.mnotes/u0a288 for activity com.mnotes/.MainActivity
V/fb-UnpackingSoSource(22685): locked dso store /data/data/com.mnotes/lib-main
I/fb-UnpackingSoSource(22685): dso store is up-to-date: /data/data/com.mnotes/lib-main
V/fb-UnpackingSoSource(22685): releasing dso store lock for /data/data/com.mnotes/lib-main
D/ReactNative(22685): [CodePush] Loading JS bundle from "assets://index.android.bundle"
I/art     (22685): Thread[1,tid=22685,WaitingForJniOnLoad,Thread*=0xb8d54408,peer=0x744f0000,"main"] recursive attempt to load library "/data/app/com.mnotes-1/lib/arm/libfb.so"
D/OpenGLRenderer(22685): Use EGL_SWAP_BEHAVIOR_PRESERVED: true
D/Atlas   (22685): Validating map...
V/WindowManager(  549): Adding window Window{fd891e5 u0 com.mnotes/com.mnotes.MainActivity} at 3 of 9 (before Window{1d81a5b0 u0 Starting com.mnotes})
W/unknown:ViewManagerPropertyUpdater(22685): Could not find generated setter for class com.facebook.react.views.art.ARTGroupViewManager
W/unknown:ViewManagerPropertyUpdater(22685): Could not find generated setter for class com.facebook.react.views.art.ARTGroupShadowNode
I/Adreno-EGL(22685): <qeglDrvAPI_eglInitialize:379>: QUALCOMM Build: 01/15/15, ab0075f, Id3510ff6dc
I/OpenGLRenderer(22685): Initialized EGL, version 1.4
W/unknown:ViewManagerPropertyUpdater(22685): Could not find generated setter for class com.facebook.react.views.art.ARTShapeViewManager
W/unknown:ViewManagerPropertyUpdater(22685): Could not find generated setter for class com.facebook.react.views.art.ARTShapeShadowNode
W/unknown:ViewManagerPropertyUpdater(22685): Could not find generated setter for class com.facebook.react.views.art.ARTTextViewManager
W/unknown:ViewManagerPropertyUpdater(22685): Could not find generated setter for class com.facebook.react.views.art.ARTTextShadowNode
W/unknown:ViewManagerPropertyUpdater(22685): Could not find generated setter for class com.facebook.react.views.art.ARTSurfaceViewManager
D/OpenGLRenderer(22685): Enabling debug mode 0
W/unknown:ViewManagerPropertyUpdater(22685): Could not find generated setter for class com.facebook.react.views.art.ARTSurfaceViewShadowNode
W/unknown:ViewManagerPropertyUpdater(22685): Could not find generated setter for class com.facebook.react.views.picker.ReactDialogPickerManager
W/unknown:ViewManagerPropertyUpdater(22685): Could not find generated setter for class com.facebook.react.uimanager.LayoutShadowNode
W/unknown:ViewManagerPropertyUpdater(22685): Could not find generated setter for class com.facebook.react.views.drawer.ReactDrawerLayoutManager
W/unknown:ViewManagerPropertyUpdater(22685): Could not find generated setter for class com.facebook.react.views.picker.ReactDropdownPickerManager
W/unknown:ViewManagerPropertyUpdater(22685): Could not find generated setter for class com.facebook.react.views.scroll.ReactHorizontalScrollViewManager
W/unknown:ViewManagerPropertyUpdater(22685): Could not find generated setter for class com.facebook.react.views.image.ReactImageManager
W/unknown:ViewManagerPropertyUpdater(22685): Could not find generated setter for class com.facebook.react.views.modal.ReactModalHostManager
W/unknown:ViewManagerPropertyUpdater(22685): Could not find generated setter for class com.facebook.react.views.modal.ModalHostShadowNode
W/unknown:ViewManagerPropertyUpdater(22685): Could not find generated setter for class com.facebook.react.views.progressbar.ReactProgressBarViewManager
W/unknown:ViewManagerPropertyUpdater(22685): Could not find generated setter for class com.facebook.react.views.progressbar.ProgressBarShadowNode
I/Keyboard.Facilitator(  890): onFinishInput()
W/unknown:ViewManagerPropertyUpdater(22685): Could not find generated setter for class com.facebook.react.views.text.ReactRawTextManager
I/ActivityManager(  549): Displayed com.mnotes/.MainActivity: +438ms
W/unknown:ViewManagerPropertyUpdater(22685): Could not find generated setter for class com.facebook.react.views.text.ReactTextShadowNode
W/unknown:ViewManagerPropertyUpdater(22685): Could not find generated setter for class com.facebook.react.views.scroll.ReactScrollViewManager
W/unknown:ViewManagerPropertyUpdater(22685): Could not find generated setter for class com.facebook.react.views.slider.ReactSliderManager
W/unknown:ViewManagerPropertyUpdater(22685): Could not find generated setter for class com.facebook.react.views.slider.ReactSliderManager$ReactSliderShadowNode
W/unknown:ViewManagerPropertyUpdater(22685): Could not find generated setter for class com.facebook.react.views.switchview.ReactSwitchManager
W/unknown:ViewManagerPropertyUpdater(22685): Could not find generated setter for class com.facebook.react.views.switchview.ReactSwitchManager$ReactSwitchShadowNode
W/unknown:ViewManagerPropertyUpdater(22685): Could not find generated setter for class com.facebook.react.views.text.frescosupport.FrescoBasedReactTextInlineImageViewManager
W/unknown:ViewManagerPropertyUpdater(22685): Could not find generated setter for class com.facebook.react.views.text.frescosupport.FrescoBasedReactTextInlineImageShadowNode
W/unknown:ViewManagerPropertyUpdater(22685): Could not find generated setter for class com.facebook.react.views.textinput.ReactTextInputManager
W/unknown:ViewManagerPropertyUpdater(22685): Could not find generated setter for class com.facebook.react.views.textinput.ReactTextInputShadowNode
W/unknown:ViewManagerPropertyUpdater(22685): Could not find generated setter for class com.facebook.react.views.text.ReactTextViewManager
W/unknown:ViewManagerPropertyUpdater(22685): Could not find generated setter for class com.facebook.react.views.toolbar.ReactToolbarManager
W/unknown:ViewManagerPropertyUpdater(22685): Could not find generated setter for class com.facebook.react.views.view.ReactViewManager
W/unknown:ViewManagerPropertyUpdater(22685): Could not find generated setter for class com.facebook.react.views.viewpager.ReactViewPagerManager
W/unknown:ViewManagerPropertyUpdater(22685): Could not find generated setter for class com.facebook.react.views.text.ReactVirtualTextViewManager
W/unknown:ViewManagerPropertyUpdater(22685): Could not find generated setter for class com.facebook.react.views.webview.ReactWebViewManager
W/unknown:ViewManagerPropertyUpdater(22685): Could not find generated setter for class com.facebook.react.views.swiperefresh.SwipeRefreshLayoutManager
I/ReactNativeJS(22685): Running application "mnotes" with appParams: {"initialProps":{},"rootTag":1}. __DEV__ === false, development-level warning are OFF, performance optimizations are ON
W/unknown:ViewManagerPropertyUpdater(22685): Could not find generated setter for class com.facebook.react.views.text.ReactVirtualTextShadowNode
I/ReactNativeJS(22685): [CodePush] Checking for update.
I/ReactNativeJS(22685): [CodePush] Reporting binary update (1.0)
I/WebViewFactory(22685): Loading com.google.android.webview version 43.0.2357.121 (code 2357121)
I/LibraryLoader(22685): Time to load native libraries: 1 ms (timestamps 3068-3069)
I/LibraryLoader(22685): Expected native library version number "",actual native library version number ""
W/art     (22685): Attempt to remove local handle scope entry from IRT, ignoring
I/ReactNativeJS(22685): [CodePush] An unknown error occurred.
I/ReactNativeJS(22685): [CodePush] 400: An update check must include a valid deployment key - please check that your app has been configured correctly. To view available deployment keys, run 'code-push deployment ls <appName> -k'.
I/ReactNativeJS(22685): [CodePush] Report status failed: {"appVersion":"1.0"}
W/ResourceType(  715): No package identifier when getting value for resource number 0x00000000
W/PackageManager(  715): Failure retrieving resources for com.mnotes: Resource ID #0x0
I/ActivityManager(  549): START u0 {act=com.android.systemui.recents.SHOW_RECENTS flg=0x10804000 cmp=com.android.systemui/.recents.RecentsActivity} from uid 10142 on display 0
I/Keyboard.Facilitator(  890): onFinishInput()
I/ActivityManager(  549): Killing 22685:com.mnotes/u0a288 (adj 9): remove task
I/WindowState(  549): WIN DEATH: Window{fd891e5 u0 com.mnotes/com.mnotes.MainActivity}
I/ActivityManager(  549): START u0 {act=android.intent.action.MAIN cat=[android.intent.category.HOME] flg=0x10200000 cmp=com.android.launcher/com.android.launcher2.Launcher} from uid 10142 on display 0
D/TaskPersister(  549): removeObsoleteFile: deleting file=53_task.xml
D/TaskPersister(  549): removeObsoleteFile: deleting file=53_task_thumbnail.png
I/Keyboard.Facilitator(  890): onFinishInput()
W/OpenGLRenderer( 1014): Incorrectly called buildLayer on View: ShortcutAndWidgetContainer, destroying layer...
W/OpenGLRenderer( 1014): Incorrectly called buildLayer on View: ShortcutAndWidgetContainer, destroying layer...
E/WifiStateMachine(  549): WifiStateMachine CMD_START_SCAN source -2 txSuccessRate=1.36 rxSuccessRate=4.48 targetRoamBSSID=any RSSI=-39
E/WifiStateMachine(  549): WifiStateMachine starting scan for "Kevin-Wireless"WPA_PSK with 2437
I/UsageStatsService(  549): User[0] Flushing usage stats to disk
E/WifiStateMachine(  549): WifiStateMachine CMD_START_SCAN source -2 txSuccessRate=0.89 rxSuccessRate=3.64 targetRoamBSSID=any RSSI=-27
E/WifiStateMachine(  549): WifiStateMachine CMD_START_SCAN source -2 txSuccessRate=1.00 rxSuccessRate=2.36 targetRoamBSSID=any RSSI=-27
E/WifiStateMachine(  549): WifiStateMachine starting scan for "Kevin-Wireless"WPA_PSK with 2437
I/PowerManagerService(  549): Going to sleep due to screen timeout (uid 1000)...
I/PowerManagerService(  549): Sleeping (uid 1000)...
E/WifiStateMachine(  549): cancelDelayedScan -> 170
E/native  (  549): do suspend true
D/audio_hw_primary(  193): adev_set_parameters: enter: screen_state=off
I/Keyboard.Facilitator(  890): onFinishInput()
I/DisplayManagerService(  549): Display device changed: DisplayDeviceInfo{"Built-in Screen": uniqueId="local:0", 768 x 1280, 60.0 fps, supportedRefreshRates [60.0], density 320, 319.79 x 318.745 dpi, appVsyncOff 0, presDeadline 17666667, touch INTERNAL, rotation 0, type BUILT_IN, state OFF, FLAG_DEFAULT_DISPLAY, FLAG_ROTATES_WITH_CONTENT, FLAG_SECURE, FLAG_SUPPORTS_PROTECTED_BUFFERS}
V/ActivityManager(  549): Display changed displayId=0
D/SurfaceFlinger(  172): Set power mode=0, type=0 flinger=0xb85bf550
D/SurfaceControl(  549): Excessive delay in setPowerMode(): 168ms
E/ANDR-PERF-LOCK(  200): Failed to apply optimization for resource: 4 level: 0
E/WifiStateMachine(  549): WifiStateMachine CMD_START_SCAN source -2 txSuccessRate=0.00 rxSuccessRate=0.00 targetRoamBSSID=any RSSI=-33
E/WifiStateMachine(  549): WifiStateMachine L2Connected CMD_START_SCAN source -2 169, 170 -> obsolete
W/ActivityManager(  549): Unable to start service Intent { flg=0x24 cmp=com.geeksoft.wps/com.baidu.android.pushservice.PushService (has extras) } U=0: not found
I/ActivityManager(  549): Start proc 22845:com.google.android.deskclock/u0a14 for broadcast com.google.android.deskclock/com.android.alarmclock.DigitalAppWidgetProvider
D/PhoneStatusBar(  715): disable: < expand ICONS* alerts SYSTEM_INFO* back home recent clock search >
D/BluetoothAdapter(  715): 93557601: getState() :  mService = null. Returning STATE_OFF
D/BluetoothAdapter(  715): 93557601: getState() :  mService = null. Returning STATE_OFF
D/BluetoothAdapter(  715): 93557601: getState() :  mService = null. Returning STATE_OFF
D/BluetoothAdapter(  715): 93557601: getState() :  mService = null. Returning STATE_OFF
I/GAv4    (22845): Google Analytics 7.8.95 is starting up. To enable debug logging on a device run:
I/GAv4    (22845):   adb shell setprop log.tag.GAv4 DEBUG
I/GAv4    (22845):   adb logcat -s GAv4
D/PhoneStatusBar(  715): disable: < expand ICONS alerts SYSTEM_INFO back HOME* RECENT* clock SEARCH* >
W/GAv4    (22845): AnalyticsReceiver is not registered or is disabled. Register the receiver for reliable dispatching on non-Google Play devices. See http://goo.gl/8Rd3yj for instructions.
W/ActivityManager(  549): getRunningAppProcesses: caller 10014 does not hold REAL_GET_TASKS; limiting output
W/GAv4    (22845): CampaignTrackingReceiver is not registered, not exported or is disabled. Installation campaign tracking is not possible. See http://goo.gl/8Rd3yj for instructions.
